Oct 24 23:52:33 ip-10-0-0-41 kernel: imklog 5.8.10, log source = /proc/kmsg started.
Oct 24 23:52:33 ip-10-0-0-41 rsyslogd: [origin software="rsyslogd" swVersion="5.8.10" x-pid="2304" x-info="http://www.rsyslog.com"] start
Oct 24 23:52:33 ip-10-0-0-41 kernel: [    0.000000] Linux version 4.9.51-10.52.amzn1.x86_64 (mockbuild@gobi-build-64010) (gcc version 4.8.5 20150623 (Red Hat 4.8.5-11) (GCC) ) #1 SMP Fri Sep 29 01:16:19 UTC 2017
Oct 24 23:52:33 ip-10-0-0-41 kernel: [    0.000000] Command line: root=LABEL=/ console=tty1 console=ttyS0 selinux=0
Oct 24 23:52:33 ip-10-0-0-41 kernel: [    0.000000] x86/fpu: Supporting XSAVE feature 0x001: 'x87 floating point registers'
Oct 24 23:52:33 ip-10-0-0-41 kernel: [    0.000000] x86/fpu: Supporting XSAVE feature 0x002: 'SSE registers'
Oct 24 23:52:33 ip-10-0-0-41 kernel: [    0.000000] x86/fpu: Supporting XSAVE feature 0x004: 'AVX registers'
Oct 24 23:52:33 ip-10-0-0-41 kernel: [    0.000000] x86/fpu: xstate_offset[2]:  576, xstate_sizes[2]:  256
Oct 24 23:52:33 ip-10-0-0-41 kernel: [    0.000000] x86/fpu: Enabled xstate features 0x7, context size is 832 bytes, using 'standard' format.
Oct 24 23:52:33 ip-10-0-0-41 kernel: [    0.000000] x86/fpu: Using 'eager' FPU context switches.
Oct 24 23:52:33 ip-10-0-0-41 kernel: [    0.000000] e820: BIOS-provided physical RAM map:
Oct 24 23:52:33 ip-10-0-0-41 kernel: [    0.000000] BIOS-e820: [mem 0x0000000000000000-0x000000000009dfff] usable
Oct 24 23:52:33 ip-10-0-0-41 kernel: [    0.000000] BIOS-e820: [mem 0x000000000009e000-0x000000000009ffff] reserved
Oct 24 23:52:33 ip-10-0-0-41 kernel: [    0.000000] BIOS-e820: [mem 0x00000000000e0000-0x00000000000fffff] reserved
Oct 24 23:52:33 ip-10-0-0-41 kernel: [    0.000000] BIOS-e820: [mem 0x0000000000100000-0x000000003fffffff] usable
Oct 24 23:52:33 ip-10-0-0-41 kernel: [    0.000000] BIOS-e820: [mem 0x00000000fc000000-0x00000000ffffffff] reserved
Oct 24 23:52:33 ip-10-0-0-41 kernel: [    0.000000] NX (Execute Disable) protection: active
Oct 24 23:52:33 ip-10-0-0-41 kernel: [    0.000000] SMBIOS 2.7 present.
Oct 24 23:52:33 ip-10-0-0-41 kernel: [    0.000000] Hypervisor detected: Xen
Oct 24 23:52:33 ip-10-0-0-41 kernel: [    0.000000] Xen version 4.2.
Oct 24 23:52:33 ip-10-0-0-41 kernel: [    0.000000] Netfront and the Xen platform PCI driver have been compiled for this kernel: unplug emulated NICs.
Oct 24 23:52:33 ip-10-0-0-41 kernel: [    0.000000] Blkfront and the Xen platform PCI driver have been compiled for this kernel: unplug emulated disks.
Oct 24 23:52:33 ip-10-0-0-41 kernel: [    0.000000] You might have to change the root device
Oct 24 23:52:33 ip-10-0-0-41 kernel: [    0.000000] from /dev/hd[a-d] to /dev/xvd[a-d]
Oct 24 23:52:33 ip-10-0-0-41 kernel: [    0.000000] in your root= kernel command line option
Oct 24 23:52:33 ip-10-0-0-41 kernel: [    0.000000] e820: last_pfn = 0x40000 max_arch_pfn = 0x400000000
Oct 24 23:52:33 ip-10-0-0-41 kernel: [    0.000000] x86/PAT: Configuration [0-7]: WB  WC  UC- UC  WB  WC  UC- WT  
Oct 24 23:52:33 ip-10-0-0-41 kernel: [    0.000000] found SMP MP-table at [mem 0x000fbc20-0x000fbc2f] mapped at [ffff8800000fbc20]
Oct 24 23:52:33 ip-10-0-0-41 kernel: [    0.000000] RAMDISK: [mem 0x371ef000-0x37feffff]
Oct 24 23:52:33 ip-10-0-0-41 kernel: [    0.000000] ACPI: Early table checksum verification disabled
Oct 24 23:52:33 ip-10-0-0-41 kernel: [    0.000000] ACPI: RSDP 0x00000000000EA020 000024 (v02 Xen   )
Oct 24 23:52:33 ip-10-0-0-41 kernel: [    0.000000] ACPI: XSDT 0x00000000FC00DDC0 000054 (v01 Xen    HVM      00000000 HVML 00000000)
Oct 24 23:52:33 ip-10-0-0-41 kernel: [    0.000000] ACPI: FACP 0x00000000FC00DA80 0000F4 (v04 Xen    HVM      00000000 HVML 00000000)
Oct 24 23:52:33 ip-10-0-0-41 kernel: [    0.000000] ACPI: DSDT 0x00000000FC001CE0 00BD19 (v02 Xen    HVM      00000000 INTL 20090123)
Oct 24 23:52:33 ip-10-0-0-41 kernel: [    0.000000] ACPI: FACS 0x00000000FC001CA0 000040
Oct 24 23:52:33 ip-10-0-0-41 kernel: [    0.000000] ACPI: FACS 0x00000000FC001CA0 000040
Oct 24 23:52:33 ip-10-0-0-41 kernel: [    0.000000] ACPI: APIC 0x00000000FC00DB80 0000D8 (v02 Xen    HVM      00000000 HVML 00000000)
Oct 24 23:52:33 ip-10-0-0-41 kernel: [    0.000000] ACPI: HPET 0x00000000FC00DCD0 000038 (v01 Xen    HVM      00000000 HVML 00000000)
Oct 24 23:52:33 ip-10-0-0-41 kernel: [    0.000000] ACPI: WAET 0x00000000FC00DD10 000028 (v01 Xen    HVM      00000000 HVML 00000000)
Oct 24 23:52:33 ip-10-0-0-41 kernel: [    0.000000] ACPI: SSDT 0x00000000FC00DD40 000031 (v02 Xen    HVM      00000000 INTL 20090123)
Oct 24 23:52:33 ip-10-0-0-41 kernel: [    0.000000] ACPI: SSDT 0x00000000FC00DD80 000031 (v02 Xen    HVM      00000000 INTL 20090123)
Oct 24 23:52:33 ip-10-0-0-41 kernel: [    0.000000] No NUMA configuration found
Oct 24 23:52:33 ip-10-0-0-41 kernel: [    0.000000] Faking a node at [mem 0x0000000000000000-0x000000003fffffff]
Oct 24 23:52:33 ip-10-0-0-41 kernel: [    0.000000] NODE_DATA(0) allocated [mem 0x3ffde000-0x3fffffff]
Oct 24 23:52:33 ip-10-0-0-41 kernel: [    0.000000] Zone ranges:
Oct 24 23:52:33 ip-10-0-0-41 kernel: [    0.000000]   DMA      [mem 0x0000000000001000-0x0000000000ffffff]
Oct 24 23:52:33 ip-10-0-0-41 kernel: [    0.000000]   DMA32    [mem 0x0000000001000000-0x000000003fffffff]
Oct 24 23:52:33 ip-10-0-0-41 kernel: [    0.000000]   Normal   empty
Oct 24 23:52:33 ip-10-0-0-41 kernel: [    0.000000] Movable zone start for each node
Oct 24 23:52:33 ip-10-0-0-41 kernel: [    0.000000] Early memory node ranges
Oct 24 23:52:33 ip-10-0-0-41 kernel: [    0.000000]   node   0: [mem 0x0000000000001000-0x000000000009dfff]
Oct 24 23:52:33 ip-10-0-0-41 kernel: [    0.000000]   node   0: [mem 0x0000000000100000-0x000000003fffffff]
Oct 24 23:52:33 ip-10-0-0-41 kernel: [    0.000000] Initmem setup node 0 [mem 0x0000000000001000-0x000000003fffffff]
Oct 24 23:52:33 ip-10-0-0-41 kernel: [    0.000000] ACPI: PM-Timer IO Port: 0xb008
Oct 24 23:52:33 ip-10-0-0-41 kernel: [    0.000000] IOAPIC[0]: apic_id 1, version 17, address 0xfec00000, GSI 0-47
Oct 24 23:52:33 ip-10-0-0-41 kernel: [    0.000000] ACPI: INT_SRC_OVR (bus 0 bus_irq 0 global_irq 2 dfl dfl)
Oct 24 23:52:33 ip-10-0-0-41 kernel: [    0.000000] ACPI: INT_SRC_OVR (bus 0 bus_irq 5 global_irq 5 low level)
Oct 24 23:52:33 ip-10-0-0-41 kernel: [    0.000000] ACPI: INT_SRC_OVR (bus 0 bus_irq 10 global_irq 10 low level)
Oct 24 23:52:33 ip-10-0-0-41 kernel: [    0.000000] ACPI: INT_SRC_OVR (bus 0 bus_irq 11 global_irq 11 low level)
Oct 24 23:52:33 ip-10-0-0-41 kernel: [    0.000000] Using ACPI (MADT) for SMP configuration information
Oct 24 23:52:33 ip-10-0-0-41 kernel: [    0.000000] ACPI: HPET id: 0x8086a201 base: 0xfed00000
Oct 24 23:52:33 ip-10-0-0-41 kernel: [    0.000000] smpboot: Allowing 15 CPUs, 14 hotplug CPUs
Oct 24 23:52:33 ip-10-0-0-41 kernel: [    0.000000] PM: Registered nosave memory: [mem 0x00000000-0x00000fff]
Oct 24 23:52:33 ip-10-0-0-41 kernel: [    0.000000] PM: Registered nosave memory: [mem 0x0009e000-0x0009ffff]
Oct 24 23:52:33 ip-10-0-0-41 kernel: [    0.000000] PM: Registered nosave memory: [mem 0x000a0000-0x000dffff]
Oct 24 23:52:33 ip-10-0-0-41 kernel: [    0.000000] PM: Registered nosave memory: [mem 0x000e0000-0x000fffff]
Oct 24 23:52:33 ip-10-0-0-41 kernel: [    0.000000] e820: [mem 0x40000000-0xfbffffff] available for PCI devices
Oct 24 23:52:33 ip-10-0-0-41 kernel: [    0.000000] Booting paravirtualized kernel on Xen HVM
Oct 24 23:52:33 ip-10-0-0-41 kernel: [    0.000000] clocksource: refined-jiffies: mask: 0xffffffff max_cycles: 0xffffffff, max_idle_ns: 7645519600211568 ns
Oct 24 23:52:33 ip-10-0-0-41 kernel: [    0.000000] setup_percpu: NR_CPUS:128 nr_cpumask_bits:128 nr_cpu_ids:15 nr_node_ids:1
Oct 24 23:52:33 ip-10-0-0-41 kernel: [    0.000000] percpu: Embedded 34 pages/cpu @ffff88003e200000 s101784 r8192 d29288 u262144
Oct 24 23:52:33 ip-10-0-0-41 kernel: [    0.000000] PV qspinlock hash table entries: 256 (order: 0, 4096 bytes)
Oct 24 23:52:33 ip-10-0-0-41 kernel: [    0.000000] Built 1 zonelists in Node order, mobility grouping on.  Total pages: 257928
Oct 24 23:52:33 ip-10-0-0-41 kernel: [    0.000000] Policy zone: DMA32
Oct 24 23:52:33 ip-10-0-0-41 kernel: [    0.000000] Kernel command line: root=LABEL=/ console=tty1 console=ttyS0 selinux=0
Oct 24 23:52:33 ip-10-0-0-41 kernel: [    0.000000] PID hash table entries: 4096 (order: 3, 32768 bytes)
Oct 24 23:52:33 ip-10-0-0-41 kernel: [    0.000000] Memory: 999336K/1048180K available (5383K kernel code, 1110K rwdata, 2448K rodata, 1256K init, 3124K bss, 48844K reserved, 0K cma-reserved)
Oct 24 23:52:33 ip-10-0-0-41 kernel: [    0.000000] SLUB: HWalign=64, Order=0-3, MinObjects=0, CPUs=15, Nodes=1
Oct 24 23:52:33 ip-10-0-0-41 kernel: [    0.000000] Hierarchical RCU implementation.
Oct 24 23:52:33 ip-10-0-0-41 kernel: [    0.000000] 	Build-time adjustment of leaf fanout to 64.
Oct 24 23:52:33 ip-10-0-0-41 kernel: [    0.000000] 	RCU restricting CPUs from NR_CPUS=128 to nr_cpu_ids=15.
Oct 24 23:52:33 ip-10-0-0-41 kernel: [    0.000000] RCU: Adjusting geometry for rcu_fanout_leaf=64, nr_cpu_ids=15
Oct 24 23:52:33 ip-10-0-0-41 kernel: [    0.000000] NR_IRQS:8448 nr_irqs:952 16
Oct 24 23:52:33 ip-10-0-0-41 kernel: [    0.000000] xen:events: Using 2-level ABI
Oct 24 23:52:33 ip-10-0-0-41 kernel: [    0.000000] xen:events: Xen HVM callback vector for event delivery is enabled
Oct 24 23:52:33 ip-10-0-0-41 kernel: [    0.000000] Console: colour VGA+ 80x25
Oct 24 23:52:33 ip-10-0-0-41 kernel: [    0.000000] console [tty1] enabled
Oct 24 23:52:33 ip-10-0-0-41 kernel: [    0.000000] Cannot get hvm parameter CONSOLE_EVTCHN (18): -22!
Oct 24 23:52:33 ip-10-0-0-41 kernel: [    0.000000] console [ttyS0] enabled
Oct 24 23:52:33 ip-10-0-0-41 kernel: [    0.000000] clocksource: hpet: mask: 0xffffffff max_cycles: 0xffffffff, max_idle_ns: 30580167144 ns
Oct 24 23:52:33 ip-10-0-0-41 kernel: [    0.000000] tsc: Fast TSC calibration using PIT
Oct 24 23:52:33 ip-10-0-0-41 kernel: [    0.000000] tsc: Detected 2400.127 MHz processor
Oct 24 23:52:33 ip-10-0-0-41 kernel: [    0.028000] Calibrating delay loop (skipped), value calculated using timer frequency.. 4800.05 BogoMIPS (lpj=9600104)
Oct 24 23:52:33 ip-10-0-0-41 kernel: [    0.032005] pid_max: default: 32768 minimum: 301
Oct 24 23:52:33 ip-10-0-0-41 kernel: [    0.034429] ACPI: Core revision 20160831
Oct 24 23:52:33 ip-10-0-0-41 kernel: [    0.041642] ACPI: 3 ACPI AML tables successfully acquired and loaded
Oct 24 23:52:33 ip-10-0-0-41 kernel: [    0.044033] Security Framework initialized
Oct 24 23:52:33 ip-10-0-0-41 kernel: [    0.046314] Dentry cache hash table entries: 131072 (order: 8, 1048576 bytes)
Oct 24 23:52:33 ip-10-0-0-41 kernel: [    0.048178] Inode-cache hash table entries: 65536 (order: 7, 524288 bytes)
Oct 24 23:52:33 ip-10-0-0-41 kernel: [    0.052085] Mount-cache hash table entries: 2048 (order: 2, 16384 bytes)
Oct 24 23:52:33 ip-10-0-0-41 kernel: [    0.056004] Mountpoint-cache hash table entries: 2048 (order: 2, 16384 bytes)
Oct 24 23:52:33 ip-10-0-0-41 kernel: [    0.060221] CPU: Physical Processor ID: 0
Oct 24 23:52:33 ip-10-0-0-41 kernel: [    0.062337] mce: CPU supports 2 MCE banks
Oct 24 23:52:33 ip-10-0-0-41 kernel: [    0.064022] Last level iTLB entries: 4KB 1024, 2MB 1024, 4MB 1024
Oct 24 23:52:33 ip-10-0-0-41 kernel: [    0.068005] Last level dTLB entries: 4KB 1024, 2MB 1024, 4MB 1024, 1GB 4
Oct 24 23:52:33 ip-10-0-0-41 kernel: [    0.082916] ftrace: allocating 21709 entries in 85 pages
Oct 24 23:52:33 ip-10-0-0-41 kernel: [    0.104010] smpboot: Max logical packages: 15
Oct 24 23:52:33 ip-10-0-0-41 kernel: [    0.108566] x2apic: IRQ remapping doesn't support X2APIC mode
Oct 24 23:52:33 ip-10-0-0-41 kernel: [    0.112003] Switched APIC routing to physical flat.
Oct 24 23:52:33 ip-10-0-0-41 kernel: [    0.118203] ..TIMER: vector=0x30 apic1=0 pin1=2 apic2=0 pin2=0
Oct 24 23:52:33 ip-10-0-0-41 kernel: [    0.164064] clocksource: xen: mask: 0xffffffffffffffff max_cycles: 0x1cd42e4dffb, max_idle_ns: 881590591483 ns
Oct 24 23:52:33 ip-10-0-0-41 kernel: [    0.168018] installing Xen timer for CPU 0
Oct 24 23:52:33 ip-10-0-0-41 kernel: [    0.172070] smpboot: CPU0: Intel(R) Xeon(R) CPU E5-2676 v3 @ 2.40GHz (family: 0x6, model: 0x3f, stepping: 0x2)
Oct 24 23:52:33 ip-10-0-0-41 kernel: [    0.180045] cpu 0 spinlock event irq 53
Oct 24 23:52:33 ip-10-0-0-41 kernel: [    0.183554] Performance Events: unsupported p6 CPU model 63 no PMU driver, software events only.
Oct 24 23:52:33 ip-10-0-0-41 kernel: [    0.188515] x86: Booted up 1 node, 1 CPUs
Oct 24 23:52:33 ip-10-0-0-41 kernel: [    0.191813] smpboot: Total of 1 processors activated (4800.05 BogoMIPS)
Oct 24 23:52:33 ip-10-0-0-41 kernel: [    0.192387] devtmpfs: initialized
Oct 24 23:52:33 ip-10-0-0-41 kernel: [    0.195497] x86/mm: Memory block size: 128MB
Oct 24 23:52:33 ip-10-0-0-41 kernel: [    0.197594] clocksource: jiffies: mask: 0xffffffff max_cycles: 0xffffffff, max_idle_ns: 7645041785100000 ns
Oct 24 23:52:33 ip-10-0-0-41 kernel: [    0.200023] futex hash table entries: 4096 (order: 6, 262144 bytes)
Oct 24 23:52:33 ip-10-0-0-41 kernel: [    0.204252] NET: Registered protocol family 16
Oct 24 23:52:33 ip-10-0-0-41 kernel: [    0.208194] cpuidle: using governor ladder
Oct 24 23:52:33 ip-10-0-0-41 kernel: [    0.212008] cpuidle: using governor menu
Oct 24 23:52:33 ip-10-0-0-41 kernel: [    0.215272] ACPI: bus type PCI registered
Oct 24 23:52:33 ip-10-0-0-41 kernel: [    0.216009] acpiphp: ACPI Hot Plug PCI Controller Driver version: 0.5
Oct 24 23:52:33 ip-10-0-0-41 kernel: [    0.220364] PCI: Using configuration type 1 for base access
Oct 24 23:52:33 ip-10-0-0-41 kernel: [    0.225884] HugeTLB registered 2 MB page size, pre-allocated 0 pages
Oct 24 23:52:33 ip-10-0-0-41 kernel: [    0.228198] ACPI: Added _OSI(Module Device)
Oct 24 23:52:33 ip-10-0-0-41 kernel: [    0.231524] ACPI: Added _OSI(Processor Device)
Oct 24 23:52:33 ip-10-0-0-41 kernel: [    0.232010] ACPI: Added _OSI(3.0 _SCP Extensions)
Oct 24 23:52:33 ip-10-0-0-41 kernel: [    0.236003] ACPI: Added _OSI(Processor Aggregator Device)
Oct 24 23:52:33 ip-10-0-0-41 kernel: [    0.242968] ACPI: Interpreter enabled
Oct 24 23:52:33 ip-10-0-0-41 kernel: [    0.244015] ACPI: (supports S0 S4 S5)
Oct 24 23:52:33 ip-10-0-0-41 kernel: [    0.247745] ACPI: Using IOAPIC for interrupt routing
Oct 24 23:52:33 ip-10-0-0-41 kernel: [    0.248054] PCI: Using host bridge windows from ACPI; if necessary, use "pci=nocrs" and report a bug
Oct 24 23:52:33 ip-10-0-0-41 kernel: [    0.300161] ACPI: PCI Root Bridge [PCI0] (domain 0000 [bus 00-ff])
Oct 24 23:52:33 ip-10-0-0-41 kernel: [    0.304013] acpi PNP0A03:00: _OSC: OS supports [Segments MSI]
Oct 24 23:52:33 ip-10-0-0-41 kernel: [    0.308014] acpi PNP0A03:00: _OSC failed (AE_NOT_FOUND); disabling ASPM
Oct 24 23:52:33 ip-10-0-0-41 kernel: [    0.312013] acpi PNP0A03:00: fail to add MMCONFIG information, can't access extended PCI configuration space under this bridge.
Oct 24 23:52:33 ip-10-0-0-41 kernel: [    0.316969] acpiphp: Slot [0] registered
Oct 24 23:52:33 ip-10-0-0-41 kernel: [    0.321021] acpiphp: Slot [3] registered
Oct 24 23:52:33 ip-10-0-0-41 kernel: [    0.324376] acpiphp: Slot [4] registered
Oct 24 23:52:33 ip-10-0-0-41 kernel: [    0.328109] acpiphp: Slot [5] registered
Oct 24 23:52:33 ip-10-0-0-41 kernel: [    0.331631] acpiphp: Slot [6] registered
Oct 24 23:52:33 ip-10-0-0-41 kernel: [    0.332324] acpiphp: Slot [7] registered
Oct 24 23:52:33 ip-10-0-0-41 kernel: [    0.335817] acpiphp: Slot [8] registered
Oct 24 23:52:33 ip-10-0-0-41 kernel: [    0.336344] acpiphp: Slot [9] registered
Oct 24 23:52:33 ip-10-0-0-41 kernel: [    0.339946] acpiphp: Slot [10] registered
Oct 24 23:52:33 ip-10-0-0-41 kernel: [    0.340472] acpiphp: Slot [11] registered
Oct 24 23:52:33 ip-10-0-0-41 kernel: [    0.344187] acpiphp: Slot [12] registered
Oct 24 23:52:33 ip-10-0-0-41 kernel: [    0.347796] acpiphp: Slot [13] registered
Oct 24 23:52:33 ip-10-0-0-41 kernel: [    0.348415] acpiphp: Slot [14] registered
Oct 24 23:52:33 ip-10-0-0-41 kernel: [    0.352341] acpiphp: Slot [15] registered
Oct 24 23:52:33 ip-10-0-0-41 kernel: [    0.356000] acpiphp: Slot [16] registered
Oct 24 23:52:33 ip-10-0-0-41 kernel: [    0.356322] acpiphp: Slot [17] registered
Oct 24 23:52:33 ip-10-0-0-41 kernel: [    0.359933] acpiphp: Slot [18] registered
Oct 24 23:52:33 ip-10-0-0-41 kernel: [    0.360318] acpiphp: Slot [19] registered
Oct 24 23:52:33 ip-10-0-0-41 kernel: [    0.364196] acpiphp: Slot [20] registered
Oct 24 23:52:33 ip-10-0-0-41 kernel: [    0.368016] acpiphp: Slot [21] registered
Oct 24 23:52:33 ip-10-0-0-41 kernel: [    0.371865] acpiphp: Slot [22] registered
Oct 24 23:52:33 ip-10-0-0-41 kernel: [    0.372349] acpiphp: Slot [23] registered
Oct 24 23:52:33 ip-10-0-0-41 kernel: [    0.376366] acpiphp: Slot [24] registered
Oct 24 23:52:33 ip-10-0-0-41 kernel: [    0.380345] acpiphp: Slot [25] registered
Oct 24 23:52:33 ip-10-0-0-41 kernel: [    0.384443] acpiphp: Slot [26] registered
Oct 24 23:52:33 ip-10-0-0-41 kernel: [    0.388369] acpiphp: Slot [27] registered
Oct 24 23:52:33 ip-10-0-0-41 kernel: [    0.392436] acpiphp: Slot [28] registered
Oct 24 23:52:33 ip-10-0-0-41 kernel: [    0.396215] acpiphp: Slot [29] registered
Oct 24 23:52:33 ip-10-0-0-41 kernel: [    0.400060] acpiphp: Slot [30] registered
Oct 24 23:52:33 ip-10-0-0-41 kernel: [    0.404235] acpiphp: Slot [31] registered
Oct 24 23:52:33 ip-10-0-0-41 kernel: [    0.408191] PCI host bridge to bus 0000:00
Oct 24 23:52:33 ip-10-0-0-41 kernel: [    0.412000] pci_bus 0000:00: root bus resource [io  0x0000-0x0cf7 window]
Oct 24 23:52:33 ip-10-0-0-41 kernel: [    0.412005] pci_bus 0000:00: root bus resource [io  0x0d00-0xffff window]
Oct 24 23:52:33 ip-10-0-0-41 kernel: [    0.416008] pci_bus 0000:00: root bus resource [mem 0x000a0000-0x000bffff window]
Oct 24 23:52:33 ip-10-0-0-41 kernel: [    0.420007] pci_bus 0000:00: root bus resource [mem 0xf0000000-0xfbffffff window]
Oct 24 23:52:33 ip-10-0-0-41 kernel: [    0.424006] pci_bus 0000:00: root bus resource [bus 00-ff]
Oct 24 23:52:33 ip-10-0-0-41 kernel: [    0.435228] pci 0000:00:01.1: legacy IDE quirk: reg 0x10: [io  0x01f0-0x01f7]
Oct 24 23:52:33 ip-10-0-0-41 kernel: [    0.436009] pci 0000:00:01.1: legacy IDE quirk: reg 0x14: [io  0x03f6]
Oct 24 23:52:33 ip-10-0-0-41 kernel: [    0.440007] pci 0000:00:01.1: legacy IDE quirk: reg 0x18: [io  0x0170-0x0177]
Oct 24 23:52:33 ip-10-0-0-41 kernel: [    0.444004] pci 0000:00:01.1: legacy IDE quirk: reg 0x1c: [io  0x0376]
Oct 24 23:52:33 ip-10-0-0-41 kernel: [    0.448877] * Found PM-Timer Bug on the chipset. Due to workarounds for a bug,
Oct 24 23:52:33 ip-10-0-0-41 kernel: [    0.448877] * this clock source is slow. Consider trying other clock sources
Oct 24 23:52:33 ip-10-0-0-41 kernel: [    0.453515] pci 0000:00:01.3: quirk: [io  0xb000-0xb03f] claimed by PIIX4 ACPI
Oct 24 23:52:33 ip-10-0-0-41 kernel: [    0.463845] ACPI: PCI Interrupt Link [LNKA] (IRQs *5 10 11)
Oct 24 23:52:33 ip-10-0-0-41 kernel: [    0.467908] ACPI: PCI Interrupt Link [LNKB] (IRQs 5 *10 11)
Oct 24 23:52:33 ip-10-0-0-41 kernel: [    0.471810] ACPI: PCI Interrupt Link [LNKC] (IRQs 5 10 *11)
Oct 24 23:52:33 ip-10-0-0-41 kernel: [    0.475697] ACPI: PCI Interrupt Link [LNKD] (IRQs *5 10 11)
Oct 24 23:52:33 ip-10-0-0-41 kernel: [    0.498041] ACPI: Enabled 2 GPEs in block 00 to 0F
Oct 24 23:52:33 ip-10-0-0-41 kernel: [    0.500192] xen:balloon: Initialising balloon driver
Oct 24 23:52:33 ip-10-0-0-41 kernel: [    0.512746] vgaarb: setting as boot device: PCI:0000:00:02.0
Oct 24 23:52:33 ip-10-0-0-41 kernel: [    0.516000] vgaarb: device added: PCI:0000:00:02.0,decodes=io+mem,owns=io+mem,locks=none
Oct 24 23:52:33 ip-10-0-0-41 kernel: [    0.516011] vgaarb: loaded
Oct 24 23:52:33 ip-10-0-0-41 kernel: [    0.519061] vgaarb: bridge control possible 0000:00:02.0
Oct 24 23:52:33 ip-10-0-0-41 kernel: [    0.520247] PCI: Using ACPI for IRQ routing
Oct 24 23:52:33 ip-10-0-0-41 kernel: [    0.524795] NetLabel: Initializing
Oct 24 23:52:33 ip-10-0-0-41 kernel: [    0.528004] NetLabel:  domain hash size = 128
Oct 24 23:52:33 ip-10-0-0-41 kernel: [    0.532006] NetLabel:  protocols = UNLABELED CIPSOv4
Oct 24 23:52:33 ip-10-0-0-41 kernel: [    0.536020] NetLabel:  unlabeled traffic allowed by default
Oct 24 23:52:33 ip-10-0-0-41 kernel: [    0.540031] HPET: 3 timers in total, 0 timers will be used for per-cpu timer
Oct 24 23:52:33 ip-10-0-0-41 kernel: [    0.544019] hpet0: at MMIO 0xfed00000, IRQs 2, 8, 0
Oct 24 23:52:33 ip-10-0-0-41 kernel: [    0.550640] hpet0: 3 comparators, 64-bit 62.500000 MHz counter
Oct 24 23:52:33 ip-10-0-0-41 kernel: [    0.554182] clocksource: Switched to clocksource xen
Oct 24 23:52:33 ip-10-0-0-41 kernel: [    0.561274] VFS: Disk quotas dquot_6.6.0
Oct 24 23:52:33 ip-10-0-0-41 kernel: [    0.565248] VFS: Dquot-cache hash table entries: 512 (order 0, 4096 bytes)
Oct 24 23:52:33 ip-10-0-0-41 kernel: [    0.581670] pnp: PnP ACPI init
Oct 24 23:52:33 ip-10-0-0-41 kernel: [    0.585904] system 00:00: [mem 0x00000000-0x0009ffff] could not be reserved
Oct 24 23:52:33 ip-10-0-0-41 kernel: [    0.595507] system 00:01: [io  0x08a0-0x08a3] has been reserved
Oct 24 23:52:33 ip-10-0-0-41 kernel: [    0.602046] system 00:01: [io  0x0cc0-0x0ccf] has been reserved
Oct 24 23:52:33 ip-10-0-0-41 kernel: [    0.608366] system 00:01: [io  0x04d0-0x04d1] has been reserved
Oct 24 23:52:33 ip-10-0-0-41 kernel: [    0.614508] system 00:07: [io  0x10c0-0x1141] has been reserved
Oct 24 23:52:33 ip-10-0-0-41 kernel: [    0.620460] system 00:07: [io  0xb044-0xb047] has been reserved
Oct 24 23:52:33 ip-10-0-0-41 kernel: [    0.651063] pnp: PnP ACPI: found 8 devices
Oct 24 23:52:33 ip-10-0-0-41 kernel: [    0.662223] clocksource: acpi_pm: mask: 0xffffff max_cycles: 0xffffff, max_idle_ns: 2085701024 ns
Oct 24 23:52:33 ip-10-0-0-41 kernel: [    0.671793] NET: Registered protocol family 2
Oct 24 23:52:33 ip-10-0-0-41 kernel: [    0.676961] TCP established hash table entries: 8192 (order: 4, 65536 bytes)
Oct 24 23:52:33 ip-10-0-0-41 kernel: [    0.685583] TCP bind hash table entries: 8192 (order: 5, 131072 bytes)
Oct 24 23:52:33 ip-10-0-0-41 kernel: [    0.691268] TCP: Hash tables configured (established 8192 bind 8192)
Oct 24 23:52:33 ip-10-0-0-41 kernel: [    0.696721] UDP hash table entries: 512 (order: 2, 16384 bytes)
Oct 24 23:52:33 ip-10-0-0-41 kernel: [    0.701733] UDP-Lite hash table entries: 512 (order: 2, 16384 bytes)
Oct 24 23:52:33 ip-10-0-0-41 kernel: [    0.707122] NET: Registered protocol family 1
Oct 24 23:52:33 ip-10-0-0-41 kernel: [    0.711090] pci 0000:00:00.0: Limiting direct PCI/PCI transfers
Oct 24 23:52:33 ip-10-0-0-41 kernel: [    0.716420] pci 0000:00:01.0: PIIX3: Enabling Passive Release
Oct 24 23:52:33 ip-10-0-0-41 kernel: [    0.721439] pci 0000:00:01.0: Activating ISA DMA hang workarounds
Oct 24 23:52:33 ip-10-0-0-41 kernel: [    0.728286] pci 0000:00:02.0: Video device with shadowed ROM at [mem 0x000c0000-0x000dffff]
Oct 24 23:52:33 ip-10-0-0-41 kernel: [    0.736952] Unpacking initramfs...
Oct 24 23:52:33 ip-10-0-0-41 kernel: [    0.828036] random: fast init done
Oct 24 23:52:33 ip-10-0-0-41 kernel: [    0.947786] Freeing initrd memory: 14340K
Oct 24 23:52:33 ip-10-0-0-41 kernel: [    0.951258] audit: initializing netlink subsys (disabled)
Oct 24 23:52:33 ip-10-0-0-41 kernel: [    0.954808] audit: type=2000 audit(1508889148.769:1): initialized
Oct 24 23:52:33 ip-10-0-0-41 kernel: [    0.958947] Initialise system trusted keyrings
Oct 24 23:52:33 ip-10-0-0-41 kernel: [    0.962512] workingset: timestamp_bits=36 max_order=18 bucket_order=0
Oct 24 23:52:33 ip-10-0-0-41 kernel: [    1.002338] Key type asymmetric registered
Oct 24 23:52:33 ip-10-0-0-41 kernel: [    1.005273] Asymmetric key parser 'x509' registered
Oct 24 23:52:33 ip-10-0-0-41 kernel: [    1.008492] Block layer SCSI generic (bsg) driver version 0.4 loaded (major 254)
Oct 24 23:52:33 ip-10-0-0-41 kernel: [    1.013188] io scheduler noop registered (default)
Oct 24 23:52:33 ip-10-0-0-41 kernel: [    1.016274] pci_hotplug: PCI Hot Plug PCI Core version: 0.5
Oct 24 23:52:33 ip-10-0-0-41 kernel: [    1.020334] xen:grant_table: Grant tables using version 1 layout
Oct 24 23:52:33 ip-10-0-0-41 kernel: [    1.023754] Grant table initialized
Oct 24 23:52:33 ip-10-0-0-41 kernel: [    1.026336] Cannot get hvm parameter CONSOLE_EVTCHN (18): -22!
Oct 24 23:52:33 ip-10-0-0-41 kernel: [    1.029615] Serial: 8250/16550 driver, 4 ports, IRQ sharing disabled
Oct 24 23:52:33 ip-10-0-0-41 kernel: [    1.059867] 00:06: ttyS0 at I/O 0x3f8 (irq = 4, base_baud = 115200) is a 16550A
Oct 24 23:52:33 ip-10-0-0-41 kernel: [    1.065549] xen_netfront: Initialising Xen virtual ethernet driver
Oct 24 23:52:33 ip-10-0-0-41 kernel: [    1.071455] i8042: PNP: PS/2 Controller [PNP0303:PS2K,PNP0f13:PS2M] at 0x60,0x64 irq 1,12
Oct 24 23:52:33 ip-10-0-0-41 kernel: [    1.078479] serio: i8042 KBD port at 0x60,0x64 irq 1
Oct 24 23:52:33 ip-10-0-0-41 kernel: [    1.082001] serio: i8042 AUX port at 0x60,0x64 irq 12
Oct 24 23:52:33 ip-10-0-0-41 kernel: [    1.085460] hidraw: raw HID events driver (C) Jiri Kosina
Oct 24 23:52:33 ip-10-0-0-41 kernel: [    1.088891] Invalid max_queues (4), will use default max: 1.
Oct 24 23:52:33 ip-10-0-0-41 kernel: [    1.093715] input: AT Translated Set 2 keyboard as /devices/platform/i8042/serio0/input/input0
Oct 24 23:52:33 ip-10-0-0-41 kernel: [    1.100997] NET: Registered protocol family 17
Oct 24 23:52:33 ip-10-0-0-41 kernel: [    1.104328] registered taskstats version 1
Oct 24 23:52:33 ip-10-0-0-41 kernel: [    1.107293] Loading compiled-in X.509 certificates
Oct 24 23:52:33 ip-10-0-0-41 kernel: [    1.112411] alg: No test for pkcs1pad(rsa,sha256) (pkcs1pad(rsa-generic,sha256))
Oct 24 23:52:33 ip-10-0-0-41 kernel: [    1.119891] Loaded X.509 cert 'Build time autogenerated kernel key: ecced21b3d0eff4069e7e1426d9f681701a884a8'
Oct 24 23:52:33 ip-10-0-0-41 kernel: [    1.127455] zswap: default zpool zbud not available
Oct 24 23:52:33 ip-10-0-0-41 kernel: [    1.130785] zswap: pool creation failed
Oct 24 23:52:33 ip-10-0-0-41 kernel: [    1.172939] blkfront: xvda: barrier or flush: disabled; persistent grants: disabled; indirect descriptors: enabled;
Oct 24 23:52:33 ip-10-0-0-41 kernel: [    1.183513] GPT:Primary header thinks Alt. header is not at the end of the disk.
Oct 24 23:52:33 ip-10-0-0-41 kernel: [    1.187993] GPT:16777215 != 41943039
Oct 24 23:52:33 ip-10-0-0-41 kernel: [    1.190289] GPT:Alternate GPT header not at the end of the disk.
Oct 24 23:52:33 ip-10-0-0-41 kernel: [    1.193622] GPT:16777215 != 41943039
Oct 24 23:52:33 ip-10-0-0-41 kernel: [    1.196216] GPT: Use GNU Parted to correct GPT errors.
Oct 24 23:52:33 ip-10-0-0-41 kernel: [    1.199265]  xvda: xvda1
Oct 24 23:52:33 ip-10-0-0-41 kernel: [    1.237394] Freeing unused kernel memory: 1256K
Oct 24 23:52:33 ip-10-0-0-41 kernel: [    1.240436] Write protecting the kernel read-only data: 10240k
Oct 24 23:52:33 ip-10-0-0-41 kernel: [    1.244381] Freeing unused kernel memory: 744K
Oct 24 23:52:33 ip-10-0-0-41 kernel: [    1.250603] Freeing unused kernel memory: 1648K
Oct 24 23:52:33 ip-10-0-0-41 kernel: [    1.265400] dm_mod: module verification failed: signature and/or required key missing - tainting kernel
Oct 24 23:52:33 ip-10-0-0-41 kernel: [    1.271457] device-mapper: uevent: version 1.0.3
Oct 24 23:52:33 ip-10-0-0-41 kernel: [    1.274347] device-mapper: ioctl: 4.35.0-ioctl (2016-06-23) initialised: dm-devel@redhat.com
Oct 24 23:52:33 ip-10-0-0-41 kernel: [    1.328649] SCSI subsystem initialized
Oct 24 23:52:33 ip-10-0-0-41 kernel: [    1.408155] scsi host0: ata_piix
Oct 24 23:52:33 ip-10-0-0-41 kernel: [    1.421825] scsi host1: ata_piix
Oct 24 23:52:33 ip-10-0-0-41 kernel: [    1.424047] ata1: PATA max MWDMA2 cmd 0x1f0 ctl 0x3f6 bmdma 0xc100 irq 14
Oct 24 23:52:33 ip-10-0-0-41 kernel: [    1.428020] ata2: PATA max MWDMA2 cmd 0x170 ctl 0x376 bmdma 0xc108 irq 15
Oct 24 23:52:33 ip-10-0-0-41 kernel: [    1.952125] tsc: Refined TSC clocksource calibration: 2400.000 MHz
Oct 24 23:52:33 ip-10-0-0-41 kernel: [    1.956449] clocksource: tsc: mask: 0xffffffffffffffff max_cycles: 0x22983777dd9, max_idle_ns: 440795300422 ns
Oct 24 23:52:33 ip-10-0-0-41 kernel: [    2.638461]  xvda: xvda1
Oct 24 23:52:33 ip-10-0-0-41 kernel: [    2.697278] EXT4-fs (xvda1): mounted filesystem with ordered data mode. Opts: (null)
Oct 24 23:52:33 ip-10-0-0-41 kernel: [    2.716598] EXT4-fs (xvda1): mounted filesystem with ordered data mode. Opts: (null)
Oct 24 23:52:33 ip-10-0-0-41 kernel: [    2.928748] input: Power Button as /devices/LNXSYSTM:00/LNXPWRBN:00/input/input3
Oct 24 23:52:33 ip-10-0-0-41 kernel: [    2.933173] ACPI: Power Button [PWRF]
Oct 24 23:52:33 ip-10-0-0-41 kernel: [    2.935590] input: Sleep Button as /devices/LNXSYSTM:00/LNXSLPBN:00/input/input4
Oct 24 23:52:33 ip-10-0-0-41 kernel: [    2.940043] ACPI: Sleep Button [SLPF]
Oct 24 23:52:33 ip-10-0-0-41 kernel: [    2.948820] input: ImExPS/2 Generic Explorer Mouse as /devices/platform/i8042/serio1/input/input5
Oct 24 23:52:33 ip-10-0-0-41 kernel: [    3.084881] mousedev: PS/2 mouse device common for all mice
Oct 24 23:52:33 ip-10-0-0-41 kernel: [    4.131644] EXT4-fs (xvda1): re-mounted. Opts: (null)
Oct 24 23:52:33 ip-10-0-0-41 kernel: [    4.315087] NET: Registered protocol family 10
Oct 24 23:52:33 ip-10-0-0-41 kernel: [    5.742719] audit: type=1305 audit(1508889153.557:2): audit_pid=2275 old=0 auid=4294967295 ses=4294967295 res=1
Oct 24 23:52:33 ip-10-0-0-41 irqbalance: Balancing is ineffective on systems with a single cpu.  Shutting down
Oct 24 23:52:33 ip-10-0-0-41 kernel: [    5.943519] random: crng init done
Oct 24 23:52:33 ip-10-0-0-41 rpc.statd[2365]: Version 1.3.0 starting
Oct 24 23:52:33 ip-10-0-0-41 sm-notify[2366]: Version 1.3.0 starting
Oct 24 23:52:33 ip-10-0-0-41 rpc.statd[2365]: Initializing NSM state
Oct 24 23:52:33 ip-10-0-0-41 acpid: starting up with netlink and the input layer
Oct 24 23:52:33 ip-10-0-0-41 acpid: skipping incomplete file /etc/acpi/events/videoconf
Oct 24 23:52:33 ip-10-0-0-41 acpid: 1 rule loaded
Oct 24 23:52:33 ip-10-0-0-41 acpid: waiting for events: event logging is off
Oct 24 23:52:33 ip-10-0-0-41 udevadm[2438]: --type=failed is deprecated and will be removed from a future udev release.
Oct 24 23:52:33 ip-10-0-0-41 ec2net: [ec2ifscan] Scanning for unconfigured interfaces
Oct 24 23:52:33 ip-10-0-0-41 ec2net: [ec2ifscan] Configuring eth1
Oct 24 23:52:34 ip-10-0-0-41 dhclient[2223]: XMT: Solicit on eth0, interval 2170ms.
Oct 24 23:52:34 ip-10-0-0-41 kernel: [    7.068861] EXT4-fs (xvda1): resizing filesystem from 2096635 to 5242363 blocks
Oct 24 23:52:34 ip-10-0-0-41 ec2net: [plug_interface] eth1 plugged
Oct 24 23:52:34 ip-10-0-0-41 ec2net: [rewrite_primary] Rewriting configs for eth1
Oct 24 23:52:34 ip-10-0-0-41 ec2net: [get_meta] Trying to get http://169.254.169.254/latest/meta-data/network/interfaces/macs/0a:25:d2:7f:6a:0e/subnet-ipv4-cidr-block
Oct 24 23:52:34 ip-10-0-0-41 ec2net: [get_meta] Trying to get http://169.254.169.254/latest/meta-data/network/interfaces/macs/0a:25:d2:7f:6a:0e/local-ipv4s
Oct 24 23:52:35 ip-10-0-0-41 kernel: [    7.196074] EXT4-fs (xvda1): resized filesystem to 5242363
Oct 24 23:52:35 ip-10-0-0-41 dhclient[2569]: DHCPDISCOVER on eth1 to 255.255.255.255 port 67 interval 3 (xid=0x60d836b8)
Oct 24 23:52:35 ip-10-0-0-41 dhclient[2569]: DHCPREQUEST on eth1 to 255.255.255.255 port 67 (xid=0x60d836b8)
Oct 24 23:52:35 ip-10-0-0-41 dhclient[2569]: DHCPOFFER from 10.0.3.1
Oct 24 23:52:35 ip-10-0-0-41 dhclient[2569]: DHCPACK from 10.0.3.1 (xid=0x60d836b8)
Oct 24 23:52:35 ip-10-0-0-41 ec2net: [get_meta] Trying to get http://169.254.169.254/latest/meta-data/network/interfaces/macs/0a:25:d2:7f:6a:0e/local-ipv4s
Oct 24 23:52:35 ip-10-0-0-41 ec2net: [rewrite_rules] Rewriting rules for eth1
Oct 24 23:52:35 ip-10-0-0-41 dhclient[2569]: bound to 10.0.3.71 -- renewal in 1570 seconds.
Oct 24 23:52:35 ip-10-0-0-41 ec2net: [get_meta] Trying to get http://169.254.169.254/latest/meta-data/network/interfaces/macs/0a:25:d2:7f:6a:0e/local-ipv4s
Oct 24 23:52:35 ip-10-0-0-41 ec2net: [rewrite_aliases] Rewriting aliases of eth1
Oct 24 23:52:36 ip-10-0-0-41 dhclient[2769]: XMT: Solicit on eth1, interval 1030ms.
Oct 24 23:52:36 ip-10-0-0-41 dhclient[2223]: XMT: Solicit on eth0, interval 4210ms.
Oct 24 23:52:37 ip-10-0-0-41 dhclient[2769]: XMT: Solicit on eth1, interval 1960ms.
Oct 24 23:52:39 ip-10-0-0-41 dhclient[2769]: XMT: Solicit on eth1, interval 4000ms.
Oct 24 23:52:41 ip-10-0-0-41 dhclient[2223]: XMT: Solicit on eth0, interval 8500ms.
Oct 24 23:52:43 ip-10-0-0-41 dhclient[2769]: XMT: Solicit on eth1, interval 8280ms.
Oct 24 23:52:49 ip-10-0-0-41 dhclient[2223]: XMT: Solicit on eth0, interval 16440ms.
Oct 24 23:52:51 ip-10-0-0-41 ntpd[2833]: ntpd 4.2.6p5@1.2349-o Wed Apr 19 22:27:48 UTC 2017 (1)
Oct 24 23:52:51 ip-10-0-0-41 ntpd[2834]: proto: precision = 0.110 usec
Oct 24 23:52:51 ip-10-0-0-41 ntpd[2834]: 0.0.0.0 c01d 0d kern kernel time sync enabled
Oct 24 23:52:51 ip-10-0-0-41 ntpd[2834]: Listen and drop on 0 v4wildcard 0.0.0.0 UDP 123
Oct 24 23:52:51 ip-10-0-0-41 ntpd[2834]: Listen normally on 1 lo 127.0.0.1 UDP 123
Oct 24 23:52:51 ip-10-0-0-41 ntpd[2834]: Listen normally on 2 eth0 10.0.0.41 UDP 123
Oct 24 23:52:51 ip-10-0-0-41 ntpd[2834]: Listening on routing socket on fd #19 for interface updates
Oct 24 23:52:51 ip-10-0-0-41 dhclient[2769]: XMT: Solicit on eth1, interval 15800ms.
Oct 24 23:52:51 ip-10-0-0-41 ec2: 
Oct 24 23:52:51 ip-10-0-0-41 ec2: #############################################################
Oct 24 23:52:51 ip-10-0-0-41 ec2: -----BEGIN SSH HOST KEY FINGERPRINTS-----
Oct 24 23:52:51 ip-10-0-0-41 ec2: 1024 SHA256:Wr20YePw7cJi+nksbggs1yswD6vLSAP/SF48Nnwt9R0 root@ip-10-0-0-41 (DSA)
Oct 24 23:52:51 ip-10-0-0-41 ec2: 256 SHA256:eQRcQz58R/S8WB/6akAcd22ORYbaU2i0dcgsJyTaeFU root@ip-10-0-0-41 (ECDSA)
Oct 24 23:52:51 ip-10-0-0-41 ec2: 256 SHA256:a5hfMsuU8b8ExvXqhLppm74xu8ZLxvS9uQ4U+kw6M3g no comment (ED25519)
Oct 24 23:52:51 ip-10-0-0-41 ec2: 2048 SHA256:aNWwHP+RMcTGascMNrwfBcmToWflxbN5k0UZMJg5DeI root@ip-10-0-0-41 (RSA)
Oct 24 23:52:51 ip-10-0-0-41 ec2: -----END SSH HOST KEY FINGERPRINTS-----
Oct 24 23:52:51 ip-10-0-0-41 ec2: #############################################################
Oct 24 23:53:05 ip-10-0-0-41 dhclient[2223]: XMT: Solicit on eth0, interval 33460ms.
Oct 24 23:53:07 ip-10-0-0-41 dhclient[2769]: XMT: Solicit on eth1, interval 30370ms.
Oct 24 23:53:22 ip-10-0-0-41 check-system-update[2949]: Exception: Cannot find a valid baseurl for repo: amzn-main/latest
Oct 24 23:53:37 ip-10-0-0-41 dhclient[2769]: XMT: Solicit on eth1, interval 58820ms.
Oct 24 23:53:39 ip-10-0-0-41 dhclient[2223]: XMT: Solicit on eth0, interval 64630ms.
Oct 24 23:54:36 ip-10-0-0-41 dhclient[2769]: XMT: Solicit on eth1, interval 113010ms.
Oct 24 23:54:44 ip-10-0-0-41 dhclient[2223]: XMT: Solicit on eth0, interval 129270ms.
Oct 24 23:56:29 ip-10-0-0-41 dhclient[2769]: XMT: Solicit on eth1, interval 121080ms.
Oct 24 23:56:53 ip-10-0-0-41 dhclient[2223]: XMT: Solicit on eth0, interval 123350ms.
Oct 24 23:58:12 ip-10-0-0-41 yum[2993]: Updated: nss-util-3.28.4-3.53.amzn1.x86_64
Oct 24 23:58:12 ip-10-0-0-41 yum[2993]: Updated: krb5-libs-1.15.1-8.43.amzn1.x86_64
Oct 24 23:58:12 ip-10-0-0-41 yum[2993]: Updated: nss-softokn-freebl-3.28.3-8.41.amzn1.x86_64
Oct 24 23:58:12 ip-10-0-0-41 yum[2993]: Updated: nss-softokn-3.28.3-8.41.amzn1.x86_64
Oct 24 23:58:12 ip-10-0-0-41 yum[2993]: Updated: nss-sysinit-3.28.4-12.80.amzn1.x86_64
Oct 24 23:58:12 ip-10-0-0-41 yum[2993]: Installed: nss-pem-1.0.3-4.3.amzn1.x86_64
Oct 24 23:58:12 ip-10-0-0-41 yum[2993]: Updated: nss-3.28.4-12.80.amzn1.x86_64
Oct 24 23:58:13 ip-10-0-0-41 yum[2993]: Updated: libcurl-7.53.1-10.77.amzn1.x86_64
Oct 24 23:58:13 ip-10-0-0-41 yum[2993]: Updated: curl-7.53.1-10.77.amzn1.x86_64
Oct 24 23:58:13 ip-10-0-0-41 yum[2993]: Updated: nss-tools-3.28.4-12.80.amzn1.x86_64
Oct 24 23:58:18 ip-10-0-0-41 init: amazon-ssm-agent main process (2265) killed by KILL signal
Oct 24 23:58:18 ip-10-0-0-41 yum[2993]: Updated: amazon-ssm-agent-2.2.16.0-1.amzn1.x86_64
Oct 24 23:58:18 ip-10-0-0-41 yum[2993]: Updated: aws-cfn-bootstrap-1.4-24.16.amzn1.noarch
Oct 24 23:58:31 ip-10-0-0-41 dhclient[2769]: XMT: Solicit on eth1, interval 110460ms.
Oct 24 23:58:56 ip-10-0-0-41 dhclient[2223]: XMT: Solicit on eth0, interval 115680ms.
Oct 24 23:58:57 ip-10-0-0-41 dhclient[2644]: receive_packet failed on eth1: Network is down
Oct 24 23:58:57 ip-10-0-0-41 ec2net: [unplug_interface] eth1 unplugged
Oct 24 23:58:57 ip-10-0-0-41 ec2net: [remove_rules] Removing rules for eth1
Oct 24 23:58:57 ip-10-0-0-41 ec2net: [remove_aliases] Removing aliases of eth1
Oct 24 23:58:57 ip-10-0-0-41 ec2net: [remove_aliases] Removing aliases of eth1
Oct 24 23:58:57 ip-10-0-0-41 ec2net: [remove_rules] Removing rules for eth1
Oct 24 23:59:31 ip-10-0-0-41 kernel: [  424.049778] vif vif-2 eth2: renamed from eth1
Oct 24 23:59:31 ip-10-0-0-41 ec2net: [plug_interface] eth2 plugged
Oct 24 23:59:31 ip-10-0-0-41 ec2net: [rewrite_primary] Rewriting configs for eth2
Oct 24 23:59:31 ip-10-0-0-41 ec2net: [get_meta] Trying to get http://169.254.169.254/latest/meta-data/network/interfaces/macs/0a:eb:c7:0f:1c:e0/subnet-ipv4-cidr-block
Oct 24 23:59:32 ip-10-0-0-41 ec2net: [get_meta] Trying to get http://169.254.169.254/latest/meta-data/network/interfaces/macs/0a:eb:c7:0f:1c:e0/subnet-ipv4-cidr-block
Oct 24 23:59:32 ip-10-0-0-41 ec2net: [get_meta] Trying to get http://169.254.169.254/latest/meta-data/network/interfaces/macs/0a:eb:c7:0f:1c:e0/subnet-ipv4-cidr-block
Oct 24 23:59:33 ip-10-0-0-41 ec2net: [get_meta] Trying to get http://169.254.169.254/latest/meta-data/network/interfaces/macs/0a:eb:c7:0f:1c:e0/subnet-ipv4-cidr-block
Oct 24 23:59:33 ip-10-0-0-41 ec2net: [get_meta] Trying to get http://169.254.169.254/latest/meta-data/network/interfaces/macs/0a:eb:c7:0f:1c:e0/subnet-ipv4-cidr-block
Oct 24 23:59:34 ip-10-0-0-41 ec2net: [get_meta] Trying to get http://169.254.169.254/latest/meta-data/network/interfaces/macs/0a:eb:c7:0f:1c:e0/subnet-ipv4-cidr-block
Oct 24 23:59:34 ip-10-0-0-41 ec2net: [get_meta] Trying to get http://169.254.169.254/latest/meta-data/network/interfaces/macs/0a:eb:c7:0f:1c:e0/subnet-ipv4-cidr-block
Oct 24 23:59:35 ip-10-0-0-41 ec2net: [get_meta] Trying to get http://169.254.169.254/latest/meta-data/network/interfaces/macs/0a:eb:c7:0f:1c:e0/subnet-ipv4-cidr-block
Oct 24 23:59:35 ip-10-0-0-41 ec2net: [get_meta] Trying to get http://169.254.169.254/latest/meta-data/network/interfaces/macs/0a:eb:c7:0f:1c:e0/local-ipv4s
Oct 24 23:59:35 ip-10-0-0-41 dhclient[3349]: DHCPDISCOVER on eth2 to 255.255.255.255 port 67 interval 5 (xid=0x745e6595)
Oct 24 23:59:35 ip-10-0-0-41 dhclient[3349]: DHCPREQUEST on eth2 to 255.255.255.255 port 67 (xid=0x745e6595)
Oct 24 23:59:35 ip-10-0-0-41 dhclient[3349]: DHCPOFFER from 10.0.2.1
Oct 24 23:59:35 ip-10-0-0-41 dhclient[3349]: DHCPACK from 10.0.2.1 (xid=0x745e6595)
Oct 24 23:59:35 ip-10-0-0-41 ec2net: [get_meta] Trying to get http://169.254.169.254/latest/meta-data/network/interfaces/macs/0a:eb:c7:0f:1c:e0/local-ipv4s
Oct 24 23:59:35 ip-10-0-0-41 ec2net: [rewrite_rules] Rewriting rules for eth2
Oct 24 23:59:35 ip-10-0-0-41 dhclient[3349]: bound to 10.0.2.125 -- renewal in 1611 seconds.
Oct 24 23:59:35 ip-10-0-0-41 ec2net: [get_meta] Trying to get http://169.254.169.254/latest/meta-data/network/interfaces/macs/0a:eb:c7:0f:1c:e0/local-ipv4s
Oct 24 23:59:35 ip-10-0-0-41 ec2net: [rewrite_aliases] Rewriting aliases of eth2
Oct 24 23:59:38 ip-10-0-0-41 dhclient[3563]: XMT: Solicit on eth2, interval 1010ms.
Oct 24 23:59:39 ip-10-0-0-41 dhclient[3563]: XMT: Solicit on eth2, interval 1950ms.
Oct 24 23:59:40 ip-10-0-0-41 dhclient[3563]: XMT: Solicit on eth2, interval 4060ms.
Oct 24 23:59:45 ip-10-0-0-41 dhclient[3563]: XMT: Solicit on eth2, interval 8150ms.
Oct 24 23:59:53 ip-10-0-0-41 dhclient[3563]: XMT: Solicit on eth2, interval 16830ms.
Oct 25 00:00:10 ip-10-0-0-41 dhclient[3563]: XMT: Solicit on eth2, interval 34760ms.
Oct 25 00:00:45 ip-10-0-0-41 dhclient[3563]: XMT: Solicit on eth2, interval 67270ms.
Oct 25 00:00:53 ip-10-0-0-41 dhclient[2223]: XMT: Solicit on eth0, interval 115280ms.
Oct 25 00:00:58 ip-10-0-0-41 yum[3614]: Installed: apr-1.5.1-1.12.amzn1.x86_64
Oct 25 00:00:58 ip-10-0-0-41 yum[3614]: Installed: apr-util-1.4.1-4.17.amzn1.x86_64
Oct 25 00:00:58 ip-10-0-0-41 yum[3614]: Installed: compat-gmp4-4.3.2-1.14.amzn1.x86_64
Oct 25 00:00:58 ip-10-0-0-41 yum[3614]: Installed: php-common-5.3.29-1.8.amzn1.x86_64
Oct 25 00:00:58 ip-10-0-0-41 yum[3614]: Installed: php-cli-5.3.29-1.8.amzn1.x86_64
Oct 25 00:00:58 ip-10-0-0-41 yum[3614]: Installed: httpd-tools-2.2.34-1.15.amzn1.x86_64
Oct 25 00:00:58 ip-10-0-0-41 yum[3614]: Installed: apr-util-ldap-1.4.1-4.17.amzn1.x86_64
Oct 25 00:00:58 ip-10-0-0-41 yum[3614]: Installed: httpd-2.2.34-1.15.amzn1.x86_64
Oct 25 00:00:58 ip-10-0-0-41 yum[3614]: Installed: php-5.3.29-1.8.amzn1.x86_64
Oct 25 00:01:07 ip-10-0-0-41 yum[3685]: Installed: mysql55-libs-5.5.57-1.18.amzn1.x86_64
Oct 25 00:01:07 ip-10-0-0-41 yum[3685]: Installed: postgresql92-libs-9.2.22-1.61.amzn1.x86_64
Oct 25 00:01:07 ip-10-0-0-41 yum[3685]: Installed: 2:postfix-2.6.6-2.15.amzn1.x86_64
Oct 25 00:01:52 ip-10-0-0-41 dhclient[3563]: XMT: Solicit on eth2, interval 130830ms.
Oct 25 00:02:48 ip-10-0-0-41 dhclient[2223]: XMT: Solicit on eth0, interval 109780ms.
Oct 25 00:04:03 ip-10-0-0-41 dhclient[3563]: XMT: Solicit on eth2, interval 112560ms.
Oct 25 00:04:38 ip-10-0-0-41 dhclient[2223]: XMT: Solicit on eth0, interval 120910ms.
Oct 25 00:05:56 ip-10-0-0-41 dhclient[3563]: XMT: Solicit on eth2, interval 113080ms.
Oct 25 00:06:39 ip-10-0-0-41 dhclient[2223]: XMT: Solicit on eth0, interval 121580ms.
Oct 25 00:06:54 ip-10-0-0-41 yum[4256]: Installed: 1:dovecot-2.2.10-5.17.amzn1.x86_64
Oct 25 00:07:49 ip-10-0-0-41 dhclient[3563]: XMT: Solicit on eth2, interval 110200ms.
Oct 25 00:08:41 ip-10-0-0-41 dhclient[2223]: XMT: Solicit on eth0, interval 114730ms.
Oct 25 00:09:39 ip-10-0-0-41 dhclient[3563]: XMT: Solicit on eth2, interval 125950ms.
Oct 25 00:10:36 ip-10-0-0-41 dhclient[2223]: XMT: Solicit on eth0, interval 116330ms.
Oct 25 00:11:24 ip-10-0-0-41 yum[4359]: Installed: hunspell-1.2.8-16.2.amzn1.x86_64
Oct 25 00:11:24 ip-10-0-0-41 yum[4359]: Installed: hunspell-en-0.20090216-7.1.2.amzn1.noarch
Oct 25 00:11:24 ip-10-0-0-41 yum[4359]: Installed: php-xml-5.3.29-1.8.amzn1.x86_64
Oct 25 00:11:24 ip-10-0-0-41 yum[4359]: Installed: php-mbstring-5.3.29-1.8.amzn1.x86_64
Oct 25 00:11:24 ip-10-0-0-41 yum[4359]: Installed: php-process-5.3.29-1.8.amzn1.x86_64
Oct 25 00:11:24 ip-10-0-0-41 yum[4359]: Installed: 1:php-pear-1.10.1-1.19.amzn1.noarch
Oct 25 00:11:24 ip-10-0-0-41 yum[4359]: Installed: php-pear-DB-1.7.13-3.2.amzn1.noarch
Oct 25 00:11:25 ip-10-0-0-41 yum[4359]: Installed: squirrelmail-1.4.22-5.el6.noarch
Oct 25 00:11:45 ip-10-0-0-41 dhclient[3563]: XMT: Solicit on eth2, interval 117240ms.
Oct 25 00:12:32 ip-10-0-0-41 dhclient[2223]: XMT: Solicit on eth0, interval 118740ms.
Oct 25 00:13:43 ip-10-0-0-41 dhclient[3563]: XMT: Solicit on eth2, interval 115640ms.
Oct 25 00:14:31 ip-10-0-0-41 dhclient[2223]: XMT: Solicit on eth0, interval 122380ms.
Oct 25 00:15:38 ip-10-0-0-41 dhclient[3563]: XMT: Solicit on eth2, interval 113820ms.
Oct 25 00:16:33 ip-10-0-0-41 dhclient[2223]: XMT: Solicit on eth0, interval 126450ms.
Oct 25 00:17:32 ip-10-0-0-41 dhclient[3563]: XMT: Solicit on eth2, interval 127410ms.
Oct 25 00:18:40 ip-10-0-0-41 dhclient[2223]: XMT: Solicit on eth0, interval 121010ms.
Oct 25 00:19:40 ip-10-0-0-41 dhclient[3563]: XMT: Solicit on eth2, interval 117470ms.
Oct 25 00:20:41 ip-10-0-0-41 dhclient[2223]: XMT: Solicit on eth0, interval 111860ms.
Oct 25 00:20:54 ip-10-0-0-41 yum[4471]: Installed: libkadm5-1.15.1-8.43.amzn1.x86_64
Oct 25 00:20:54 ip-10-0-0-41 yum[4471]: Installed: krb5-workstation-1.15.1-8.43.amzn1.x86_64
Oct 25 00:21:16 ip-10-0-0-41 dhclient[2130]: DHCPREQUEST on eth0 to 10.0.0.1 port 67 (xid=0x7e15db3d)
Oct 25 00:21:16 ip-10-0-0-41 dhclient[2130]: DHCPACK from 10.0.0.1 (xid=0x7e15db3d)
Oct 25 00:21:16 ip-10-0-0-41 dhclient[2130]: bound to 10.0.0.41 -- renewal in 1648 seconds.
Oct 25 00:21:16 ip-10-0-0-41 ec2net: [get_meta] Trying to get http://169.254.169.254/latest/meta-data/network/interfaces/macs/0a:3e:b0:fe:78:b4/local-ipv4s
Oct 25 00:21:16 ip-10-0-0-41 ec2net: [rewrite_aliases] Rewriting aliases of eth0
Oct 25 00:21:37 ip-10-0-0-41 dhclient[3563]: XMT: Solicit on eth2, interval 126810ms.
Oct 25 00:22:33 ip-10-0-0-41 dhclient[2223]: XMT: Solicit on eth0, interval 123690ms.
Oct 25 00:23:44 ip-10-0-0-41 dhclient[3563]: XMT: Solicit on eth2, interval 118440ms.
Oct 25 00:24:36 ip-10-0-0-41 dhclient[2223]: XMT: Solicit on eth0, interval 129500ms.
Oct 25 00:25:43 ip-10-0-0-41 dhclient[3563]: XMT: Solicit on eth2, interval 119610ms.
Oct 25 00:26:26 ip-10-0-0-41 dhclient[3414]: DHCPREQUEST on eth2 to 255.255.255.255 port 67 (xid=0x745e6595)
Oct 25 00:26:26 ip-10-0-0-41 dhclient[3414]: DHCPACK from 10.0.2.1 (xid=0x745e6595)
Oct 25 00:26:26 ip-10-0-0-41 ec2net: [get_meta] Trying to get http://169.254.169.254/latest/meta-data/network/interfaces/macs/0a:eb:c7:0f:1c:e0/local-ipv4s
Oct 25 00:26:26 ip-10-0-0-41 ec2net: [rewrite_rules] Rewriting rules for eth2
Oct 25 00:26:26 ip-10-0-0-41 dhclient[3414]: bound to 10.0.2.125 -- renewal in 1587 seconds.
Oct 25 00:26:26 ip-10-0-0-41 ec2net: [get_meta] Trying to get http://169.254.169.254/latest/meta-data/network/interfaces/macs/0a:eb:c7:0f:1c:e0/local-ipv4s
Oct 25 00:26:26 ip-10-0-0-41 ec2net: [rewrite_aliases] Rewriting aliases of eth2
Oct 25 00:26:46 ip-10-0-0-41 dhclient[2223]: XMT: Solicit on eth0, interval 131260ms.
Oct 25 00:27:42 ip-10-0-0-41 dhclient[3563]: XMT: Solicit on eth2, interval 122000ms.
Oct 25 00:28:57 ip-10-0-0-41 dhclient[2223]: XMT: Solicit on eth0, interval 113880ms.
Oct 25 00:29:30 ip-10-0-0-41 su: (to kyle) ec2-user on pts/0
Oct 25 00:29:44 ip-10-0-0-41 dhclient[3563]: XMT: Solicit on eth2, interval 121900ms.
Oct 25 00:30:51 ip-10-0-0-41 dhclient[2223]: XMT: Solicit on eth0, interval 112100ms.
Oct 25 00:31:46 ip-10-0-0-41 dhclient[3563]: XMT: Solicit on eth2, interval 126590ms.
Oct 25 00:32:43 ip-10-0-0-41 dhclient[2223]: XMT: Solicit on eth0, interval 119080ms.
Oct 25 00:33:53 ip-10-0-0-41 dhclient[3563]: XMT: Solicit on eth2, interval 111660ms.
Oct 25 00:34:43 ip-10-0-0-41 dhclient[2223]: XMT: Solicit on eth0, interval 130100ms.
Oct 25 00:35:45 ip-10-0-0-41 dhclient[3563]: XMT: Solicit on eth2, interval 118210ms.
Oct 25 00:36:53 ip-10-0-0-41 dhclient[2223]: XMT: Solicit on eth0, interval 122070ms.
Oct 25 00:37:43 ip-10-0-0-41 dhclient[3563]: XMT: Solicit on eth2, interval 124680ms.
Oct 25 00:38:55 ip-10-0-0-41 dhclient[2223]: XMT: Solicit on eth0, interval 121870ms.
Oct 25 00:39:48 ip-10-0-0-41 dhclient[3563]: XMT: Solicit on eth2, interval 128170ms.
Oct 25 00:40:57 ip-10-0-0-41 dhclient[2223]: XMT: Solicit on eth0, interval 110080ms.
Oct 25 00:41:56 ip-10-0-0-41 dhclient[3563]: XMT: Solicit on eth2, interval 129850ms.
Oct 25 00:42:47 ip-10-0-0-41 dhclient[2223]: XMT: Solicit on eth0, interval 113500ms.
Oct 25 00:44:06 ip-10-0-0-41 dhclient[3563]: XMT: Solicit on eth2, interval 123930ms.
Oct 25 00:44:40 ip-10-0-0-41 dhclient[2223]: XMT: Solicit on eth0, interval 121780ms.
Oct 25 00:46:10 ip-10-0-0-41 dhclient[3563]: XMT: Solicit on eth2, interval 116380ms.
Oct 25 00:46:42 ip-10-0-0-41 dhclient[2223]: XMT: Solicit on eth0, interval 120900ms.
Oct 25 00:48:07 ip-10-0-0-41 dhclient[3563]: XMT: Solicit on eth2, interval 131480ms.
Oct 25 00:48:43 ip-10-0-0-41 dhclient[2223]: XMT: Solicit on eth0, interval 123160ms.
Oct 25 00:48:44 ip-10-0-0-41 dhclient[2130]: DHCPREQUEST on eth0 to 10.0.0.1 port 67 (xid=0x7e15db3d)
Oct 25 00:48:44 ip-10-0-0-41 dhclient[2130]: DHCPACK from 10.0.0.1 (xid=0x7e15db3d)
Oct 25 00:48:44 ip-10-0-0-41 dhclient[2130]: bound to 10.0.0.41 -- renewal in 1694 seconds.
Oct 25 00:48:44 ip-10-0-0-41 ec2net: [get_meta] Trying to get http://169.254.169.254/latest/meta-data/network/interfaces/macs/0a:3e:b0:fe:78:b4/local-ipv4s
Oct 25 00:48:44 ip-10-0-0-41 ec2net: [rewrite_aliases] Rewriting aliases of eth0
Oct 25 00:49:16 ip-10-0-0-41 su: (to kyle) ec2-user on pts/0
Oct 25 00:50:18 ip-10-0-0-41 dhclient[3563]: XMT: Solicit on eth2, interval 127460ms.
Oct 25 00:50:46 ip-10-0-0-41 dhclient[2223]: XMT: Solicit on eth0, interval 127940ms.
Oct 25 00:52:26 ip-10-0-0-41 dhclient[3563]: XMT: Solicit on eth2, interval 119360ms.
Oct 25 00:52:53 ip-10-0-0-41 dhclient[3414]: DHCPREQUEST on eth2 to 255.255.255.255 port 67 (xid=0x745e6595)
Oct 25 00:52:53 ip-10-0-0-41 dhclient[3414]: DHCPACK from 10.0.2.1 (xid=0x745e6595)
Oct 25 00:52:53 ip-10-0-0-41 ec2net: [get_meta] Trying to get http://169.254.169.254/latest/meta-data/network/interfaces/macs/0a:eb:c7:0f:1c:e0/local-ipv4s
Oct 25 00:52:53 ip-10-0-0-41 ec2net: [rewrite_rules] Rewriting rules for eth2
Oct 25 00:52:53 ip-10-0-0-41 dhclient[3414]: bound to 10.0.2.125 -- renewal in 1460 seconds.
Oct 25 00:52:53 ip-10-0-0-41 ec2net: [get_meta] Trying to get http://169.254.169.254/latest/meta-data/network/interfaces/macs/0a:eb:c7:0f:1c:e0/local-ipv4s
Oct 25 00:52:53 ip-10-0-0-41 ec2net: [rewrite_aliases] Rewriting aliases of eth2
Oct 25 00:52:54 ip-10-0-0-41 dhclient[2223]: XMT: Solicit on eth0, interval 127390ms.
Oct 25 00:54:25 ip-10-0-0-41 dhclient[3563]: XMT: Solicit on eth2, interval 117050ms.
Oct 25 00:55:02 ip-10-0-0-41 dhclient[2223]: XMT: Solicit on eth0, interval 116960ms.
Oct 25 00:55:28 ip-10-0-0-41 su: (to kyle) ec2-user on pts/0
Oct 25 00:56:22 ip-10-0-0-41 dhclient[3563]: XMT: Solicit on eth2, interval 124560ms.
Oct 25 00:56:59 ip-10-0-0-41 dhclient[2223]: XMT: Solicit on eth0, interval 116480ms.
Oct 25 00:58:27 ip-10-0-0-41 dhclient[3563]: XMT: Solicit on eth2, interval 123460ms.
Oct 25 00:58:55 ip-10-0-0-41 dhclient[2223]: XMT: Solicit on eth0, interval 113750ms.
Oct 25 01:00:30 ip-10-0-0-41 dhclient[3563]: XMT: Solicit on eth2, interval 119630ms.
Oct 25 01:00:49 ip-10-0-0-41 dhclient[2223]: XMT: Solicit on eth0, interval 131040ms.
Oct 25 01:01:49 ip-10-0-0-41 su: (to annie) ec2-user on pts/0
Oct 25 01:02:27 ip-10-0-0-41 su: (to bob) ec2-user on pts/0
Oct 25 01:02:30 ip-10-0-0-41 dhclient[3563]: XMT: Solicit on eth2, interval 108020ms.
Oct 25 01:02:58 ip-10-0-0-41 su: (to grace) ec2-user on pts/0
Oct 25 01:03:00 ip-10-0-0-41 dhclient[2223]: XMT: Solicit on eth0, interval 115440ms.
Oct 25 01:03:39 ip-10-0-0-41 su: (to joe) ec2-user on pts/0
Oct 25 01:04:18 ip-10-0-0-41 dhclient[3563]: XMT: Solicit on eth2, interval 113910ms.
Oct 25 01:04:56 ip-10-0-0-41 dhclient[2223]: XMT: Solicit on eth0, interval 131580ms.
Oct 25 01:06:12 ip-10-0-0-41 dhclient[3563]: XMT: Solicit on eth2, interval 117310ms.
Oct 25 01:07:08 ip-10-0-0-41 dhclient[2223]: XMT: Solicit on eth0, interval 125990ms.
Oct 25 01:08:10 ip-10-0-0-41 dhclient[3563]: XMT: Solicit on eth2, interval 124340ms.
Oct 25 01:09:14 ip-10-0-0-41 dhclient[2223]: XMT: Solicit on eth0, interval 109120ms.
Oct 25 01:10:14 ip-10-0-0-41 dhclient[3563]: XMT: Solicit on eth2, interval 120390ms.
Oct 25 01:11:03 ip-10-0-0-41 dhclient[2223]: XMT: Solicit on eth0, interval 126330ms.
Oct 25 01:12:04 ip-10-0-0-41 yum[5340]: Installed: 14:libpcap-1.4.0-1.20130826git2dbcaa1.10.amzn1.x86_64
Oct 25 01:12:04 ip-10-0-0-41 yum[5340]: Installed: 14:tcpdump-4.0.0-3.20090921gitdf3cb4.2.10.amzn1.x86_64
Oct 25 01:12:14 ip-10-0-0-41 dhclient[3563]: XMT: Solicit on eth2, interval 124560ms.
Oct 25 01:12:16 ip-10-0-0-41 kernel: [ 4787.620235] device eth2 entered promiscuous mode
Oct 25 01:12:24 ip-10-0-0-41 kernel: [ 4796.469866] device eth2 left promiscuous mode
Oct 25 01:13:09 ip-10-0-0-41 dhclient[2223]: XMT: Solicit on eth0, interval 118010ms.
Oct 25 01:14:19 ip-10-0-0-41 dhclient[3563]: XMT: Solicit on eth2, interval 109810ms.
Oct 25 01:15:07 ip-10-0-0-41 dhclient[2223]: XMT: Solicit on eth0, interval 111820ms.
Oct 25 01:16:09 ip-10-0-0-41 dhclient[3563]: XMT: Solicit on eth2, interval 131610ms.
Oct 25 01:16:58 ip-10-0-0-41 dhclient[2130]: DHCPREQUEST on eth0 to 10.0.0.1 port 67 (xid=0x7e15db3d)
Oct 25 01:16:58 ip-10-0-0-41 dhclient[2130]: DHCPACK from 10.0.0.1 (xid=0x7e15db3d)
Oct 25 01:16:58 ip-10-0-0-41 dhclient[2130]: bound to 10.0.0.41 -- renewal in 1532 seconds.
Oct 25 01:16:58 ip-10-0-0-41 ec2net: [get_meta] Trying to get http://169.254.169.254/latest/meta-data/network/interfaces/macs/0a:3e:b0:fe:78:b4/local-ipv4s
Oct 25 01:16:58 ip-10-0-0-41 ec2net: [rewrite_aliases] Rewriting aliases of eth0
Oct 25 01:16:59 ip-10-0-0-41 dhclient[2223]: XMT: Solicit on eth0, interval 131640ms.
Oct 25 01:17:13 ip-10-0-0-41 dhclient[3414]: DHCPREQUEST on eth2 to 255.255.255.255 port 67 (xid=0x745e6595)
Oct 25 01:17:13 ip-10-0-0-41 dhclient[3414]: DHCPACK from 10.0.2.1 (xid=0x745e6595)
Oct 25 01:17:13 ip-10-0-0-41 ec2net: [get_meta] Trying to get http://169.254.169.254/latest/meta-data/network/interfaces/macs/0a:eb:c7:0f:1c:e0/local-ipv4s
Oct 25 01:17:13 ip-10-0-0-41 ec2net: [rewrite_rules] Rewriting rules for eth2
Oct 25 01:17:13 ip-10-0-0-41 dhclient[3414]: bound to 10.0.2.125 -- renewal in 1575 seconds.
Oct 25 01:17:13 ip-10-0-0-41 ec2net: [get_meta] Trying to get http://169.254.169.254/latest/meta-data/network/interfaces/macs/0a:eb:c7:0f:1c:e0/local-ipv4s
Oct 25 01:17:13 ip-10-0-0-41 ec2net: [rewrite_aliases] Rewriting aliases of eth2
Oct 25 01:18:21 ip-10-0-0-41 dhclient[3563]: XMT: Solicit on eth2, interval 118180ms.
Oct 25 01:19:11 ip-10-0-0-41 dhclient[2223]: XMT: Solicit on eth0, interval 123890ms.
Oct 25 01:20:19 ip-10-0-0-41 dhclient[3563]: XMT: Solicit on eth2, interval 129840ms.
Oct 25 01:21:15 ip-10-0-0-41 dhclient[2223]: XMT: Solicit on eth0, interval 130560ms.
Oct 25 01:22:29 ip-10-0-0-41 dhclient[3563]: XMT: Solicit on eth2, interval 123930ms.
Oct 25 01:23:26 ip-10-0-0-41 dhclient[2223]: XMT: Solicit on eth0, interval 117820ms.
Oct 25 01:24:33 ip-10-0-0-41 dhclient[3563]: XMT: Solicit on eth2, interval 131860ms.
Oct 25 01:25:23 ip-10-0-0-41 dhclient[2223]: XMT: Solicit on eth0, interval 115350ms.
Oct 25 01:26:45 ip-10-0-0-41 dhclient[3563]: XMT: Solicit on eth2, interval 122880ms.
Oct 25 01:27:19 ip-10-0-0-41 dhclient[2223]: XMT: Solicit on eth0, interval 118860ms.
Oct 25 01:28:48 ip-10-0-0-41 dhclient[3563]: XMT: Solicit on eth2, interval 113510ms.
Oct 25 01:28:53 ip-10-0-0-41 yum[5484]: Installed: splunkforwarder-7.0.0-c8a78efdd40f.x86_64
Oct 25 01:29:18 ip-10-0-0-41 dhclient[2223]: XMT: Solicit on eth0, interval 118880ms.
Oct 25 01:29:33 ip-10-0-0-41 su: (to root) ec2-user on pts/0
Oct 25 01:30:14 ip-10-0-0-41 su: (to splunk) ec2-user on pts/1
Oct 25 01:30:41 ip-10-0-0-41 dhclient[3563]: XMT: Solicit on eth2, interval 118800ms.
Oct 25 01:31:17 ip-10-0-0-41 dhclient[2223]: XMT: Solicit on eth0, interval 118110ms.
Oct 25 01:32:40 ip-10-0-0-41 dhclient[3563]: XMT: Solicit on eth2, interval 127570ms.
Oct 25 01:33:15 ip-10-0-0-41 dhclient[2223]: XMT: Solicit on eth0, interval 118330ms.
Oct 25 01:34:48 ip-10-0-0-41 dhclient[3563]: XMT: Solicit on eth2, interval 111300ms.
Oct 25 01:35:13 ip-10-0-0-41 dhclient[2223]: XMT: Solicit on eth0, interval 131980ms.
Oct 25 01:36:39 ip-10-0-0-41 dhclient[3563]: XMT: Solicit on eth2, interval 126420ms.
Oct 25 01:37:26 ip-10-0-0-41 dhclient[2223]: XMT: Solicit on eth0, interval 111030ms.
Oct 25 01:38:46 ip-10-0-0-41 dhclient[3563]: XMT: Solicit on eth2, interval 129520ms.
Oct 25 01:39:17 ip-10-0-0-41 dhclient[2223]: XMT: Solicit on eth0, interval 111510ms.
Oct 25 01:40:55 ip-10-0-0-41 dhclient[3563]: XMT: Solicit on eth2, interval 130470ms.
Oct 25 01:41:08 ip-10-0-0-41 dhclient[2223]: XMT: Solicit on eth0, interval 113780ms.
Oct 25 01:42:30 ip-10-0-0-41 dhclient[2130]: DHCPREQUEST on eth0 to 10.0.0.1 port 67 (xid=0x7e15db3d)
Oct 25 01:42:30 ip-10-0-0-41 dhclient[2130]: DHCPACK from 10.0.0.1 (xid=0x7e15db3d)
Oct 25 01:42:30 ip-10-0-0-41 dhclient[2130]: bound to 10.0.0.41 -- renewal in 1681 seconds.
Oct 25 01:42:30 ip-10-0-0-41 ec2net: [get_meta] Trying to get http://169.254.169.254/latest/meta-data/network/interfaces/macs/0a:3e:b0:fe:78:b4/local-ipv4s
Oct 25 01:42:30 ip-10-0-0-41 ec2net: [rewrite_aliases] Rewriting aliases of eth0
Oct 25 01:43:02 ip-10-0-0-41 dhclient[2223]: XMT: Solicit on eth0, interval 123200ms.
Oct 25 01:43:06 ip-10-0-0-41 dhclient[3563]: XMT: Solicit on eth2, interval 115150ms.
Oct 25 01:43:28 ip-10-0-0-41 dhclient[3414]: DHCPREQUEST on eth2 to 255.255.255.255 port 67 (xid=0x745e6595)
Oct 25 01:43:28 ip-10-0-0-41 dhclient[3414]: DHCPACK from 10.0.2.1 (xid=0x745e6595)
Oct 25 01:43:28 ip-10-0-0-41 ec2net: [get_meta] Trying to get http://169.254.169.254/latest/meta-data/network/interfaces/macs/0a:eb:c7:0f:1c:e0/local-ipv4s
Oct 25 01:43:28 ip-10-0-0-41 ec2net: [rewrite_rules] Rewriting rules for eth2
Oct 25 01:43:28 ip-10-0-0-41 dhclient[3414]: bound to 10.0.2.125 -- renewal in 1768 seconds.
Oct 25 01:43:28 ip-10-0-0-41 ec2net: [get_meta] Trying to get http://169.254.169.254/latest/meta-data/network/interfaces/macs/0a:eb:c7:0f:1c:e0/local-ipv4s
Oct 25 01:43:28 ip-10-0-0-41 ec2net: [rewrite_aliases] Rewriting aliases of eth2
Oct 25 01:45:01 ip-10-0-0-41 dhclient[3563]: XMT: Solicit on eth2, interval 112040ms.
Oct 25 01:45:05 ip-10-0-0-41 dhclient[2223]: XMT: Solicit on eth0, interval 109620ms.
Oct 25 01:46:53 ip-10-0-0-41 dhclient[3563]: XMT: Solicit on eth2, interval 111460ms.
Oct 25 01:46:55 ip-10-0-0-41 dhclient[2223]: XMT: Solicit on eth0, interval 127500ms.
Oct 25 01:48:45 ip-10-0-0-41 dhclient[3563]: XMT: Solicit on eth2, interval 111010ms.
Oct 25 01:49:02 ip-10-0-0-41 dhclient[2223]: XMT: Solicit on eth0, interval 123670ms.
Oct 25 01:50:36 ip-10-0-0-41 dhclient[3563]: XMT: Solicit on eth2, interval 118630ms.
Oct 25 01:51:06 ip-10-0-0-41 dhclient[2223]: XMT: Solicit on eth0, interval 128000ms.
Oct 25 01:52:34 ip-10-0-0-41 dhclient[3563]: XMT: Solicit on eth2, interval 111170ms.
Oct 25 01:53:14 ip-10-0-0-41 dhclient[2223]: XMT: Solicit on eth0, interval 115110ms.
Oct 25 01:54:26 ip-10-0-0-41 dhclient[3563]: XMT: Solicit on eth2, interval 122000ms.
Oct 25 01:55:09 ip-10-0-0-41 dhclient[2223]: XMT: Solicit on eth0, interval 116190ms.
Oct 25 01:56:28 ip-10-0-0-41 dhclient[3563]: XMT: Solicit on eth2, interval 115480ms.
Oct 25 01:57:06 ip-10-0-0-41 dhclient[2223]: XMT: Solicit on eth0, interval 112550ms.
Oct 25 01:58:23 ip-10-0-0-41 dhclient[3563]: XMT: Solicit on eth2, interval 111330ms.
Oct 25 01:58:58 ip-10-0-0-41 dhclient[2223]: XMT: Solicit on eth0, interval 118210ms.
Oct 25 02:00:15 ip-10-0-0-41 dhclient[3563]: XMT: Solicit on eth2, interval 123160ms.
Oct 25 02:00:57 ip-10-0-0-41 dhclient[2223]: XMT: Solicit on eth0, interval 127530ms.
Oct 25 02:02:18 ip-10-0-0-41 dhclient[3563]: XMT: Solicit on eth2, interval 118060ms.
Oct 25 02:03:04 ip-10-0-0-41 dhclient[2223]: XMT: Solicit on eth0, interval 113290ms.
Oct 25 02:04:16 ip-10-0-0-41 dhclient[3563]: XMT: Solicit on eth2, interval 112880ms.
Oct 25 02:04:58 ip-10-0-0-41 dhclient[2223]: XMT: Solicit on eth0, interval 125790ms.
Oct 25 02:06:09 ip-10-0-0-41 dhclient[3563]: XMT: Solicit on eth2, interval 124150ms.
Oct 25 02:07:03 ip-10-0-0-41 dhclient[2223]: XMT: Solicit on eth0, interval 127700ms.
Oct 25 02:07:59 ip-10-0-0-41 su: (to root) ec2-user on pts/1
Oct 25 02:08:13 ip-10-0-0-41 dhclient[3563]: XMT: Solicit on eth2, interval 113890ms.
Oct 25 02:09:11 ip-10-0-0-41 dhclient[2223]: XMT: Solicit on eth0, interval 115120ms.
Oct 25 02:10:07 ip-10-0-0-41 dhclient[3563]: XMT: Solicit on eth2, interval 125930ms.
Oct 25 02:10:31 ip-10-0-0-41 dhclient[2130]: DHCPREQUEST on eth0 to 10.0.0.1 port 67 (xid=0x7e15db3d)
Oct 25 02:10:31 ip-10-0-0-41 dhclient[2130]: DHCPACK from 10.0.0.1 (xid=0x7e15db3d)
Oct 25 02:10:31 ip-10-0-0-41 dhclient[2130]: bound to 10.0.0.41 -- renewal in 1408 seconds.
Oct 25 02:10:31 ip-10-0-0-41 ec2net: [get_meta] Trying to get http://169.254.169.254/latest/meta-data/network/interfaces/macs/0a:3e:b0:fe:78:b4/local-ipv4s
Oct 25 02:10:31 ip-10-0-0-41 ec2net: [rewrite_aliases] Rewriting aliases of eth0
Oct 25 02:11:06 ip-10-0-0-41 dhclient[2223]: XMT: Solicit on eth0, interval 116840ms.
Oct 25 02:12:13 ip-10-0-0-41 dhclient[3563]: XMT: Solicit on eth2, interval 119410ms.
Oct 25 02:12:56 ip-10-0-0-41 dhclient[3414]: DHCPREQUEST on eth2 to 255.255.255.255 port 67 (xid=0x745e6595)
Oct 25 02:12:56 ip-10-0-0-41 dhclient[3414]: DHCPACK from 10.0.2.1 (xid=0x745e6595)
Oct 25 02:12:56 ip-10-0-0-41 ec2net: [get_meta] Trying to get http://169.254.169.254/latest/meta-data/network/interfaces/macs/0a:eb:c7:0f:1c:e0/local-ipv4s
Oct 25 02:12:56 ip-10-0-0-41 ec2net: [rewrite_rules] Rewriting rules for eth2
Oct 25 02:12:56 ip-10-0-0-41 dhclient[3414]: bound to 10.0.2.125 -- renewal in 1451 seconds.
Oct 25 02:12:56 ip-10-0-0-41 ec2net: [get_meta] Trying to get http://169.254.169.254/latest/meta-data/network/interfaces/macs/0a:eb:c7:0f:1c:e0/local-ipv4s
Oct 25 02:12:56 ip-10-0-0-41 ec2net: [rewrite_aliases] Rewriting aliases of eth2
Oct 25 02:13:03 ip-10-0-0-41 dhclient[2223]: XMT: Solicit on eth0, interval 109000ms.
Oct 25 02:14:13 ip-10-0-0-41 dhclient[3563]: XMT: Solicit on eth2, interval 131320ms.
Oct 25 02:14:52 ip-10-0-0-41 dhclient[2223]: XMT: Solicit on eth0, interval 120560ms.
Oct 25 02:16:24 ip-10-0-0-41 dhclient[3563]: XMT: Solicit on eth2, interval 125910ms.
Oct 25 02:16:53 ip-10-0-0-41 dhclient[2223]: XMT: Solicit on eth0, interval 127050ms.
Oct 25 02:18:30 ip-10-0-0-41 dhclient[3563]: XMT: Solicit on eth2, interval 131030ms.
Oct 25 02:19:00 ip-10-0-0-41 dhclient[2223]: XMT: Solicit on eth0, interval 119740ms.
Oct 25 02:20:41 ip-10-0-0-41 dhclient[3563]: XMT: Solicit on eth2, interval 128360ms.
Oct 25 02:21:00 ip-10-0-0-41 dhclient[2223]: XMT: Solicit on eth0, interval 115280ms.
Oct 25 02:22:50 ip-10-0-0-41 dhclient[3563]: XMT: Solicit on eth2, interval 129760ms.
Oct 25 02:22:55 ip-10-0-0-41 dhclient[2223]: XMT: Solicit on eth0, interval 112900ms.
Oct 25 02:24:48 ip-10-0-0-41 dhclient[2223]: XMT: Solicit on eth0, interval 129450ms.
Oct 25 02:25:00 ip-10-0-0-41 dhclient[3563]: XMT: Solicit on eth2, interval 124160ms.
Oct 25 02:26:58 ip-10-0-0-41 dhclient[2223]: XMT: Solicit on eth0, interval 116770ms.
Oct 25 02:27:04 ip-10-0-0-41 dhclient[3563]: XMT: Solicit on eth2, interval 114490ms.
Oct 25 02:28:55 ip-10-0-0-41 dhclient[2223]: XMT: Solicit on eth0, interval 124010ms.
Oct 25 02:28:58 ip-10-0-0-41 dhclient[3563]: XMT: Solicit on eth2, interval 128580ms.
Oct 25 02:30:59 ip-10-0-0-41 dhclient[2223]: XMT: Solicit on eth0, interval 109300ms.
Oct 25 02:31:07 ip-10-0-0-41 dhclient[3563]: XMT: Solicit on eth2, interval 124550ms.
Oct 25 02:32:48 ip-10-0-0-41 dhclient[2223]: XMT: Solicit on eth0, interval 131160ms.
Oct 25 02:33:03 ip-10-0-0-41 kernel: [ 9635.306892] Netfilter messages via NETLINK v0.30.
Oct 25 02:33:03 ip-10-0-0-41 kernel: [ 9635.314112] device eth0 entered promiscuous mode
Oct 25 02:33:12 ip-10-0-0-41 dhclient[3563]: XMT: Solicit on eth2, interval 131920ms.
Oct 25 02:33:59 ip-10-0-0-41 dhclient[2130]: DHCPREQUEST on eth0 to 10.0.0.1 port 67 (xid=0x7e15db3d)
Oct 25 02:33:59 ip-10-0-0-41 dhclient[2130]: DHCPACK from 10.0.0.1 (xid=0x7e15db3d)
Oct 25 02:33:59 ip-10-0-0-41 dhclient[2130]: bound to 10.0.0.41 -- renewal in 1758 seconds.
Oct 25 02:33:59 ip-10-0-0-41 ec2net: [get_meta] Trying to get http://169.254.169.254/latest/meta-data/network/interfaces/macs/0a:3e:b0:fe:78:b4/local-ipv4s
Oct 25 02:33:59 ip-10-0-0-41 ec2net: [rewrite_aliases] Rewriting aliases of eth0
Oct 25 02:34:59 ip-10-0-0-41 dhclient[2223]: XMT: Solicit on eth0, interval 129330ms.
Oct 25 02:35:24 ip-10-0-0-41 dhclient[3563]: XMT: Solicit on eth2, interval 110410ms.
Oct 25 02:37:07 ip-10-0-0-41 dhclient[3414]: DHCPREQUEST on eth2 to 255.255.255.255 port 67 (xid=0x745e6595)
Oct 25 02:37:07 ip-10-0-0-41 dhclient[3414]: DHCPACK from 10.0.2.1 (xid=0x745e6595)
Oct 25 02:37:07 ip-10-0-0-41 ec2net: [get_meta] Trying to get http://169.254.169.254/latest/meta-data/network/interfaces/macs/0a:eb:c7:0f:1c:e0/local-ipv4s
Oct 25 02:37:07 ip-10-0-0-41 ec2net: [rewrite_rules] Rewriting rules for eth2
Oct 25 02:37:07 ip-10-0-0-41 dhclient[3414]: bound to 10.0.2.125 -- renewal in 1360 seconds.
Oct 25 02:37:07 ip-10-0-0-41 ec2net: [get_meta] Trying to get http://169.254.169.254/latest/meta-data/network/interfaces/macs/0a:eb:c7:0f:1c:e0/local-ipv4s
Oct 25 02:37:07 ip-10-0-0-41 ec2net: [rewrite_aliases] Rewriting aliases of eth2
Oct 25 02:37:09 ip-10-0-0-41 dhclient[2223]: XMT: Solicit on eth0, interval 131660ms.
Oct 25 02:37:14 ip-10-0-0-41 dhclient[3563]: XMT: Solicit on eth2, interval 127890ms.
Oct 25 02:38:14 ip-10-0-0-41 kernel: [ 9945.789471] device eth0 left promiscuous mode
Oct 25 02:39:21 ip-10-0-0-41 dhclient[2223]: XMT: Solicit on eth0, interval 125720ms.
Oct 25 02:39:22 ip-10-0-0-41 dhclient[3563]: XMT: Solicit on eth2, interval 116030ms.
Oct 25 02:41:18 ip-10-0-0-41 dhclient[3563]: XMT: Solicit on eth2, interval 124110ms.
Oct 25 02:41:26 ip-10-0-0-41 dhclient[2223]: XMT: Solicit on eth0, interval 108130ms.
Oct 25 02:43:15 ip-10-0-0-41 dhclient[2223]: XMT: Solicit on eth0, interval 111570ms.
Oct 25 02:43:22 ip-10-0-0-41 dhclient[3563]: XMT: Solicit on eth2, interval 114140ms.
Oct 25 02:45:06 ip-10-0-0-41 dhclient[2223]: XMT: Solicit on eth0, interval 110600ms.
Oct 25 02:45:16 ip-10-0-0-41 dhclient[3563]: XMT: Solicit on eth2, interval 114980ms.
Oct 25 02:46:57 ip-10-0-0-41 dhclient[2223]: XMT: Solicit on eth0, interval 119600ms.
Oct 25 02:47:11 ip-10-0-0-41 dhclient[3563]: XMT: Solicit on eth2, interval 130900ms.
Oct 25 02:48:57 ip-10-0-0-41 dhclient[2223]: XMT: Solicit on eth0, interval 116070ms.
Oct 25 02:49:22 ip-10-0-0-41 dhclient[3563]: XMT: Solicit on eth2, interval 120190ms.
Oct 25 02:50:43 ip-10-0-0-41 yum[7039]: Installed: 1:telnet-0.17-48.8.amzn1.x86_64
Oct 25 02:50:53 ip-10-0-0-41 dhclient[2223]: XMT: Solicit on eth0, interval 124250ms.
Oct 25 02:51:23 ip-10-0-0-41 dhclient[3563]: XMT: Solicit on eth2, interval 109740ms.
Oct 25 02:52:50 ip-10-0-0-41 init: serial (ttyS0) main process (2922) killed by TERM signal
Oct 25 02:52:50 ip-10-0-0-41 init: tty (/dev/tty1) main process (2926) killed by TERM signal
Oct 25 02:52:50 ip-10-0-0-41 init: tty (/dev/tty2) main process (2929) killed by TERM signal
Oct 25 02:52:50 ip-10-0-0-41 init: tty (/dev/tty3) main process (2931) killed by TERM signal
Oct 25 02:52:50 ip-10-0-0-41 init: tty (/dev/tty4) main process (2933) killed by TERM signal
Oct 25 02:52:50 ip-10-0-0-41 init: tty (/dev/tty5) main process (2935) killed by TERM signal
Oct 25 02:52:50 ip-10-0-0-41 init: tty (/dev/tty6) main process (2937) killed by TERM signal
Oct 25 02:52:50 ip-10-0-0-41 init: plymouth-shutdown main process (7083) terminated with status 1
Oct 25 02:52:50 ip-10-0-0-41 init: splash-manager main process (7078) terminated with status 1
Oct 25 02:52:51 ip-10-0-0-41 acpid: exiting
Oct 25 02:52:51 ip-10-0-0-41 ntpd[2834]: ntpd exiting on signal 15
Oct 25 02:52:51 ip-10-0-0-41 init: Disconnected from system bus
Oct 25 02:52:51 ip-10-0-0-41 rpcbind: rpcbind terminating on signal. Restart with "rpcbind -w"
Oct 25 02:52:51 ip-10-0-0-41 auditd[2275]: The audit daemon is exiting.
Oct 25 02:52:51 ip-10-0-0-41 kernel: [10822.988700] audit: type=1305 audit(1508899971.464:1067): audit_pid=0 old=2275 auid=4294967295 ses=4294967295 res=1
Oct 25 02:52:51 ip-10-0-0-41 kernel: [10823.083217] audit: type=1305 audit(1508899971.556:1068): audit_enabled=0 old=1 auid=4294967295 ses=4294967295 res=1
Oct 25 02:52:51 ip-10-0-0-41 kernel: Kernel logging (proc) stopped.
Oct 25 02:52:51 ip-10-0-0-41 rsyslogd: [origin software="rsyslogd" swVersion="5.8.10" x-pid="2304" x-info="http://www.rsyslog.com"] exiting on signal 15.
Oct 25 02:53:37 ip-10-0-0-41 kernel: imklog 5.8.10, log source = /proc/kmsg started.
Oct 25 02:53:37 ip-10-0-0-41 rsyslogd: [origin software="rsyslogd" swVersion="5.8.10" x-pid="2573" x-info="http://www.rsyslog.com"] start
Oct 25 02:53:37 ip-10-0-0-41 kernel: [    0.000000] Linux version 4.9.51-10.52.amzn1.x86_64 (mockbuild@gobi-build-64010) (gcc version 4.8.5 20150623 (Red Hat 4.8.5-11) (GCC) ) #1 SMP Fri Sep 29 01:16:19 UTC 2017
Oct 25 02:53:37 ip-10-0-0-41 kernel: [    0.000000] Command line: root=LABEL=/ console=tty1 console=ttyS0 selinux=0
Oct 25 02:53:37 ip-10-0-0-41 kernel: [    0.000000] x86/fpu: Supporting XSAVE feature 0x001: 'x87 floating point registers'
Oct 25 02:53:37 ip-10-0-0-41 kernel: [    0.000000] x86/fpu: Supporting XSAVE feature 0x002: 'SSE registers'
Oct 25 02:53:37 ip-10-0-0-41 kernel: [    0.000000] x86/fpu: Supporting XSAVE feature 0x004: 'AVX registers'
Oct 25 02:53:37 ip-10-0-0-41 kernel: [    0.000000] x86/fpu: xstate_offset[2]:  576, xstate_sizes[2]:  256
Oct 25 02:53:37 ip-10-0-0-41 kernel: [    0.000000] x86/fpu: Enabled xstate features 0x7, context size is 832 bytes, using 'standard' format.
Oct 25 02:53:37 ip-10-0-0-41 kernel: [    0.000000] x86/fpu: Using 'eager' FPU context switches.
Oct 25 02:53:37 ip-10-0-0-41 kernel: [    0.000000] e820: BIOS-provided physical RAM map:
Oct 25 02:53:37 ip-10-0-0-41 kernel: [    0.000000] BIOS-e820: [mem 0x0000000000000000-0x000000000009dfff] usable
Oct 25 02:53:37 ip-10-0-0-41 kernel: [    0.000000] BIOS-e820: [mem 0x000000000009e000-0x000000000009ffff] reserved
Oct 25 02:53:37 ip-10-0-0-41 kernel: [    0.000000] BIOS-e820: [mem 0x00000000000e0000-0x00000000000fffff] reserved
Oct 25 02:53:37 ip-10-0-0-41 kernel: [    0.000000] BIOS-e820: [mem 0x0000000000100000-0x000000003fffffff] usable
Oct 25 02:53:37 ip-10-0-0-41 kernel: [    0.000000] BIOS-e820: [mem 0x00000000fc000000-0x00000000ffffffff] reserved
Oct 25 02:53:37 ip-10-0-0-41 kernel: [    0.000000] NX (Execute Disable) protection: active
Oct 25 02:53:37 ip-10-0-0-41 kernel: [    0.000000] SMBIOS 2.7 present.
Oct 25 02:53:37 ip-10-0-0-41 kernel: [    0.000000] Hypervisor detected: Xen
Oct 25 02:53:37 ip-10-0-0-41 kernel: [    0.000000] Xen version 4.2.
Oct 25 02:53:37 ip-10-0-0-41 kernel: [    0.000000] Netfront and the Xen platform PCI driver have been compiled for this kernel: unplug emulated NICs.
Oct 25 02:53:37 ip-10-0-0-41 kernel: [    0.000000] Blkfront and the Xen platform PCI driver have been compiled for this kernel: unplug emulated disks.
Oct 25 02:53:37 ip-10-0-0-41 kernel: [    0.000000] You might have to change the root device
Oct 25 02:53:37 ip-10-0-0-41 kernel: [    0.000000] from /dev/hd[a-d] to /dev/xvd[a-d]
Oct 25 02:53:37 ip-10-0-0-41 kernel: [    0.000000] in your root= kernel command line option
Oct 25 02:53:37 ip-10-0-0-41 kernel: [    0.000000] e820: last_pfn = 0x40000 max_arch_pfn = 0x400000000
Oct 25 02:53:37 ip-10-0-0-41 kernel: [    0.000000] x86/PAT: Configuration [0-7]: WB  WC  UC- UC  WB  WC  UC- WT  
Oct 25 02:53:37 ip-10-0-0-41 kernel: [    0.000000] found SMP MP-table at [mem 0x000fbc20-0x000fbc2f] mapped at [ffff8800000fbc20]
Oct 25 02:53:37 ip-10-0-0-41 kernel: [    0.000000] RAMDISK: [mem 0x371ef000-0x37feffff]
Oct 25 02:53:37 ip-10-0-0-41 kernel: [    0.000000] ACPI: Early table checksum verification disabled
Oct 25 02:53:37 ip-10-0-0-41 kernel: [    0.000000] ACPI: RSDP 0x00000000000EA020 000024 (v02 Xen   )
Oct 25 02:53:37 ip-10-0-0-41 kernel: [    0.000000] ACPI: XSDT 0x00000000FC00DDC0 000054 (v01 Xen    HVM      00000000 HVML 00000000)
Oct 25 02:53:37 ip-10-0-0-41 kernel: [    0.000000] ACPI: FACP 0x00000000FC00DA80 0000F4 (v04 Xen    HVM      00000000 HVML 00000000)
Oct 25 02:53:37 ip-10-0-0-41 kernel: [    0.000000] ACPI: DSDT 0x00000000FC001CE0 00BD19 (v02 Xen    HVM      00000000 INTL 20090123)
Oct 25 02:53:37 ip-10-0-0-41 kernel: [    0.000000] ACPI: FACS 0x00000000FC001CA0 000040
Oct 25 02:53:37 ip-10-0-0-41 kernel: [    0.000000] ACPI: FACS 0x00000000FC001CA0 000040
Oct 25 02:53:37 ip-10-0-0-41 kernel: [    0.000000] ACPI: APIC 0x00000000FC00DB80 0000D8 (v02 Xen    HVM      00000000 HVML 00000000)
Oct 25 02:53:37 ip-10-0-0-41 kernel: [    0.000000] ACPI: HPET 0x00000000FC00DCD0 000038 (v01 Xen    HVM      00000000 HVML 00000000)
Oct 25 02:53:37 ip-10-0-0-41 kernel: [    0.000000] ACPI: WAET 0x00000000FC00DD10 000028 (v01 Xen    HVM      00000000 HVML 00000000)
Oct 25 02:53:37 ip-10-0-0-41 kernel: [    0.000000] ACPI: SSDT 0x00000000FC00DD40 000031 (v02 Xen    HVM      00000000 INTL 20090123)
Oct 25 02:53:37 ip-10-0-0-41 kernel: [    0.000000] ACPI: SSDT 0x00000000FC00DD80 000031 (v02 Xen    HVM      00000000 INTL 20090123)
Oct 25 02:53:37 ip-10-0-0-41 kernel: [    0.000000] No NUMA configuration found
Oct 25 02:53:37 ip-10-0-0-41 kernel: [    0.000000] Faking a node at [mem 0x0000000000000000-0x000000003fffffff]
Oct 25 02:53:37 ip-10-0-0-41 kernel: [    0.000000] NODE_DATA(0) allocated [mem 0x3ffde000-0x3fffffff]
Oct 25 02:53:37 ip-10-0-0-41 kernel: [    0.000000] Zone ranges:
Oct 25 02:53:37 ip-10-0-0-41 kernel: [    0.000000]   DMA      [mem 0x0000000000001000-0x0000000000ffffff]
Oct 25 02:53:37 ip-10-0-0-41 kernel: [    0.000000]   DMA32    [mem 0x0000000001000000-0x000000003fffffff]
Oct 25 02:53:37 ip-10-0-0-41 kernel: [    0.000000]   Normal   empty
Oct 25 02:53:37 ip-10-0-0-41 kernel: [    0.000000] Movable zone start for each node
Oct 25 02:53:37 ip-10-0-0-41 kernel: [    0.000000] Early memory node ranges
Oct 25 02:53:37 ip-10-0-0-41 kernel: [    0.000000]   node   0: [mem 0x0000000000001000-0x000000000009dfff]
Oct 25 02:53:37 ip-10-0-0-41 kernel: [    0.000000]   node   0: [mem 0x0000000000100000-0x000000003fffffff]
Oct 25 02:53:37 ip-10-0-0-41 kernel: [    0.000000] Initmem setup node 0 [mem 0x0000000000001000-0x000000003fffffff]
Oct 25 02:53:37 ip-10-0-0-41 kernel: [    0.000000] ACPI: PM-Timer IO Port: 0xb008
Oct 25 02:53:37 ip-10-0-0-41 kernel: [    0.000000] IOAPIC[0]: apic_id 1, version 17, address 0xfec00000, GSI 0-47
Oct 25 02:53:37 ip-10-0-0-41 kernel: [    0.000000] ACPI: INT_SRC_OVR (bus 0 bus_irq 0 global_irq 2 dfl dfl)
Oct 25 02:53:37 ip-10-0-0-41 kernel: [    0.000000] ACPI: INT_SRC_OVR (bus 0 bus_irq 5 global_irq 5 low level)
Oct 25 02:53:37 ip-10-0-0-41 kernel: [    0.000000] ACPI: INT_SRC_OVR (bus 0 bus_irq 10 global_irq 10 low level)
Oct 25 02:53:37 ip-10-0-0-41 kernel: [    0.000000] ACPI: INT_SRC_OVR (bus 0 bus_irq 11 global_irq 11 low level)
Oct 25 02:53:37 ip-10-0-0-41 kernel: [    0.000000] Using ACPI (MADT) for SMP configuration information
Oct 25 02:53:37 ip-10-0-0-41 kernel: [    0.000000] ACPI: HPET id: 0x8086a201 base: 0xfed00000
Oct 25 02:53:37 ip-10-0-0-41 kernel: [    0.000000] smpboot: Allowing 15 CPUs, 14 hotplug CPUs
Oct 25 02:53:37 ip-10-0-0-41 kernel: [    0.000000] PM: Registered nosave memory: [mem 0x00000000-0x00000fff]
Oct 25 02:53:37 ip-10-0-0-41 kernel: [    0.000000] PM: Registered nosave memory: [mem 0x0009e000-0x0009ffff]
Oct 25 02:53:37 ip-10-0-0-41 kernel: [    0.000000] PM: Registered nosave memory: [mem 0x000a0000-0x000dffff]
Oct 25 02:53:37 ip-10-0-0-41 kernel: [    0.000000] PM: Registered nosave memory: [mem 0x000e0000-0x000fffff]
Oct 25 02:53:37 ip-10-0-0-41 kernel: [    0.000000] e820: [mem 0x40000000-0xfbffffff] available for PCI devices
Oct 25 02:53:37 ip-10-0-0-41 kernel: [    0.000000] Booting paravirtualized kernel on Xen HVM
Oct 25 02:53:37 ip-10-0-0-41 kernel: [    0.000000] clocksource: refined-jiffies: mask: 0xffffffff max_cycles: 0xffffffff, max_idle_ns: 7645519600211568 ns
Oct 25 02:53:37 ip-10-0-0-41 kernel: [    0.000000] setup_percpu: NR_CPUS:128 nr_cpumask_bits:128 nr_cpu_ids:15 nr_node_ids:1
Oct 25 02:53:37 ip-10-0-0-41 kernel: [    0.000000] percpu: Embedded 34 pages/cpu @ffff88003e200000 s101784 r8192 d29288 u262144
Oct 25 02:53:37 ip-10-0-0-41 kernel: [    0.000000] PV qspinlock hash table entries: 256 (order: 0, 4096 bytes)
Oct 25 02:53:37 ip-10-0-0-41 kernel: [    0.000000] Built 1 zonelists in Node order, mobility grouping on.  Total pages: 257928
Oct 25 02:53:37 ip-10-0-0-41 kernel: [    0.000000] Policy zone: DMA32
Oct 25 02:53:37 ip-10-0-0-41 kernel: [    0.000000] Kernel command line: root=LABEL=/ console=tty1 console=ttyS0 selinux=0
Oct 25 02:53:37 ip-10-0-0-41 kernel: [    0.000000] PID hash table entries: 4096 (order: 3, 32768 bytes)
Oct 25 02:53:37 ip-10-0-0-41 kernel: [    0.000000] Memory: 999336K/1048180K available (5383K kernel code, 1110K rwdata, 2448K rodata, 1256K init, 3124K bss, 48844K reserved, 0K cma-reserved)
Oct 25 02:53:37 ip-10-0-0-41 kernel: [    0.000000] SLUB: HWalign=64, Order=0-3, MinObjects=0, CPUs=15, Nodes=1
Oct 25 02:53:37 ip-10-0-0-41 kernel: [    0.000000] Hierarchical RCU implementation.
Oct 25 02:53:37 ip-10-0-0-41 kernel: [    0.000000] 	Build-time adjustment of leaf fanout to 64.
Oct 25 02:53:37 ip-10-0-0-41 kernel: [    0.000000] 	RCU restricting CPUs from NR_CPUS=128 to nr_cpu_ids=15.
Oct 25 02:53:37 ip-10-0-0-41 kernel: [    0.000000] RCU: Adjusting geometry for rcu_fanout_leaf=64, nr_cpu_ids=15
Oct 25 02:53:37 ip-10-0-0-41 kernel: [    0.000000] NR_IRQS:8448 nr_irqs:952 16
Oct 25 02:53:37 ip-10-0-0-41 kernel: [    0.000000] xen:events: Using 2-level ABI
Oct 25 02:53:37 ip-10-0-0-41 kernel: [    0.000000] xen:events: Xen HVM callback vector for event delivery is enabled
Oct 25 02:53:37 ip-10-0-0-41 kernel: [    0.000000] Console: colour VGA+ 80x25
Oct 25 02:53:37 ip-10-0-0-41 kernel: [    0.000000] console [tty1] enabled
Oct 25 02:53:37 ip-10-0-0-41 kernel: [    0.000000] Cannot get hvm parameter CONSOLE_EVTCHN (18): -22!
Oct 25 02:53:37 ip-10-0-0-41 kernel: [    0.000000] console [ttyS0] enabled
Oct 25 02:53:37 ip-10-0-0-41 kernel: [    0.000000] clocksource: hpet: mask: 0xffffffff max_cycles: 0xffffffff, max_idle_ns: 30580167144 ns
Oct 25 02:53:37 ip-10-0-0-41 kernel: [    0.000000] tsc: Fast TSC calibration using PIT
Oct 25 02:53:37 ip-10-0-0-41 kernel: [    0.000000] tsc: Detected 2400.208 MHz processor
Oct 25 02:53:37 ip-10-0-0-41 kernel: [    0.028000] Calibrating delay loop (skipped), value calculated using timer frequency.. 4800.05 BogoMIPS (lpj=9600104)
Oct 25 02:53:37 ip-10-0-0-41 kernel: [    0.032003] pid_max: default: 32768 minimum: 301
Oct 25 02:53:37 ip-10-0-0-41 kernel: [    0.036017] ACPI: Core revision 20160831
Oct 25 02:53:37 ip-10-0-0-41 kernel: [    0.043854] ACPI: 3 ACPI AML tables successfully acquired and loaded
Oct 25 02:53:37 ip-10-0-0-41 kernel: [    0.046546] Security Framework initialized
Oct 25 02:53:37 ip-10-0-0-41 kernel: [    0.048082] Dentry cache hash table entries: 131072 (order: 8, 1048576 bytes)
Oct 25 02:53:37 ip-10-0-0-41 kernel: [    0.052178] Inode-cache hash table entries: 65536 (order: 7, 524288 bytes)
Oct 25 02:53:37 ip-10-0-0-41 kernel: [    0.056085] Mount-cache hash table entries: 2048 (order: 2, 16384 bytes)
Oct 25 02:53:37 ip-10-0-0-41 kernel: [    0.060008] Mountpoint-cache hash table entries: 2048 (order: 2, 16384 bytes)
Oct 25 02:53:37 ip-10-0-0-41 kernel: [    0.064236] CPU: Physical Processor ID: 0
Oct 25 02:53:37 ip-10-0-0-41 kernel: [    0.068014] mce: CPU supports 2 MCE banks
Oct 25 02:53:37 ip-10-0-0-41 kernel: [    0.070881] Last level iTLB entries: 4KB 1024, 2MB 1024, 4MB 1024
Oct 25 02:53:37 ip-10-0-0-41 kernel: [    0.072003] Last level dTLB entries: 4KB 1024, 2MB 1024, 4MB 1024, 1GB 4
Oct 25 02:53:37 ip-10-0-0-41 kernel: [    0.089386] ftrace: allocating 21709 entries in 85 pages
Oct 25 02:53:37 ip-10-0-0-41 kernel: [    0.108097] smpboot: Max logical packages: 15
Oct 25 02:53:37 ip-10-0-0-41 kernel: [    0.112668] x2apic: IRQ remapping doesn't support X2APIC mode
Oct 25 02:53:37 ip-10-0-0-41 kernel: [    0.116005] Switched APIC routing to physical flat.
Oct 25 02:53:37 ip-10-0-0-41 kernel: [    0.122246] ..TIMER: vector=0x30 apic1=0 pin1=2 apic2=0 pin2=0
Oct 25 02:53:37 ip-10-0-0-41 kernel: [    0.166488] clocksource: xen: mask: 0xffffffffffffffff max_cycles: 0x1cd42e4dffb, max_idle_ns: 881590591483 ns
Oct 25 02:53:37 ip-10-0-0-41 kernel: [    0.172014] installing Xen timer for CPU 0
Oct 25 02:53:37 ip-10-0-0-41 kernel: [    0.176074] smpboot: CPU0: Intel(R) Xeon(R) CPU E5-2676 v3 @ 2.40GHz (family: 0x6, model: 0x3f, stepping: 0x2)
Oct 25 02:53:37 ip-10-0-0-41 kernel: [    0.183581] cpu 0 spinlock event irq 53
Oct 25 02:53:37 ip-10-0-0-41 kernel: [    0.184006] Performance Events: unsupported p6 CPU model 63 no PMU driver, software events only.
Oct 25 02:53:37 ip-10-0-0-41 kernel: [    0.188503] x86: Booted up 1 node, 1 CPUs
Oct 25 02:53:37 ip-10-0-0-41 kernel: [    0.191216] smpboot: Total of 1 processors activated (4800.05 BogoMIPS)
Oct 25 02:53:37 ip-10-0-0-41 kernel: [    0.192377] devtmpfs: initialized
Oct 25 02:53:37 ip-10-0-0-41 kernel: [    0.194663] x86/mm: Memory block size: 128MB
Oct 25 02:53:37 ip-10-0-0-41 kernel: [    0.197594] clocksource: jiffies: mask: 0xffffffff max_cycles: 0xffffffff, max_idle_ns: 7645041785100000 ns
Oct 25 02:53:37 ip-10-0-0-41 kernel: [    0.200021] futex hash table entries: 4096 (order: 6, 262144 bytes)
Oct 25 02:53:37 ip-10-0-0-41 kernel: [    0.203568] NET: Registered protocol family 16
Oct 25 02:53:37 ip-10-0-0-41 kernel: [    0.204271] cpuidle: using governor ladder
Oct 25 02:53:37 ip-10-0-0-41 kernel: [    0.206811] cpuidle: using governor menu
Oct 25 02:53:37 ip-10-0-0-41 kernel: [    0.208028] ACPI: bus type PCI registered
Oct 25 02:53:37 ip-10-0-0-41 kernel: [    0.210444] acpiphp: ACPI Hot Plug PCI Controller Driver version: 0.5
Oct 25 02:53:37 ip-10-0-0-41 kernel: [    0.212251] PCI: Using configuration type 1 for base access
Oct 25 02:53:37 ip-10-0-0-41 kernel: [    0.217449] HugeTLB registered 2 MB page size, pre-allocated 0 pages
Oct 25 02:53:37 ip-10-0-0-41 kernel: [    0.220208] ACPI: Added _OSI(Module Device)
Oct 25 02:53:37 ip-10-0-0-41 kernel: [    0.223419] ACPI: Added _OSI(Processor Device)
Oct 25 02:53:37 ip-10-0-0-41 kernel: [    0.224012] ACPI: Added _OSI(3.0 _SCP Extensions)
Oct 25 02:53:37 ip-10-0-0-41 kernel: [    0.226988] ACPI: Added _OSI(Processor Aggregator Device)
Oct 25 02:53:37 ip-10-0-0-41 kernel: [    0.230933] ACPI: Interpreter enabled
Oct 25 02:53:37 ip-10-0-0-41 kernel: [    0.232017] ACPI: (supports S0 S4 S5)
Oct 25 02:53:37 ip-10-0-0-41 kernel: [    0.234418] ACPI: Using IOAPIC for interrupt routing
Oct 25 02:53:37 ip-10-0-0-41 kernel: [    0.236032] PCI: Using host bridge windows from ACPI; if necessary, use "pci=nocrs" and report a bug
Oct 25 02:53:37 ip-10-0-0-41 kernel: [    0.288410] ACPI: PCI Root Bridge [PCI0] (domain 0000 [bus 00-ff])
Oct 25 02:53:37 ip-10-0-0-41 kernel: [    0.292012] acpi PNP0A03:00: _OSC: OS supports [Segments MSI]
Oct 25 02:53:37 ip-10-0-0-41 kernel: [    0.296013] acpi PNP0A03:00: _OSC failed (AE_NOT_FOUND); disabling ASPM
Oct 25 02:53:37 ip-10-0-0-41 kernel: [    0.300031] acpi PNP0A03:00: fail to add MMCONFIG information, can't access extended PCI configuration space under this bridge.
Oct 25 02:53:37 ip-10-0-0-41 kernel: [    0.305039] acpiphp: Slot [0] registered
Oct 25 02:53:37 ip-10-0-0-41 kernel: [    0.308484] acpiphp: Slot [3] registered
Oct 25 02:53:37 ip-10-0-0-41 kernel: [    0.311505] acpiphp: Slot [4] registered
Oct 25 02:53:37 ip-10-0-0-41 kernel: [    0.312245] acpiphp: Slot [5] registered
Oct 25 02:53:37 ip-10-0-0-41 kernel: [    0.314895] acpiphp: Slot [6] registered
Oct 25 02:53:37 ip-10-0-0-41 kernel: [    0.316319] acpiphp: Slot [7] registered
Oct 25 02:53:37 ip-10-0-0-41 kernel: [    0.318969] acpiphp: Slot [8] registered
Oct 25 02:53:37 ip-10-0-0-41 kernel: [    0.320241] acpiphp: Slot [9] registered
Oct 25 02:53:37 ip-10-0-0-41 kernel: [    0.322983] acpiphp: Slot [10] registered
Oct 25 02:53:37 ip-10-0-0-41 kernel: [    0.324264] acpiphp: Slot [11] registered
Oct 25 02:53:37 ip-10-0-0-41 kernel: [    0.327003] acpiphp: Slot [12] registered
Oct 25 02:53:37 ip-10-0-0-41 kernel: [    0.328253] acpiphp: Slot [13] registered
Oct 25 02:53:37 ip-10-0-0-41 kernel: [    0.331086] acpiphp: Slot [14] registered
Oct 25 02:53:37 ip-10-0-0-41 kernel: [    0.332263] acpiphp: Slot [15] registered
Oct 25 02:53:37 ip-10-0-0-41 kernel: [    0.335024] acpiphp: Slot [16] registered
Oct 25 02:53:37 ip-10-0-0-41 kernel: [    0.336235] acpiphp: Slot [17] registered
Oct 25 02:53:37 ip-10-0-0-41 kernel: [    0.338987] acpiphp: Slot [18] registered
Oct 25 02:53:37 ip-10-0-0-41 kernel: [    0.340309] acpiphp: Slot [19] registered
Oct 25 02:53:37 ip-10-0-0-41 kernel: [    0.342988] acpiphp: Slot [20] registered
Oct 25 02:53:37 ip-10-0-0-41 kernel: [    0.344278] acpiphp: Slot [21] registered
Oct 25 02:53:37 ip-10-0-0-41 kernel: [    0.347151] acpiphp: Slot [22] registered
Oct 25 02:53:37 ip-10-0-0-41 kernel: [    0.348277] acpiphp: Slot [23] registered
Oct 25 02:53:37 ip-10-0-0-41 kernel: [    0.351068] acpiphp: Slot [24] registered
Oct 25 02:53:37 ip-10-0-0-41 kernel: [    0.352386] acpiphp: Slot [25] registered
Oct 25 02:53:37 ip-10-0-0-41 kernel: [    0.355354] acpiphp: Slot [26] registered
Oct 25 02:53:37 ip-10-0-0-41 kernel: [    0.356244] acpiphp: Slot [27] registered
Oct 25 02:53:37 ip-10-0-0-41 kernel: [    0.359149] acpiphp: Slot [28] registered
Oct 25 02:53:37 ip-10-0-0-41 kernel: [    0.360258] acpiphp: Slot [29] registered
Oct 25 02:53:37 ip-10-0-0-41 kernel: [    0.362944] acpiphp: Slot [30] registered
Oct 25 02:53:37 ip-10-0-0-41 kernel: [    0.364251] acpiphp: Slot [31] registered
Oct 25 02:53:37 ip-10-0-0-41 kernel: [    0.367021] PCI host bridge to bus 0000:00
Oct 25 02:53:37 ip-10-0-0-41 kernel: [    0.368006] pci_bus 0000:00: root bus resource [io  0x0000-0x0cf7 window]
Oct 25 02:53:37 ip-10-0-0-41 kernel: [    0.371619] pci_bus 0000:00: root bus resource [io  0x0d00-0xffff window]
Oct 25 02:53:37 ip-10-0-0-41 kernel: [    0.372003] pci_bus 0000:00: root bus resource [mem 0x000a0000-0x000bffff window]
Oct 25 02:53:37 ip-10-0-0-41 kernel: [    0.376005] pci_bus 0000:00: root bus resource [mem 0xf0000000-0xfbffffff window]
Oct 25 02:53:37 ip-10-0-0-41 kernel: [    0.380008] pci_bus 0000:00: root bus resource [bus 00-ff]
Oct 25 02:53:37 ip-10-0-0-41 kernel: [    0.388254] pci 0000:00:01.1: legacy IDE quirk: reg 0x10: [io  0x01f0-0x01f7]
Oct 25 02:53:37 ip-10-0-0-41 kernel: [    0.391902] pci 0000:00:01.1: legacy IDE quirk: reg 0x14: [io  0x03f6]
Oct 25 02:53:37 ip-10-0-0-41 kernel: [    0.392007] pci 0000:00:01.1: legacy IDE quirk: reg 0x18: [io  0x0170-0x0177]
Oct 25 02:53:37 ip-10-0-0-41 kernel: [    0.395647] pci 0000:00:01.1: legacy IDE quirk: reg 0x1c: [io  0x0376]
Oct 25 02:53:37 ip-10-0-0-41 kernel: [    0.396615] * Found PM-Timer Bug on the chipset. Due to workarounds for a bug,
Oct 25 02:53:37 ip-10-0-0-41 kernel: [    0.396615] * this clock source is slow. Consider trying other clock sources
Oct 25 02:53:37 ip-10-0-0-41 kernel: [    0.401009] pci 0000:00:01.3: quirk: [io  0xb000-0xb03f] claimed by PIIX4 ACPI
Oct 25 02:53:37 ip-10-0-0-41 kernel: [    0.409327] ACPI: PCI Interrupt Link [LNKA] (IRQs *5 10 11)
Oct 25 02:53:37 ip-10-0-0-41 kernel: [    0.414609] ACPI: PCI Interrupt Link [LNKB] (IRQs 5 *10 11)
Oct 25 02:53:37 ip-10-0-0-41 kernel: [    0.418969] ACPI: PCI Interrupt Link [LNKC] (IRQs 5 10 *11)
Oct 25 02:53:37 ip-10-0-0-41 kernel: [    0.423073] ACPI: PCI Interrupt Link [LNKD] (IRQs *5 10 11)
Oct 25 02:53:37 ip-10-0-0-41 kernel: [    0.440316] ACPI: Enabled 2 GPEs in block 00 to 0F
Oct 25 02:53:37 ip-10-0-0-41 kernel: [    0.443985] xen:balloon: Initialising balloon driver
Oct 25 02:53:37 ip-10-0-0-41 kernel: [    0.449377] vgaarb: setting as boot device: PCI:0000:00:02.0
Oct 25 02:53:37 ip-10-0-0-41 kernel: [    0.452000] vgaarb: device added: PCI:0000:00:02.0,decodes=io+mem,owns=io+mem,locks=none
Oct 25 02:53:37 ip-10-0-0-41 kernel: [    0.452016] vgaarb: loaded
Oct 25 02:53:37 ip-10-0-0-41 kernel: [    0.453942] vgaarb: bridge control possible 0000:00:02.0
Oct 25 02:53:37 ip-10-0-0-41 kernel: [    0.456678] PCI: Using ACPI for IRQ routing
Oct 25 02:53:37 ip-10-0-0-41 kernel: [    0.459739] NetLabel: Initializing
Oct 25 02:53:37 ip-10-0-0-41 kernel: [    0.460010] NetLabel:  domain hash size = 128
Oct 25 02:53:37 ip-10-0-0-41 kernel: [    0.462621] NetLabel:  protocols = UNLABELED CIPSOv4
Oct 25 02:53:37 ip-10-0-0-41 kernel: [    0.464015] NetLabel:  unlabeled traffic allowed by default
Oct 25 02:53:37 ip-10-0-0-41 kernel: [    0.467142] HPET: 3 timers in total, 0 timers will be used for per-cpu timer
Oct 25 02:53:37 ip-10-0-0-41 kernel: [    0.468017] hpet0: at MMIO 0xfed00000, IRQs 2, 8, 0
Oct 25 02:53:37 ip-10-0-0-41 kernel: [    0.472005] hpet0: 3 comparators, 64-bit 62.500000 MHz counter
Oct 25 02:53:37 ip-10-0-0-41 kernel: [    0.477201] clocksource: Switched to clocksource xen
Oct 25 02:53:37 ip-10-0-0-41 kernel: [    0.483898] VFS: Disk quotas dquot_6.6.0
Oct 25 02:53:37 ip-10-0-0-41 kernel: [    0.486297] VFS: Dquot-cache hash table entries: 512 (order 0, 4096 bytes)
Oct 25 02:53:37 ip-10-0-0-41 kernel: [    0.489979] pnp: PnP ACPI init
Oct 25 02:53:37 ip-10-0-0-41 kernel: [    0.492000] system 00:00: [mem 0x00000000-0x0009ffff] could not be reserved
Oct 25 02:53:37 ip-10-0-0-41 kernel: [    0.495743] system 00:01: [io  0x08a0-0x08a3] has been reserved
Oct 25 02:53:37 ip-10-0-0-41 kernel: [    0.499106] system 00:01: [io  0x0cc0-0x0ccf] has been reserved
Oct 25 02:53:37 ip-10-0-0-41 kernel: [    0.502255] system 00:01: [io  0x04d0-0x04d1] has been reserved
Oct 25 02:53:37 ip-10-0-0-41 kernel: [    0.505678] system 00:07: [io  0x10c0-0x1141] has been reserved
Oct 25 02:53:37 ip-10-0-0-41 kernel: [    0.508754] system 00:07: [io  0xb044-0xb047] has been reserved
Oct 25 02:53:37 ip-10-0-0-41 kernel: [    0.525432] pnp: PnP ACPI: found 8 devices
Oct 25 02:53:37 ip-10-0-0-41 kernel: [    0.534037] clocksource: acpi_pm: mask: 0xffffff max_cycles: 0xffffff, max_idle_ns: 2085701024 ns
Oct 25 02:53:37 ip-10-0-0-41 kernel: [    0.542109] NET: Registered protocol family 2
Oct 25 02:53:37 ip-10-0-0-41 kernel: [    0.545814] TCP established hash table entries: 8192 (order: 4, 65536 bytes)
Oct 25 02:53:37 ip-10-0-0-41 kernel: [    0.551190] TCP bind hash table entries: 8192 (order: 5, 131072 bytes)
Oct 25 02:53:37 ip-10-0-0-41 kernel: [    0.554967] TCP: Hash tables configured (established 8192 bind 8192)
Oct 25 02:53:37 ip-10-0-0-41 kernel: [    0.558547] UDP hash table entries: 512 (order: 2, 16384 bytes)
Oct 25 02:53:37 ip-10-0-0-41 kernel: [    0.562037] UDP-Lite hash table entries: 512 (order: 2, 16384 bytes)
Oct 25 02:53:37 ip-10-0-0-41 kernel: [    0.565545] NET: Registered protocol family 1
Oct 25 02:53:37 ip-10-0-0-41 kernel: [    0.568136] pci 0000:00:00.0: Limiting direct PCI/PCI transfers
Oct 25 02:53:37 ip-10-0-0-41 kernel: [    0.571340] pci 0000:00:01.0: PIIX3: Enabling Passive Release
Oct 25 02:53:37 ip-10-0-0-41 kernel: [    0.574647] pci 0000:00:01.0: Activating ISA DMA hang workarounds
Oct 25 02:53:37 ip-10-0-0-41 kernel: [    0.578566] pci 0000:00:02.0: Video device with shadowed ROM at [mem 0x000c0000-0x000dffff]
Oct 25 02:53:37 ip-10-0-0-41 kernel: [    0.584707] Unpacking initramfs...
Oct 25 02:53:37 ip-10-0-0-41 kernel: [    0.768059] random: fast init done
Oct 25 02:53:37 ip-10-0-0-41 kernel: [    0.796344] Freeing initrd memory: 14340K
Oct 25 02:53:37 ip-10-0-0-41 kernel: [    0.801125] audit: initializing netlink subsys (disabled)
Oct 25 02:53:37 ip-10-0-0-41 kernel: [    0.806408] audit: type=2000 audit(1508900011.096:1): initialized
Oct 25 02:53:37 ip-10-0-0-41 kernel: [    0.810563] Initialise system trusted keyrings
Oct 25 02:53:37 ip-10-0-0-41 kernel: [    0.813897] workingset: timestamp_bits=36 max_order=18 bucket_order=0
Oct 25 02:53:37 ip-10-0-0-41 kernel: [    0.854016] Key type asymmetric registered
Oct 25 02:53:37 ip-10-0-0-41 kernel: [    0.860967] Asymmetric key parser 'x509' registered
Oct 25 02:53:37 ip-10-0-0-41 kernel: [    0.864011] Block layer SCSI generic (bsg) driver version 0.4 loaded (major 254)
Oct 25 02:53:37 ip-10-0-0-41 kernel: [    0.868639] io scheduler noop registered (default)
Oct 25 02:53:37 ip-10-0-0-41 kernel: [    0.871899] pci_hotplug: PCI Hot Plug PCI Core version: 0.5
Oct 25 02:53:37 ip-10-0-0-41 kernel: [    0.875739] xen:grant_table: Grant tables using version 1 layout
Oct 25 02:53:37 ip-10-0-0-41 kernel: [    0.879155] Grant table initialized
Oct 25 02:53:37 ip-10-0-0-41 kernel: [    0.881498] Cannot get hvm parameter CONSOLE_EVTCHN (18): -22!
Oct 25 02:53:37 ip-10-0-0-41 kernel: [    0.885137] Serial: 8250/16550 driver, 4 ports, IRQ sharing disabled
Oct 25 02:53:37 ip-10-0-0-41 kernel: [    0.914918] 00:06: ttyS0 at I/O 0x3f8 (irq = 4, base_baud = 115200) is a 16550A
Oct 25 02:53:37 ip-10-0-0-41 kernel: [    0.921619] xen_netfront: Initialising Xen virtual ethernet driver
Oct 25 02:53:37 ip-10-0-0-41 kernel: [    0.931609] i8042: PNP: PS/2 Controller [PNP0303:PS2K,PNP0f13:PS2M] at 0x60,0x64 irq 1,12
Oct 25 02:53:37 ip-10-0-0-41 kernel: [    0.942127] serio: i8042 KBD port at 0x60,0x64 irq 1
Oct 25 02:53:37 ip-10-0-0-41 kernel: [    0.945173] serio: i8042 AUX port at 0x60,0x64 irq 12
Oct 25 02:53:37 ip-10-0-0-41 kernel: [    0.948285] hidraw: raw HID events driver (C) Jiri Kosina
Oct 25 02:53:37 ip-10-0-0-41 kernel: [    0.951486] Invalid max_queues (4), will use default max: 1.
Oct 25 02:53:37 ip-10-0-0-41 kernel: [    0.956019] input: AT Translated Set 2 keyboard as /devices/platform/i8042/serio0/input/input0
Oct 25 02:53:37 ip-10-0-0-41 kernel: [    0.962641] NET: Registered protocol family 17
Oct 25 02:53:37 ip-10-0-0-41 kernel: [    0.965903] registered taskstats version 1
Oct 25 02:53:37 ip-10-0-0-41 kernel: [    0.968721] Loading compiled-in X.509 certificates
Oct 25 02:53:37 ip-10-0-0-41 kernel: [    0.972987] alg: No test for pkcs1pad(rsa,sha256) (pkcs1pad(rsa-generic,sha256))
Oct 25 02:53:37 ip-10-0-0-41 kernel: [    0.978582] Loaded X.509 cert 'Build time autogenerated kernel key: ecced21b3d0eff4069e7e1426d9f681701a884a8'
Oct 25 02:53:37 ip-10-0-0-41 kernel: [    0.984701] zswap: default zpool zbud not available
Oct 25 02:53:37 ip-10-0-0-41 kernel: [    0.987915] zswap: pool creation failed
Oct 25 02:53:37 ip-10-0-0-41 kernel: [    1.065811] blkfront: xvda: barrier or flush: disabled; persistent grants: disabled; indirect descriptors: enabled;
Oct 25 02:53:37 ip-10-0-0-41 kernel: [    1.077388]  xvda: xvda1
Oct 25 02:53:37 ip-10-0-0-41 kernel: [    1.093396] Freeing unused kernel memory: 1256K
Oct 25 02:53:37 ip-10-0-0-41 kernel: [    1.096661] Write protecting the kernel read-only data: 10240k
Oct 25 02:53:37 ip-10-0-0-41 kernel: [    1.100408] Freeing unused kernel memory: 744K
Oct 25 02:53:37 ip-10-0-0-41 kernel: [    1.106563] Freeing unused kernel memory: 1648K
Oct 25 02:53:37 ip-10-0-0-41 kernel: [    1.128950] dm_mod: module verification failed: signature and/or required key missing - tainting kernel
Oct 25 02:53:37 ip-10-0-0-41 kernel: [    1.135193] device-mapper: uevent: version 1.0.3
Oct 25 02:53:37 ip-10-0-0-41 kernel: [    1.138374] device-mapper: ioctl: 4.35.0-ioctl (2016-06-23) initialised: dm-devel@redhat.com
Oct 25 02:53:37 ip-10-0-0-41 kernel: [    1.191045] SCSI subsystem initialized
Oct 25 02:53:37 ip-10-0-0-41 kernel: [    1.267865] scsi host0: ata_piix
Oct 25 02:53:37 ip-10-0-0-41 kernel: [    1.293757] scsi host1: ata_piix
Oct 25 02:53:37 ip-10-0-0-41 kernel: [    1.296168] ata1: PATA max MWDMA2 cmd 0x1f0 ctl 0x3f6 bmdma 0xc100 irq 14
Oct 25 02:53:37 ip-10-0-0-41 kernel: [    1.300121] ata2: PATA max MWDMA2 cmd 0x170 ctl 0x376 bmdma 0xc108 irq 15
Oct 25 02:53:37 ip-10-0-0-41 kernel: [    1.505956] EXT4-fs (xvda1): mounted filesystem with ordered data mode. Opts: (null)
Oct 25 02:53:37 ip-10-0-0-41 kernel: [    1.521400] EXT4-fs (xvda1): mounted filesystem with ordered data mode. Opts: (null)
Oct 25 02:53:37 ip-10-0-0-41 kernel: [    1.805172] input: Power Button as /devices/LNXSYSTM:00/LNXPWRBN:00/input/input3
Oct 25 02:53:37 ip-10-0-0-41 kernel: [    1.809966] ACPI: Power Button [PWRF]
Oct 25 02:53:37 ip-10-0-0-41 kernel: [    1.812694] input: Sleep Button as /devices/LNXSYSTM:00/LNXSLPBN:00/input/input4
Oct 25 02:53:37 ip-10-0-0-41 kernel: [    1.817791] ACPI: Sleep Button [SLPF]
Oct 25 02:53:37 ip-10-0-0-41 kernel: [    1.829450] input: ImExPS/2 Generic Explorer Mouse as /devices/platform/i8042/serio1/input/input5
Oct 25 02:53:37 ip-10-0-0-41 kernel: [    1.927061] tsc: Refined TSC clocksource calibration: 2400.003 MHz
Oct 25 02:53:37 ip-10-0-0-41 kernel: [    1.931237] clocksource: tsc: mask: 0xffffffffffffffff max_cycles: 0x22983a63db9, max_idle_ns: 440795301698 ns
Oct 25 02:53:37 ip-10-0-0-41 kernel: [    1.970536] mousedev: PS/2 mouse device common for all mice
Oct 25 02:53:37 ip-10-0-0-41 kernel: [    2.944303] vif vif-1 eth2: renamed from eth1
Oct 25 02:53:37 ip-10-0-0-41 kernel: [    3.065817] EXT4-fs (xvda1): re-mounted. Opts: (null)
Oct 25 02:53:37 ip-10-0-0-41 kernel: [    3.313652] NET: Registered protocol family 10
Oct 25 02:53:37 ip-10-0-0-41 kernel: [    6.015686] random: crng init done
Oct 25 02:53:37 ip-10-0-0-41 kernel: [    6.549915] audit: type=1305 audit(1508900016.840:2): audit_pid=2540 old=0 auid=4294967295 ses=4294967295 res=1
Oct 25 02:53:37 ip-10-0-0-41 irqbalance: Balancing is ineffective on systems with a single cpu.  Shutting down
Oct 25 02:53:37 ip-10-0-0-41 rpc.statd[2634]: Version 1.3.0 starting
Oct 25 02:53:37 ip-10-0-0-41 sm-notify[2635]: Version 1.3.0 starting
Oct 25 02:53:37 ip-10-0-0-41 acpid: starting up with netlink and the input layer
Oct 25 02:53:37 ip-10-0-0-41 acpid: skipping incomplete file /etc/acpi/events/videoconf
Oct 25 02:53:37 ip-10-0-0-41 acpid: 1 rule loaded
Oct 25 02:53:37 ip-10-0-0-41 acpid: waiting for events: event logging is off
Oct 25 02:53:37 ip-10-0-0-41 udevadm[2707]: --type=failed is deprecated and will be removed from a future udev release.
Oct 25 02:53:37 ip-10-0-0-41 ec2net: [ec2ifscan] Scanning for unconfigured interfaces
Oct 25 02:53:38 ip-10-0-0-41 dhclient[2487]: XMT: Solicit on eth2, interval 2150ms.
Oct 25 02:53:38 ip-10-0-0-41 ntpd[2811]: ntpd 4.2.6p5@1.2349-o Wed Apr 19 22:27:48 UTC 2017 (1)
Oct 25 02:53:38 ip-10-0-0-41 ntpd[2812]: proto: precision = 0.105 usec
Oct 25 02:53:38 ip-10-0-0-41 ntpd[2812]: 0.0.0.0 c01d 0d kern kernel time sync enabled
Oct 25 02:53:38 ip-10-0-0-41 ntpd[2812]: Listen and drop on 0 v4wildcard 0.0.0.0 UDP 123
Oct 25 02:53:38 ip-10-0-0-41 ntpd[2812]: Listen normally on 1 lo 127.0.0.1 UDP 123
Oct 25 02:53:38 ip-10-0-0-41 ntpd[2812]: Listen normally on 2 eth0 10.0.0.41 UDP 123
Oct 25 02:53:38 ip-10-0-0-41 ntpd[2812]: Listening on routing socket on fd #19 for interface updates
Oct 25 02:53:38 ip-10-0-0-41 dhclient[2226]: XMT: Solicit on eth0, interval 4190ms.
Oct 25 02:53:40 ip-10-0-0-41 dhclient[2487]: XMT: Solicit on eth2, interval 4190ms.
Oct 25 02:53:42 ip-10-0-0-41 dhclient[2226]: XMT: Solicit on eth0, interval 8010ms.
Oct 25 02:53:44 ip-10-0-0-41 dhclient[2487]: XMT: Solicit on eth2, interval 8570ms.
Oct 25 02:53:51 ip-10-0-0-41 dhclient[2226]: XMT: Solicit on eth0, interval 15870ms.
Oct 25 02:53:53 ip-10-0-0-41 dhclient[2487]: XMT: Solicit on eth2, interval 17470ms.
Oct 25 02:54:07 ip-10-0-0-41 dhclient[2226]: XMT: Solicit on eth0, interval 31340ms.
Oct 25 02:54:11 ip-10-0-0-41 dhclient[2487]: XMT: Solicit on eth2, interval 34420ms.
Oct 25 02:54:38 ip-10-0-0-41 dhclient[2226]: XMT: Solicit on eth0, interval 59630ms.
Oct 25 02:54:45 ip-10-0-0-41 dhclient[2487]: XMT: Solicit on eth2, interval 69460ms.
Oct 25 02:55:38 ip-10-0-0-41 dhclient[2226]: XMT: Solicit on eth0, interval 129190ms.
Oct 25 02:55:55 ip-10-0-0-41 dhclient[2487]: XMT: Solicit on eth2, interval 122190ms.
Oct 25 02:56:30 ip-10-0-0-41 init: serial (ttyS0) main process (3117) killed by TERM signal
Oct 25 02:56:30 ip-10-0-0-41 init: tty (/dev/tty1) main process (3119) killed by TERM signal
Oct 25 02:56:30 ip-10-0-0-41 init: tty (/dev/tty2) main process (3122) killed by TERM signal
Oct 25 02:56:30 ip-10-0-0-41 init: tty (/dev/tty3) main process (3124) killed by TERM signal
Oct 25 02:56:30 ip-10-0-0-41 init: tty (/dev/tty4) main process (3126) killed by TERM signal
Oct 25 02:56:30 ip-10-0-0-41 init: tty (/dev/tty5) main process (3128) killed by TERM signal
Oct 25 02:56:30 ip-10-0-0-41 init: tty (/dev/tty6) main process (3130) killed by TERM signal
Oct 25 02:56:30 ip-10-0-0-41 init: plymouth-shutdown main process (3215) terminated with status 1
