Oct  9 22:48:23 ip-10-0-0-14 kernel: [    0.000000] Initializing cgroup subsys cpuset
Oct  9 22:48:23 ip-10-0-0-14 kernel: [    0.000000] Initializing cgroup subsys cpu
Oct  9 22:48:23 ip-10-0-0-14 kernel: [    0.000000] Initializing cgroup subsys cpuacct
Oct  9 22:48:23 ip-10-0-0-14 kernel: [    0.000000] Linux version 4.4.0-1022-aws (buildd@lgw01-54) (gcc version 5.4.0 20160609 (Ubuntu 5.4.0-6ubuntu1~16.04.4) ) #31-Ubuntu SMP Tue Jun 27 11:27:55 UTC 2017 (Ubuntu 4.4.0-1022.31-aws 4.4.70)
Oct  9 22:48:23 ip-10-0-0-14 kernel: [    0.000000] Command line: BOOT_IMAGE=/boot/vmlinuz-4.4.0-1022-aws root=LABEL=cloudimg-rootfs ro console=tty1 console=ttyS0
Oct  9 22:48:23 ip-10-0-0-14 kernel: [    0.000000] KERNEL supported cpus:
Oct  9 22:48:23 ip-10-0-0-14 kernel: [    0.000000]   Intel GenuineIntel
Oct  9 22:48:23 ip-10-0-0-14 kernel: [    0.000000]   AMD AuthenticAMD
Oct  9 22:48:23 ip-10-0-0-14 kernel: [    0.000000]   Centaur CentaurHauls
Oct  9 22:48:23 ip-10-0-0-14 kernel: [    0.000000] x86/fpu: xstate_offset[2]:  576, xstate_sizes[2]:  256
Oct  9 22:48:23 ip-10-0-0-14 kernel: [    0.000000] x86/fpu: Supporting XSAVE feature 0x01: 'x87 floating point registers'
Oct  9 22:48:23 ip-10-0-0-14 kernel: [    0.000000] x86/fpu: Supporting XSAVE feature 0x02: 'SSE registers'
Oct  9 22:48:23 ip-10-0-0-14 kernel: [    0.000000] x86/fpu: Supporting XSAVE feature 0x04: 'AVX registers'
Oct  9 22:48:23 ip-10-0-0-14 kernel: [    0.000000] x86/fpu: Enabled xstate features 0x7, context size is 832 bytes, using 'standard' format.
Oct  9 22:48:23 ip-10-0-0-14 kernel: [    0.000000] x86/fpu: Using 'eager' FPU context switches.
Oct  9 22:48:23 ip-10-0-0-14 kernel: [    0.000000] e820: BIOS-provided physical RAM map:
Oct  9 22:48:23 ip-10-0-0-14 kernel: [    0.000000] BIOS-e820: [mem 0x0000000000000000-0x000000000009dfff] usable
Oct  9 22:48:23 ip-10-0-0-14 kernel: [    0.000000] BIOS-e820: [mem 0x000000000009e000-0x000000000009ffff] reserved
Oct  9 22:48:23 ip-10-0-0-14 kernel: [    0.000000] BIOS-e820: [mem 0x00000000000e0000-0x00000000000fffff] reserved
Oct  9 22:48:23 ip-10-0-0-14 kernel: [    0.000000] BIOS-e820: [mem 0x0000000000100000-0x000000003fffffff] usable
Oct  9 22:48:23 ip-10-0-0-14 kernel: [    0.000000] BIOS-e820: [mem 0x00000000fc000000-0x00000000ffffffff] reserved
Oct  9 22:48:23 ip-10-0-0-14 kernel: [    0.000000] NX (Execute Disable) protection: active
Oct  9 22:48:23 ip-10-0-0-14 kernel: [    0.000000] SMBIOS 2.4 present.
Oct  9 22:48:23 ip-10-0-0-14 kernel: [    0.000000] DMI: Xen HVM domU, BIOS 4.2.amazon 02/16/2017
Oct  9 22:48:23 ip-10-0-0-14 kernel: [    0.000000] Hypervisor detected: Xen
Oct  9 22:48:23 ip-10-0-0-14 kernel: [    0.000000] Xen version 4.2.
Oct  9 22:48:23 ip-10-0-0-14 kernel: [    0.000000] Xen Platform PCI: I/O protocol version 1
Oct  9 22:48:23 ip-10-0-0-14 kernel: [    0.000000] Netfront and the Xen platform PCI driver have been compiled for this kernel: unplug emulated NICs.
Oct  9 22:48:23 ip-10-0-0-14 kernel: [    0.000000] Blkfront and the Xen platform PCI driver have been compiled for this kernel: unplug emulated disks.
Oct  9 22:48:23 ip-10-0-0-14 kernel: [    0.000000] You might have to change the root device
Oct  9 22:48:23 ip-10-0-0-14 kernel: [    0.000000] from /dev/hd[a-d] to /dev/xvd[a-d]
Oct  9 22:48:23 ip-10-0-0-14 kernel: [    0.000000] in your root= kernel command line option
Oct  9 22:48:23 ip-10-0-0-14 kernel: [    0.000000] HVMOP_pagetable_dying not supported
Oct  9 22:48:23 ip-10-0-0-14 kernel: [    0.000000] e820: update [mem 0x00000000-0x00000fff] usable ==> reserved
Oct  9 22:48:23 ip-10-0-0-14 kernel: [    0.000000] e820: remove [mem 0x000a0000-0x000fffff] usable
Oct  9 22:48:23 ip-10-0-0-14 kernel: [    0.000000] e820: last_pfn = 0x40000 max_arch_pfn = 0x400000000
Oct  9 22:48:23 ip-10-0-0-14 kernel: [    0.000000] MTRR default type: write-back
Oct  9 22:48:23 ip-10-0-0-14 kernel: [    0.000000] MTRR fixed ranges enabled:
Oct  9 22:48:23 ip-10-0-0-14 kernel: [    0.000000]   00000-9FFFF write-back
Oct  9 22:48:23 ip-10-0-0-14 kernel: [    0.000000]   A0000-BFFFF write-combining
Oct  9 22:48:23 ip-10-0-0-14 kernel: [    0.000000]   C0000-FFFFF write-back
Oct  9 22:48:23 ip-10-0-0-14 kernel: [    0.000000] MTRR variable ranges enabled:
Oct  9 22:48:23 ip-10-0-0-14 kernel: [    0.000000]   0 base 0000F0000000 mask 3FFFF8000000 uncachable
Oct  9 22:48:23 ip-10-0-0-14 kernel: [    0.000000]   1 base 0000F8000000 mask 3FFFFC000000 uncachable
Oct  9 22:48:23 ip-10-0-0-14 kernel: [    0.000000]   2 disabled
Oct  9 22:48:23 ip-10-0-0-14 kernel: [    0.000000]   3 disabled
Oct  9 22:48:23 ip-10-0-0-14 kernel: [    0.000000]   4 disabled
Oct  9 22:48:23 ip-10-0-0-14 kernel: [    0.000000]   5 disabled
Oct  9 22:48:23 ip-10-0-0-14 kernel: [    0.000000]   6 disabled
Oct  9 22:48:23 ip-10-0-0-14 kernel: [    0.000000]   7 disabled
Oct  9 22:48:23 ip-10-0-0-14 kernel: [    0.000000] x86/PAT: Configuration [0-7]: WB  WC  UC- UC  WB  WC  UC- WT  
Oct  9 22:48:23 ip-10-0-0-14 kernel: [    0.000000] found SMP MP-table at [mem 0x000fbc20-0x000fbc2f] mapped at [ffff8800000fbc20]
Oct  9 22:48:23 ip-10-0-0-14 kernel: [    0.000000] Scanning 1 areas for low memory corruption
Oct  9 22:48:23 ip-10-0-0-14 kernel: [    0.000000] Base memory trampoline at [ffff880000098000] 98000 size 24576
Oct  9 22:48:23 ip-10-0-0-14 kernel: [    0.000000] BRK [0x021fa000, 0x021fafff] PGTABLE
Oct  9 22:48:23 ip-10-0-0-14 kernel: [    0.000000] BRK [0x021fb000, 0x021fbfff] PGTABLE
Oct  9 22:48:23 ip-10-0-0-14 kernel: [    0.000000] BRK [0x021fc000, 0x021fcfff] PGTABLE
Oct  9 22:48:23 ip-10-0-0-14 kernel: [    0.000000] RAMDISK: [mem 0x36862000-0x37428fff]
Oct  9 22:48:23 ip-10-0-0-14 kernel: [    0.000000] ACPI: Early table checksum verification disabled
Oct  9 22:48:23 ip-10-0-0-14 kernel: [    0.000000] ACPI: RSDP 0x00000000000EA020 000024 (v02 Xen   )
Oct  9 22:48:23 ip-10-0-0-14 kernel: [    0.000000] ACPI: XSDT 0x00000000FC00DDC0 000054 (v01 Xen    HVM      00000000 HVML 00000000)
Oct  9 22:48:23 ip-10-0-0-14 kernel: [    0.000000] ACPI: FACP 0x00000000FC00DA80 0000F4 (v04 Xen    HVM      00000000 HVML 00000000)
Oct  9 22:48:23 ip-10-0-0-14 kernel: [    0.000000] ACPI: DSDT 0x00000000FC001CE0 00BD19 (v02 Xen    HVM      00000000 INTL 20090123)
Oct  9 22:48:23 ip-10-0-0-14 kernel: [    0.000000] ACPI: FACS 0x00000000FC001CA0 000040
Oct  9 22:48:23 ip-10-0-0-14 kernel: [    0.000000] ACPI: FACS 0x00000000FC001CA0 000040
Oct  9 22:48:23 ip-10-0-0-14 kernel: [    0.000000] ACPI: APIC 0x00000000FC00DB80 0000D8 (v02 Xen    HVM      00000000 HVML 00000000)
Oct  9 22:48:23 ip-10-0-0-14 kernel: [    0.000000] ACPI: HPET 0x00000000FC00DCD0 000038 (v01 Xen    HVM      00000000 HVML 00000000)
Oct  9 22:48:23 ip-10-0-0-14 kernel: [    0.000000] ACPI: WAET 0x00000000FC00DD10 000028 (v01 Xen    HVM      00000000 HVML 00000000)
Oct  9 22:48:23 ip-10-0-0-14 kernel: [    0.000000] ACPI: SSDT 0x00000000FC00DD40 000031 (v02 Xen    HVM      00000000 INTL 20090123)
Oct  9 22:48:23 ip-10-0-0-14 kernel: [    0.000000] ACPI: SSDT 0x00000000FC00DD80 000031 (v02 Xen    HVM      00000000 INTL 20090123)
Oct  9 22:48:23 ip-10-0-0-14 kernel: [    0.000000] ACPI: Local APIC address 0xfee00000
Oct  9 22:48:23 ip-10-0-0-14 kernel: [    0.000000] No NUMA configuration found
Oct  9 22:48:23 ip-10-0-0-14 kernel: [    0.000000] Faking a node at [mem 0x0000000000000000-0x000000003fffffff]
Oct  9 22:48:23 ip-10-0-0-14 kernel: [    0.000000] NODE_DATA(0) allocated [mem 0x3fffb000-0x3fffffff]
Oct  9 22:48:23 ip-10-0-0-14 kernel: [    0.000000] Zone ranges:
Oct  9 22:48:23 ip-10-0-0-14 kernel: [    0.000000]   DMA      [mem 0x0000000000001000-0x0000000000ffffff]
Oct  9 22:48:23 ip-10-0-0-14 kernel: [    0.000000]   DMA32    [mem 0x0000000001000000-0x000000003fffffff]
Oct  9 22:48:23 ip-10-0-0-14 kernel: [    0.000000]   Normal   empty
Oct  9 22:48:23 ip-10-0-0-14 kernel: [    0.000000]   Device   empty
Oct  9 22:48:23 ip-10-0-0-14 kernel: [    0.000000] Movable zone start for each node
Oct  9 22:48:23 ip-10-0-0-14 kernel: [    0.000000] Early memory node ranges
Oct  9 22:48:23 ip-10-0-0-14 kernel: [    0.000000]   node   0: [mem 0x0000000000001000-0x000000000009dfff]
Oct  9 22:48:23 ip-10-0-0-14 kernel: [    0.000000]   node   0: [mem 0x0000000000100000-0x000000003fffffff]
Oct  9 22:48:23 ip-10-0-0-14 kernel: [    0.000000] Initmem setup node 0 [mem 0x0000000000001000-0x000000003fffffff]
Oct  9 22:48:23 ip-10-0-0-14 kernel: [    0.000000] On node 0 totalpages: 262045
Oct  9 22:48:23 ip-10-0-0-14 kernel: [    0.000000]   DMA zone: 64 pages used for memmap
Oct  9 22:48:23 ip-10-0-0-14 kernel: [    0.000000]   DMA zone: 21 pages reserved
Oct  9 22:48:23 ip-10-0-0-14 kernel: [    0.000000]   DMA zone: 3997 pages, LIFO batch:0
Oct  9 22:48:23 ip-10-0-0-14 kernel: [    0.000000]   DMA32 zone: 4032 pages used for memmap
Oct  9 22:48:23 ip-10-0-0-14 kernel: [    0.000000]   DMA32 zone: 258048 pages, LIFO batch:31
Oct  9 22:48:23 ip-10-0-0-14 kernel: [    0.000000] ACPI: PM-Timer IO Port: 0xb008
Oct  9 22:48:23 ip-10-0-0-14 kernel: [    0.000000] ACPI: Local APIC address 0xfee00000
Oct  9 22:48:23 ip-10-0-0-14 kernel: [    0.000000] IOAPIC[0]: apic_id 1, version 17, address 0xfec00000, GSI 0-47
Oct  9 22:48:23 ip-10-0-0-14 kernel: [    0.000000] ACPI: INT_SRC_OVR (bus 0 bus_irq 0 global_irq 2 dfl dfl)
Oct  9 22:48:23 ip-10-0-0-14 kernel: [    0.000000] ACPI: INT_SRC_OVR (bus 0 bus_irq 5 global_irq 5 low level)
Oct  9 22:48:23 ip-10-0-0-14 kernel: [    0.000000] ACPI: INT_SRC_OVR (bus 0 bus_irq 10 global_irq 10 low level)
Oct  9 22:48:23 ip-10-0-0-14 kernel: [    0.000000] ACPI: INT_SRC_OVR (bus 0 bus_irq 11 global_irq 11 low level)
Oct  9 22:48:23 ip-10-0-0-14 kernel: [    0.000000] ACPI: IRQ0 used by override.
Oct  9 22:48:23 ip-10-0-0-14 kernel: [    0.000000] ACPI: IRQ5 used by override.
Oct  9 22:48:23 ip-10-0-0-14 kernel: [    0.000000] ACPI: IRQ9 used by override.
Oct  9 22:48:23 ip-10-0-0-14 kernel: [    0.000000] ACPI: IRQ10 used by override.
Oct  9 22:48:23 ip-10-0-0-14 kernel: [    0.000000] ACPI: IRQ11 used by override.
Oct  9 22:48:23 ip-10-0-0-14 kernel: [    0.000000] Using ACPI (MADT) for SMP configuration information
Oct  9 22:48:23 ip-10-0-0-14 kernel: [    0.000000] ACPI: HPET id: 0x8086a201 base: 0xfed00000
Oct  9 22:48:23 ip-10-0-0-14 kernel: [    0.000000] smpboot: Allowing 15 CPUs, 14 hotplug CPUs
Oct  9 22:48:23 ip-10-0-0-14 kernel: [    0.000000] PM: Registered nosave memory: [mem 0x00000000-0x00000fff]
Oct  9 22:48:23 ip-10-0-0-14 kernel: [    0.000000] PM: Registered nosave memory: [mem 0x0009e000-0x0009ffff]
Oct  9 22:48:23 ip-10-0-0-14 kernel: [    0.000000] PM: Registered nosave memory: [mem 0x000a0000-0x000dffff]
Oct  9 22:48:23 ip-10-0-0-14 kernel: [    0.000000] PM: Registered nosave memory: [mem 0x000e0000-0x000fffff]
Oct  9 22:48:23 ip-10-0-0-14 kernel: [    0.000000] e820: [mem 0x40000000-0xfbffffff] available for PCI devices
Oct  9 22:48:23 ip-10-0-0-14 kernel: [    0.000000] Booting paravirtualized kernel on Xen HVM
Oct  9 22:48:23 ip-10-0-0-14 kernel: [    0.000000] clocksource: refined-jiffies: mask: 0xffffffff max_cycles: 0xffffffff, max_idle_ns: 7645519600211568 ns
Oct  9 22:48:23 ip-10-0-0-14 kernel: [    0.000000] setup_percpu: NR_CPUS:256 nr_cpumask_bits:256 nr_cpu_ids:15 nr_node_ids:1
Oct  9 22:48:23 ip-10-0-0-14 kernel: [    0.000000] PERCPU: Embedded 33 pages/cpu @ffff88003e200000 s98008 r8192 d28968 u262144
Oct  9 22:48:23 ip-10-0-0-14 kernel: [    0.000000] pcpu-alloc: s98008 r8192 d28968 u262144 alloc=1*2097152
Oct  9 22:48:23 ip-10-0-0-14 kernel: [    0.000000] pcpu-alloc: [0] 00 01 02 03 04 05 06 07 [0] 08 09 10 11 12 13 14 -- 
Oct  9 22:48:23 ip-10-0-0-14 kernel: [    0.000000] xen: PV spinlocks enabled
Oct  9 22:48:23 ip-10-0-0-14 kernel: [    0.000000] PV qspinlock hash table entries: 256 (order: 0, 4096 bytes)
Oct  9 22:48:23 ip-10-0-0-14 kernel: [    0.000000] Built 1 zonelists in Node order, mobility grouping on.  Total pages: 257928
Oct  9 22:48:23 ip-10-0-0-14 kernel: [    0.000000] Policy zone: DMA32
Oct  9 22:48:23 ip-10-0-0-14 kernel: [    0.000000] Kernel command line: BOOT_IMAGE=/boot/vmlinuz-4.4.0-1022-aws root=LABEL=cloudimg-rootfs ro console=tty1 console=ttyS0
Oct  9 22:48:23 ip-10-0-0-14 kernel: [    0.000000] PID hash table entries: 4096 (order: 3, 32768 bytes)
Oct  9 22:48:23 ip-10-0-0-14 kernel: [    0.000000] Calgary: detecting Calgary via BIOS EBDA area
Oct  9 22:48:23 ip-10-0-0-14 kernel: [    0.000000] Calgary: Unable to locate Rio Grande table in EBDA - bailing!
Oct  9 22:48:23 ip-10-0-0-14 kernel: [    0.000000] Memory: 998964K/1048180K available (8291K kernel code, 1261K rwdata, 3868K rodata, 1472K init, 1288K bss, 49216K reserved, 0K cma-reserved)
Oct  9 22:48:23 ip-10-0-0-14 kernel: [    0.000000] SLUB: HWalign=64, Order=0-3, MinObjects=0, CPUs=15, Nodes=1
Oct  9 22:48:23 ip-10-0-0-14 kernel: [    0.000000] Hierarchical RCU implementation.
Oct  9 22:48:23 ip-10-0-0-14 kernel: [    0.000000] 	Build-time adjustment of leaf fanout to 64.
Oct  9 22:48:23 ip-10-0-0-14 kernel: [    0.000000] 	RCU restricting CPUs from NR_CPUS=256 to nr_cpu_ids=15.
Oct  9 22:48:23 ip-10-0-0-14 kernel: [    0.000000] RCU: Adjusting geometry for rcu_fanout_leaf=64, nr_cpu_ids=15
Oct  9 22:48:23 ip-10-0-0-14 kernel: [    0.000000] NR_IRQS:16640 nr_irqs:952 16
Oct  9 22:48:23 ip-10-0-0-14 kernel: [    0.000000] xen:events: Using 2-level ABI
Oct  9 22:48:23 ip-10-0-0-14 kernel: [    0.000000] xen:events: Xen HVM callback vector for event delivery is enabled
Oct  9 22:48:23 ip-10-0-0-14 kernel: [    0.000000] Console: colour VGA+ 80x25
Oct  9 22:48:23 ip-10-0-0-14 kernel: [    0.000000] console [tty1] enabled
Oct  9 22:48:23 ip-10-0-0-14 kernel: [    0.000000] Cannot get hvm parameter CONSOLE_EVTCHN (18): -22!
Oct  9 22:48:23 ip-10-0-0-14 kernel: [    0.000000] console [ttyS0] enabled
Oct  9 22:48:23 ip-10-0-0-14 kernel: [    0.000000] clocksource: hpet: mask: 0xffffffff max_cycles: 0xffffffff, max_idle_ns: 30580167144 ns
Oct  9 22:48:23 ip-10-0-0-14 kernel: [    0.000000] hpet clockevent registered
Oct  9 22:48:23 ip-10-0-0-14 kernel: [    0.000000] tsc: Detected 2400.088 MHz processor
Oct  9 22:48:23 ip-10-0-0-14 kernel: [    0.008000] Calibrating delay loop (skipped), value calculated using timer frequency.. 4800.17 BogoMIPS (lpj=9600352)
Oct  9 22:48:23 ip-10-0-0-14 kernel: [    0.014157] pid_max: default: 32768 minimum: 301
Oct  9 22:48:23 ip-10-0-0-14 kernel: [    0.016015] ACPI: Core revision 20150930
Oct  9 22:48:23 ip-10-0-0-14 kernel: [    0.025889] ACPI: 3 ACPI AML tables successfully acquired and loaded
Oct  9 22:48:23 ip-10-0-0-14 kernel: [    0.028922] Security Framework initialized
Oct  9 22:48:23 ip-10-0-0-14 kernel: [    0.032005] Yama: becoming mindful.
Oct  9 22:48:23 ip-10-0-0-14 kernel: [    0.036027] AppArmor: AppArmor initialized
Oct  9 22:48:23 ip-10-0-0-14 kernel: [    0.038953] Dentry cache hash table entries: 131072 (order: 8, 1048576 bytes)
Oct  9 22:48:23 ip-10-0-0-14 kernel: [    0.044184] Inode-cache hash table entries: 65536 (order: 7, 524288 bytes)
Oct  9 22:48:23 ip-10-0-0-14 kernel: [    0.048084] Mount-cache hash table entries: 2048 (order: 2, 16384 bytes)
Oct  9 22:48:23 ip-10-0-0-14 kernel: [    0.052005] Mountpoint-cache hash table entries: 2048 (order: 2, 16384 bytes)
Oct  9 22:48:23 ip-10-0-0-14 kernel: [    0.056188] Initializing cgroup subsys io
Oct  9 22:48:23 ip-10-0-0-14 kernel: [    0.060005] Initializing cgroup subsys memory
Oct  9 22:48:23 ip-10-0-0-14 kernel: [    0.062718] Initializing cgroup subsys devices
Oct  9 22:48:23 ip-10-0-0-14 kernel: [    0.064008] Initializing cgroup subsys freezer
Oct  9 22:48:23 ip-10-0-0-14 kernel: [    0.068008] Initializing cgroup subsys net_cls
Oct  9 22:48:23 ip-10-0-0-14 kernel: [    0.072004] Initializing cgroup subsys perf_event
Oct  9 22:48:23 ip-10-0-0-14 kernel: [    0.075194] Initializing cgroup subsys net_prio
Oct  9 22:48:23 ip-10-0-0-14 kernel: [    0.076010] Initializing cgroup subsys hugetlb
Oct  9 22:48:23 ip-10-0-0-14 kernel: [    0.080008] Initializing cgroup subsys pids
Oct  9 22:48:23 ip-10-0-0-14 kernel: [    0.084066] CPU: Physical Processor ID: 0
Oct  9 22:48:23 ip-10-0-0-14 kernel: [    0.088738] mce: CPU supports 2 MCE banks
Oct  9 22:48:23 ip-10-0-0-14 kernel: [    0.091670] Last level iTLB entries: 4KB 1024, 2MB 1024, 4MB 1024
Oct  9 22:48:23 ip-10-0-0-14 kernel: [    0.092003] Last level dTLB entries: 4KB 1024, 2MB 1024, 4MB 1024, 1GB 4
Oct  9 22:48:23 ip-10-0-0-14 kernel: [    0.117028] ftrace: allocating 31246 entries in 123 pages
Oct  9 22:48:23 ip-10-0-0-14 kernel: [    0.144094] smpboot: APIC(0) Converting physical 0 to logical package 0
Oct  9 22:48:23 ip-10-0-0-14 kernel: [    0.148005] smpboot: Max logical packages: 15
Oct  9 22:48:23 ip-10-0-0-14 kernel: [    0.152600] x2apic: IRQ remapping doesn't support X2APIC mode
Oct  9 22:48:23 ip-10-0-0-14 kernel: [    0.160004] Switched APIC routing to physical flat.
Oct  9 22:48:23 ip-10-0-0-14 kernel: [    0.164000] ..TIMER: vector=0x30 apic1=0 pin1=2 apic2=0 pin2=0
Oct  9 22:48:23 ip-10-0-0-14 kernel: [    0.168004] clocksource: xen: mask: 0xffffffffffffffff max_cycles: 0x1cd42e4dffb, max_idle_ns: 881590591483 ns
Oct  9 22:48:23 ip-10-0-0-14 kernel: [    0.176010] Xen: using vcpuop timer interface
Oct  9 22:48:23 ip-10-0-0-14 kernel: [    0.176018] installing Xen timer for CPU 0
Oct  9 22:48:23 ip-10-0-0-14 kernel: [    0.180059] smpboot: CPU0: Intel(R) Xeon(R) CPU E5-2676 v3 @ 2.40GHz (family: 0x6, model: 0x3f, stepping: 0x2)
Oct  9 22:48:23 ip-10-0-0-14 kernel: [    0.187902] cpu 0 spinlock event irq 53
Oct  9 22:48:23 ip-10-0-0-14 kernel: [    0.188016] Performance Events: unsupported p6 CPU model 63 no PMU driver, software events only.
Oct  9 22:48:23 ip-10-0-0-14 kernel: [    0.195522] x86: Booted up 1 node, 1 CPUs
Oct  9 22:48:23 ip-10-0-0-14 kernel: [    0.196007] smpboot: Total of 1 processors activated (4800.17 BogoMIPS)
Oct  9 22:48:23 ip-10-0-0-14 kernel: [    0.200014] NMI watchdog: disabled (cpu0): hardware events not enabled
Oct  9 22:48:23 ip-10-0-0-14 kernel: [    0.204004] NMI watchdog: Shutting down hard lockup detector on all cpus
Oct  9 22:48:23 ip-10-0-0-14 kernel: [    0.208364] devtmpfs: initialized
Oct  9 22:48:23 ip-10-0-0-14 kernel: [    0.212404] evm: security.selinux
Oct  9 22:48:23 ip-10-0-0-14 kernel: [    0.215156] evm: security.SMACK64
Oct  9 22:48:23 ip-10-0-0-14 kernel: [    0.216008] evm: security.SMACK64EXEC
Oct  9 22:48:23 ip-10-0-0-14 kernel: [    0.218878] evm: security.SMACK64TRANSMUTE
Oct  9 22:48:23 ip-10-0-0-14 kernel: [    0.220004] evm: security.SMACK64MMAP
Oct  9 22:48:23 ip-10-0-0-14 kernel: [    0.222705] evm: security.ima
Oct  9 22:48:23 ip-10-0-0-14 kernel: [    0.224003] evm: security.capability
Oct  9 22:48:23 ip-10-0-0-14 kernel: [    0.226946] clocksource: jiffies: mask: 0xffffffff max_cycles: 0xffffffff, max_idle_ns: 7645041785100000 ns
Oct  9 22:48:23 ip-10-0-0-14 kernel: [    0.228032] futex hash table entries: 4096 (order: 6, 262144 bytes)
Oct  9 22:48:23 ip-10-0-0-14 kernel: [    0.232237] RTC time: 22:48:14, date: 10/09/17
Oct  9 22:48:23 ip-10-0-0-14 kernel: [    0.235587] NET: Registered protocol family 16
Oct  9 22:48:23 ip-10-0-0-14 kernel: [    0.236126] cpuidle: using governor ladder
Oct  9 22:48:23 ip-10-0-0-14 kernel: [    0.239317] cpuidle: using governor menu
Oct  9 22:48:23 ip-10-0-0-14 kernel: [    0.240010] PCCT header not found.
Oct  9 22:48:23 ip-10-0-0-14 kernel: [    0.242743] ACPI: bus type PCI registered
Oct  9 22:48:23 ip-10-0-0-14 kernel: [    0.244007] acpiphp: ACPI Hot Plug PCI Controller Driver version: 0.5
Oct  9 22:48:23 ip-10-0-0-14 kernel: [    0.248299] PCI: Using configuration type 1 for base access
Oct  9 22:48:23 ip-10-0-0-14 kernel: [    0.253008] ACPI: Added _OSI(Module Device)
Oct  9 22:48:23 ip-10-0-0-14 kernel: [    0.256008] ACPI: Added _OSI(Processor Device)
Oct  9 22:48:23 ip-10-0-0-14 kernel: [    0.260009] ACPI: Added _OSI(3.0 _SCP Extensions)
Oct  9 22:48:23 ip-10-0-0-14 kernel: [    0.264011] ACPI: Added _OSI(Processor Aggregator Device)
Oct  9 22:48:23 ip-10-0-0-14 kernel: [    0.268763] xen: --> pirq=16 -> irq=9 (gsi=9)
Oct  9 22:48:23 ip-10-0-0-14 kernel: [    0.271205] ACPI: Interpreter enabled
Oct  9 22:48:23 ip-10-0-0-14 kernel: [    0.272017] ACPI: (supports S0 S3 S4 S5)
Oct  9 22:48:23 ip-10-0-0-14 kernel: [    0.274769] ACPI: Using IOAPIC for interrupt routing
Oct  9 22:48:23 ip-10-0-0-14 kernel: [    0.276039] PCI: Using host bridge windows from ACPI; if necessary, use "pci=nocrs" and report a bug
Oct  9 22:48:23 ip-10-0-0-14 kernel: [    0.326396] ACPI: PCI Root Bridge [PCI0] (domain 0000 [bus 00-ff])
Oct  9 22:48:23 ip-10-0-0-14 kernel: [    0.328011] acpi PNP0A03:00: _OSC: OS supports [ASPM ClockPM Segments MSI]
Oct  9 22:48:23 ip-10-0-0-14 kernel: [    0.332014] acpi PNP0A03:00: _OSC failed (AE_NOT_FOUND); disabling ASPM
Oct  9 22:48:23 ip-10-0-0-14 kernel: [    0.336013] acpi PNP0A03:00: fail to add MMCONFIG information, can't access extended PCI configuration space under this bridge.
Oct  9 22:48:23 ip-10-0-0-14 kernel: [    0.340875] acpiphp: Slot [0] registered
Oct  9 22:48:23 ip-10-0-0-14 kernel: [    0.344652] acpiphp: Slot [3] registered
Oct  9 22:48:23 ip-10-0-0-14 kernel: [    0.347968] acpiphp: Slot [4] registered
Oct  9 22:48:23 ip-10-0-0-14 kernel: [    0.348306] acpiphp: Slot [5] registered
Oct  9 22:48:23 ip-10-0-0-14 kernel: [    0.351559] acpiphp: Slot [6] registered
Oct  9 22:48:23 ip-10-0-0-14 kernel: [    0.352328] acpiphp: Slot [7] registered
Oct  9 22:48:23 ip-10-0-0-14 kernel: [    0.355547] acpiphp: Slot [8] registered
Oct  9 22:48:23 ip-10-0-0-14 kernel: [    0.356302] acpiphp: Slot [9] registered
Oct  9 22:48:23 ip-10-0-0-14 kernel: [    0.359505] acpiphp: Slot [10] registered
Oct  9 22:48:23 ip-10-0-0-14 kernel: [    0.360332] acpiphp: Slot [11] registered
Oct  9 22:48:23 ip-10-0-0-14 kernel: [    0.363503] acpiphp: Slot [12] registered
Oct  9 22:48:23 ip-10-0-0-14 kernel: [    0.364324] acpiphp: Slot [13] registered
Oct  9 22:48:23 ip-10-0-0-14 kernel: [    0.367939] acpiphp: Slot [14] registered
Oct  9 22:48:23 ip-10-0-0-14 kernel: [    0.368310] acpiphp: Slot [15] registered
Oct  9 22:48:23 ip-10-0-0-14 kernel: [    0.371870] acpiphp: Slot [16] registered
Oct  9 22:48:23 ip-10-0-0-14 kernel: [    0.372399] acpiphp: Slot [17] registered
Oct  9 22:48:23 ip-10-0-0-14 kernel: [    0.375643] acpiphp: Slot [18] registered
Oct  9 22:48:23 ip-10-0-0-14 kernel: [    0.376302] acpiphp: Slot [19] registered
Oct  9 22:48:23 ip-10-0-0-14 kernel: [    0.379697] acpiphp: Slot [20] registered
Oct  9 22:48:23 ip-10-0-0-14 kernel: [    0.380316] acpiphp: Slot [21] registered
Oct  9 22:48:23 ip-10-0-0-14 kernel: [    0.383580] acpiphp: Slot [22] registered
Oct  9 22:48:23 ip-10-0-0-14 kernel: [    0.384312] acpiphp: Slot [23] registered
Oct  9 22:48:23 ip-10-0-0-14 kernel: [    0.387888] acpiphp: Slot [24] registered
Oct  9 22:48:23 ip-10-0-0-14 kernel: [    0.388316] acpiphp: Slot [25] registered
Oct  9 22:48:23 ip-10-0-0-14 kernel: [    0.391669] acpiphp: Slot [26] registered
Oct  9 22:48:23 ip-10-0-0-14 kernel: [    0.392306] acpiphp: Slot [27] registered
Oct  9 22:48:23 ip-10-0-0-14 kernel: [    0.395628] acpiphp: Slot [28] registered
Oct  9 22:48:23 ip-10-0-0-14 kernel: [    0.396337] acpiphp: Slot [29] registered
Oct  9 22:48:23 ip-10-0-0-14 kernel: [    0.399625] acpiphp: Slot [30] registered
Oct  9 22:48:23 ip-10-0-0-14 kernel: [    0.400306] acpiphp: Slot [31] registered
Oct  9 22:48:23 ip-10-0-0-14 kernel: [    0.403712] PCI host bridge to bus 0000:00
Oct  9 22:48:23 ip-10-0-0-14 kernel: [    0.404006] pci_bus 0000:00: root bus resource [io  0x0000-0x0cf7 window]
Oct  9 22:48:23 ip-10-0-0-14 kernel: [    0.408008] pci_bus 0000:00: root bus resource [io  0x0d00-0xffff window]
Oct  9 22:48:23 ip-10-0-0-14 kernel: [    0.412005] pci_bus 0000:00: root bus resource [mem 0x000a0000-0x000bffff window]
Oct  9 22:48:23 ip-10-0-0-14 kernel: [    0.416008] pci_bus 0000:00: root bus resource [mem 0xf0000000-0xfbffffff window]
Oct  9 22:48:23 ip-10-0-0-14 kernel: [    0.420005] pci_bus 0000:00: root bus resource [bus 00-ff]
Oct  9 22:48:23 ip-10-0-0-14 kernel: [    0.423913] pci 0000:00:00.0: [8086:1237] type 00 class 0x060000
Oct  9 22:48:23 ip-10-0-0-14 kernel: [    0.425574] pci 0000:00:01.0: [8086:7000] type 00 class 0x060100
Oct  9 22:48:23 ip-10-0-0-14 kernel: [    0.427890] pci 0000:00:01.1: [8086:7010] type 00 class 0x010180
Oct  9 22:48:23 ip-10-0-0-14 kernel: [    0.429006] pci 0000:00:01.1: reg 0x20: [io  0xc100-0xc10f]
Oct  9 22:48:23 ip-10-0-0-14 kernel: [    0.429551] pci 0000:00:01.1: legacy IDE quirk: reg 0x10: [io  0x01f0-0x01f7]
Oct  9 22:48:23 ip-10-0-0-14 kernel: [    0.432004] pci 0000:00:01.1: legacy IDE quirk: reg 0x14: [io  0x03f6]
Oct  9 22:48:23 ip-10-0-0-14 kernel: [    0.436007] pci 0000:00:01.1: legacy IDE quirk: reg 0x18: [io  0x0170-0x0177]
Oct  9 22:48:23 ip-10-0-0-14 kernel: [    0.440006] pci 0000:00:01.1: legacy IDE quirk: reg 0x1c: [io  0x0376]
Oct  9 22:48:23 ip-10-0-0-14 kernel: [    0.444555] pci 0000:00:01.3: [8086:7113] type 00 class 0x068000
Oct  9 22:48:23 ip-10-0-0-14 kernel: [    0.444651] * Found PM-Timer Bug on the chipset. Due to workarounds for a bug,
Oct  9 22:48:23 ip-10-0-0-14 kernel: [    0.444651] * this clock source is slow. Consider trying other clock sources
Oct  9 22:48:23 ip-10-0-0-14 kernel: [    0.449344] pci 0000:00:01.3: quirk: [io  0xb000-0xb03f] claimed by PIIX4 ACPI
Oct  9 22:48:23 ip-10-0-0-14 kernel: [    0.452849] pci 0000:00:02.0: [1013:00b8] type 00 class 0x030000
Oct  9 22:48:23 ip-10-0-0-14 kernel: [    0.453201] pci 0000:00:02.0: reg 0x10: [mem 0xf0000000-0xf1ffffff pref]
Oct  9 22:48:23 ip-10-0-0-14 kernel: [    0.453618] pci 0000:00:02.0: reg 0x14: [mem 0xf3000000-0xf3000fff]
Oct  9 22:48:23 ip-10-0-0-14 kernel: [    0.455370] pci 0000:00:03.0: [5853:0001] type 00 class 0xff8000
Oct  9 22:48:23 ip-10-0-0-14 kernel: [    0.455756] pci 0000:00:03.0: reg 0x10: [io  0xc000-0xc0ff]
Oct  9 22:48:23 ip-10-0-0-14 kernel: [    0.455977] pci 0000:00:03.0: reg 0x14: [mem 0xf2000000-0xf2ffffff pref]
Oct  9 22:48:23 ip-10-0-0-14 kernel: [    0.458674] ACPI: PCI Interrupt Link [LNKA] (IRQs *5 10 11)
Oct  9 22:48:23 ip-10-0-0-14 kernel: [    0.463206] ACPI: PCI Interrupt Link [LNKB] (IRQs 5 *10 11)
Oct  9 22:48:23 ip-10-0-0-14 kernel: [    0.467234] ACPI: PCI Interrupt Link [LNKC] (IRQs 5 10 *11)
Oct  9 22:48:23 ip-10-0-0-14 kernel: [    0.471552] ACPI: PCI Interrupt Link [LNKD] (IRQs *5 10 11)
Oct  9 22:48:23 ip-10-0-0-14 kernel: [    0.493923] ACPI: Enabled 2 GPEs in block 00 to 0F
Oct  9 22:48:23 ip-10-0-0-14 kernel: [    0.496078] xen:balloon: Initialising balloon driver
Oct  9 22:48:23 ip-10-0-0-14 kernel: [    0.508374] vgaarb: setting as boot device: PCI:0000:00:02.0
Oct  9 22:48:23 ip-10-0-0-14 kernel: [    0.512000] vgaarb: device added: PCI:0000:00:02.0,decodes=io+mem,owns=io+mem,locks=none
Oct  9 22:48:23 ip-10-0-0-14 kernel: [    0.512015] vgaarb: loaded
Oct  9 22:48:23 ip-10-0-0-14 kernel: [    0.514788] vgaarb: bridge control possible 0000:00:02.0
Oct  9 22:48:23 ip-10-0-0-14 kernel: [    0.516250] SCSI subsystem initialized
Oct  9 22:48:23 ip-10-0-0-14 kernel: [    0.519281] libata version 3.00 loaded.
Oct  9 22:48:23 ip-10-0-0-14 kernel: [    0.519304] ACPI: bus type USB registered
Oct  9 22:48:23 ip-10-0-0-14 kernel: [    0.520021] usbcore: registered new interface driver usbfs
Oct  9 22:48:23 ip-10-0-0-14 kernel: [    0.523876] usbcore: registered new interface driver hub
Oct  9 22:48:23 ip-10-0-0-14 kernel: [    0.524025] usbcore: registered new device driver usb
Oct  9 22:48:23 ip-10-0-0-14 kernel: [    0.527580] PCI: Using ACPI for IRQ routing
Oct  9 22:48:23 ip-10-0-0-14 kernel: [    0.528007] PCI: pci_cache_line_size set to 64 bytes
Oct  9 22:48:23 ip-10-0-0-14 kernel: [    0.528411] e820: reserve RAM buffer [mem 0x0009e000-0x0009ffff]
Oct  9 22:48:23 ip-10-0-0-14 kernel: [    0.528525] NetLabel: Initializing
Oct  9 22:48:23 ip-10-0-0-14 kernel: [    0.531321] NetLabel:  domain hash size = 128
Oct  9 22:48:23 ip-10-0-0-14 kernel: [    0.532004] NetLabel:  protocols = UNLABELED CIPSOv4
Oct  9 22:48:23 ip-10-0-0-14 kernel: [    0.535522] NetLabel:  unlabeled traffic allowed by default
Oct  9 22:48:23 ip-10-0-0-14 kernel: [    0.536088] HPET: 3 timers in total, 0 timers will be used for per-cpu timer
Oct  9 22:48:23 ip-10-0-0-14 kernel: [    0.540023] hpet0: at MMIO 0xfed00000, IRQs 2, 8, 0
Oct  9 22:48:23 ip-10-0-0-14 kernel: [    0.544931] hpet0: 3 comparators, 64-bit 62.500000 MHz counter
Oct  9 22:48:23 ip-10-0-0-14 kernel: [    0.550059] amd_nb: Cannot enumerate AMD northbridges
Oct  9 22:48:23 ip-10-0-0-14 kernel: [    0.552021] clocksource: Switched to clocksource xen
Oct  9 22:48:23 ip-10-0-0-14 kernel: [    0.560670] AppArmor: AppArmor Filesystem Enabled
Oct  9 22:48:23 ip-10-0-0-14 kernel: [    0.564380] pnp: PnP ACPI init
Oct  9 22:48:23 ip-10-0-0-14 kernel: [    0.566983] system 00:00: [mem 0x00000000-0x0009ffff] could not be reserved
Oct  9 22:48:23 ip-10-0-0-14 kernel: [    0.571832] system 00:00: Plug and Play ACPI device, IDs PNP0c02 (active)
Oct  9 22:48:23 ip-10-0-0-14 kernel: [    0.571918] system 00:01: [io  0x08a0-0x08a3] has been reserved
Oct  9 22:48:23 ip-10-0-0-14 kernel: [    0.576089] system 00:01: [io  0x0cc0-0x0ccf] has been reserved
Oct  9 22:48:23 ip-10-0-0-14 kernel: [    0.580040] system 00:01: [io  0x04d0-0x04d1] has been reserved
Oct  9 22:48:23 ip-10-0-0-14 kernel: [    0.584037] system 00:01: Plug and Play ACPI device, IDs PNP0c02 (active)
Oct  9 22:48:23 ip-10-0-0-14 kernel: [    0.584067] xen: --> pirq=17 -> irq=8 (gsi=8)
Oct  9 22:48:23 ip-10-0-0-14 kernel: [    0.584092] pnp 00:02: Plug and Play ACPI device, IDs PNP0b00 (active)
Oct  9 22:48:23 ip-10-0-0-14 kernel: [    0.584114] xen: --> pirq=18 -> irq=12 (gsi=12)
Oct  9 22:48:23 ip-10-0-0-14 kernel: [    0.584127] pnp 00:03: Plug and Play ACPI device, IDs PNP0f13 (active)
Oct  9 22:48:23 ip-10-0-0-14 kernel: [    0.584141] xen: --> pirq=19 -> irq=1 (gsi=1)
Oct  9 22:48:23 ip-10-0-0-14 kernel: [    0.584154] pnp 00:04: Plug and Play ACPI device, IDs PNP0303 PNP030b (active)
Oct  9 22:48:23 ip-10-0-0-14 kernel: [    0.584168] xen: --> pirq=20 -> irq=6 (gsi=6)
Oct  9 22:48:23 ip-10-0-0-14 kernel: [    0.584170] pnp 00:05: [dma 2]
Oct  9 22:48:23 ip-10-0-0-14 kernel: [    0.584181] pnp 00:05: Plug and Play ACPI device, IDs PNP0700 (active)
Oct  9 22:48:23 ip-10-0-0-14 kernel: [    0.584202] xen: --> pirq=21 -> irq=4 (gsi=4)
Oct  9 22:48:23 ip-10-0-0-14 kernel: [    0.584215] pnp 00:06: Plug and Play ACPI device, IDs PNP0501 (active)
Oct  9 22:48:23 ip-10-0-0-14 kernel: [    0.584250] system 00:07: [io  0x10c0-0x1141] has been reserved
Oct  9 22:48:23 ip-10-0-0-14 kernel: [    0.588380] system 00:07: [io  0xb044-0xb047] has been reserved
Oct  9 22:48:23 ip-10-0-0-14 kernel: [    0.592688] system 00:07: Plug and Play ACPI device, IDs PNP0c02 (active)
Oct  9 22:48:23 ip-10-0-0-14 kernel: [    0.610202] pnp: PnP ACPI: found 8 devices
Oct  9 22:48:23 ip-10-0-0-14 kernel: [    0.627268] clocksource: acpi_pm: mask: 0xffffff max_cycles: 0xffffff, max_idle_ns: 2085701024 ns
Oct  9 22:48:23 ip-10-0-0-14 kernel: [    0.633189] pci_bus 0000:00: resource 4 [io  0x0000-0x0cf7 window]
Oct  9 22:48:23 ip-10-0-0-14 kernel: [    0.633191] pci_bus 0000:00: resource 5 [io  0x0d00-0xffff window]
Oct  9 22:48:23 ip-10-0-0-14 kernel: [    0.633193] pci_bus 0000:00: resource 6 [mem 0x000a0000-0x000bffff window]
Oct  9 22:48:23 ip-10-0-0-14 kernel: [    0.633195] pci_bus 0000:00: resource 7 [mem 0xf0000000-0xfbffffff window]
Oct  9 22:48:23 ip-10-0-0-14 kernel: [    0.633233] NET: Registered protocol family 2
Oct  9 22:48:23 ip-10-0-0-14 kernel: [    0.636317] TCP established hash table entries: 8192 (order: 4, 65536 bytes)
Oct  9 22:48:23 ip-10-0-0-14 kernel: [    0.640823] TCP bind hash table entries: 8192 (order: 5, 131072 bytes)
Oct  9 22:48:23 ip-10-0-0-14 kernel: [    0.645683] TCP: Hash tables configured (established 8192 bind 8192)
Oct  9 22:48:23 ip-10-0-0-14 kernel: [    0.650351] UDP hash table entries: 512 (order: 2, 16384 bytes)
Oct  9 22:48:23 ip-10-0-0-14 kernel: [    0.654514] UDP-Lite hash table entries: 512 (order: 2, 16384 bytes)
Oct  9 22:48:23 ip-10-0-0-14 kernel: [    0.658754] NET: Registered protocol family 1
Oct  9 22:48:23 ip-10-0-0-14 kernel: [    0.661864] pci 0000:00:00.0: Limiting direct PCI/PCI transfers
Oct  9 22:48:23 ip-10-0-0-14 kernel: [    0.665916] pci 0000:00:01.0: PIIX3: Enabling Passive Release
Oct  9 22:48:23 ip-10-0-0-14 kernel: [    0.669932] pci 0000:00:01.0: Activating ISA DMA hang workarounds
Oct  9 22:48:23 ip-10-0-0-14 kernel: [    0.674267] pci 0000:00:02.0: Video device with shadowed ROM
Oct  9 22:48:23 ip-10-0-0-14 kernel: [    0.674331] PCI: CLS 0 bytes, default 64
Oct  9 22:48:23 ip-10-0-0-14 kernel: [    0.674383] Trying to unpack rootfs image as initramfs...
Oct  9 22:48:23 ip-10-0-0-14 kernel: [    0.848822] Freeing initrd memory: 12060K (ffff880036862000 - ffff880037429000)
Oct  9 22:48:23 ip-10-0-0-14 kernel: [    0.857176] RAPL PMU detected, API unit is 2^-32 Joules, 3 fixed counters 655360 ms ovfl timer
Oct  9 22:48:23 ip-10-0-0-14 kernel: [    0.866217] hw unit of domain pp0-core 2^-14 Joules
Oct  9 22:48:23 ip-10-0-0-14 kernel: [    0.871591] hw unit of domain package 2^-14 Joules
Oct  9 22:48:23 ip-10-0-0-14 kernel: [    0.892911] hw unit of domain dram 2^-16 Joules
Oct  9 22:48:23 ip-10-0-0-14 kernel: [    0.897638] Scanning for low memory corruption every 60 seconds
Oct  9 22:48:23 ip-10-0-0-14 kernel: [    0.903766] audit: initializing netlink subsys (disabled)
Oct  9 22:48:23 ip-10-0-0-14 kernel: [    0.908635] audit: type=2000 audit(1507589295.076:1): initialized
Oct  9 22:48:23 ip-10-0-0-14 kernel: [    0.914352] Initialise system trusted keyring
Oct  9 22:48:23 ip-10-0-0-14 kernel: [    0.918637] HugeTLB registered 2 MB page size, pre-allocated 0 pages
Oct  9 22:48:23 ip-10-0-0-14 kernel: [    0.925280] zbud: loaded
Oct  9 22:48:23 ip-10-0-0-14 kernel: [    0.928230] VFS: Disk quotas dquot_6.6.0
Oct  9 22:48:23 ip-10-0-0-14 kernel: [    0.932128] VFS: Dquot-cache hash table entries: 512 (order 0, 4096 bytes)
Oct  9 22:48:23 ip-10-0-0-14 kernel: [    0.938270] squashfs: version 4.0 (2009/01/31) Phillip Lougher
Oct  9 22:48:23 ip-10-0-0-14 kernel: [    0.943452] fuse init (API version 7.23)
Oct  9 22:48:23 ip-10-0-0-14 kernel: [    0.947053] Key type big_key registered
Oct  9 22:48:23 ip-10-0-0-14 kernel: [    0.950645] Allocating IMA MOK and blacklist keyrings.
Oct  9 22:48:23 ip-10-0-0-14 kernel: [    0.955103] Key type asymmetric registered
Oct  9 22:48:23 ip-10-0-0-14 kernel: [    0.958806] Asymmetric key parser 'x509' registered
Oct  9 22:48:23 ip-10-0-0-14 kernel: [    0.962990] Block layer SCSI generic (bsg) driver version 0.4 loaded (major 249)
Oct  9 22:48:23 ip-10-0-0-14 kernel: [    0.969616] io scheduler noop registered
Oct  9 22:48:23 ip-10-0-0-14 kernel: [    0.973291] io scheduler deadline registered (default)
Oct  9 22:48:23 ip-10-0-0-14 kernel: [    0.977776] io scheduler cfq registered
Oct  9 22:48:23 ip-10-0-0-14 kernel: [    0.981305] pci_hotplug: PCI Hot Plug PCI Core version: 0.5
Oct  9 22:48:23 ip-10-0-0-14 kernel: [    0.986037] pciehp: PCI Express Hot Plug Controller Driver version: 0.4
Oct  9 22:48:23 ip-10-0-0-14 kernel: [    0.991362] intel_idle: does not run on family 6 model 63
Oct  9 22:48:23 ip-10-0-0-14 kernel: [    0.991436] input: Power Button as /devices/LNXSYSTM:00/LNXPWRBN:00/input/input0
Oct  9 22:48:23 ip-10-0-0-14 kernel: [    0.998941] ACPI: Power Button [PWRF]
Oct  9 22:48:23 ip-10-0-0-14 kernel: [    1.002913] input: Sleep Button as /devices/LNXSYSTM:00/LNXSLPBN:00/input/input1
Oct  9 22:48:23 ip-10-0-0-14 kernel: [    1.009808] ACPI: Sleep Button [SLPF]
Oct  9 22:48:23 ip-10-0-0-14 kernel: [    1.013758] xen: --> pirq=22 -> irq=28 (gsi=28)
Oct  9 22:48:23 ip-10-0-0-14 kernel: [    1.013868] xen:grant_table: Grant tables using version 1 layout
Oct  9 22:48:23 ip-10-0-0-14 kernel: [    1.019433] Grant table initialized
Oct  9 22:48:23 ip-10-0-0-14 kernel: [    1.023099] Cannot get hvm parameter CONSOLE_EVTCHN (18): -22!
Oct  9 22:48:23 ip-10-0-0-14 kernel: [    1.028366] Serial: 8250/16550 driver, 32 ports, IRQ sharing enabled
Oct  9 22:48:23 ip-10-0-0-14 kernel: [    1.063530] 00:06: ttyS0 at I/O 0x3f8 (irq = 4, base_baud = 115200) is a 16550A
Oct  9 22:48:23 ip-10-0-0-14 kernel: [    1.069813] Linux agpgart interface v0.103
Oct  9 22:48:23 ip-10-0-0-14 kernel: [    1.074548] brd: module loaded
Oct  9 22:48:23 ip-10-0-0-14 kernel: [    1.077858] loop: module loaded
Oct  9 22:48:23 ip-10-0-0-14 kernel: [    1.081793] ata_piix 0000:00:01.1: version 2.13
Oct  9 22:48:23 ip-10-0-0-14 kernel: [    1.090178] scsi host0: ata_piix
Oct  9 22:48:23 ip-10-0-0-14 kernel: [    1.093174] scsi host1: ata_piix
Oct  9 22:48:23 ip-10-0-0-14 kernel: [    1.096215] ata1: PATA max MWDMA2 cmd 0x1f0 ctl 0x3f6 bmdma 0xc100 irq 14
Oct  9 22:48:23 ip-10-0-0-14 kernel: [    1.101213] ata2: PATA max MWDMA2 cmd 0x170 ctl 0x376 bmdma 0xc108 irq 15
Oct  9 22:48:23 ip-10-0-0-14 kernel: [    1.111205] libphy: Fixed MDIO Bus: probed
Oct  9 22:48:23 ip-10-0-0-14 kernel: [    1.118537] tun: Universal TUN/TAP device driver, 1.6
Oct  9 22:48:23 ip-10-0-0-14 kernel: [    1.122670] tun: (C) 1999-2004 Max Krasnyansky <maxk@qualcomm.com>
Oct  9 22:48:23 ip-10-0-0-14 kernel: [    1.127236] PPP generic driver version 2.4.2
Oct  9 22:48:23 ip-10-0-0-14 kernel: [    1.130651] xen_netfront: Initialising Xen virtual ethernet driver
Oct  9 22:48:23 ip-10-0-0-14 kernel: [    1.151945] ehci_hcd: USB 2.0 'Enhanced' Host Controller (EHCI) Driver
Oct  9 22:48:23 ip-10-0-0-14 kernel: [    1.165184] ehci-pci: EHCI PCI platform driver
Oct  9 22:48:23 ip-10-0-0-14 kernel: [    1.168508] ehci-platform: EHCI generic platform driver
Oct  9 22:48:23 ip-10-0-0-14 kernel: [    1.172649] ohci_hcd: USB 1.1 'Open' Host Controller (OHCI) Driver
Oct  9 22:48:23 ip-10-0-0-14 kernel: [    1.176943] ohci-pci: OHCI PCI platform driver
Oct  9 22:48:23 ip-10-0-0-14 kernel: [    1.180560] ohci-platform: OHCI generic platform driver
Oct  9 22:48:23 ip-10-0-0-14 kernel: [    1.184477] uhci_hcd: USB Universal Host Controller Interface driver
Oct  9 22:48:23 ip-10-0-0-14 kernel: [    1.193917] i8042: PNP: PS/2 Controller [PNP0303:PS2K,PNP0f13:PS2M] at 0x60,0x64 irq 1,12
Oct  9 22:48:23 ip-10-0-0-14 kernel: [    1.205384] serio: i8042 KBD port at 0x60,0x64 irq 1
Oct  9 22:48:23 ip-10-0-0-14 kernel: [    1.208852] serio: i8042 AUX port at 0x60,0x64 irq 12
Oct  9 22:48:23 ip-10-0-0-14 kernel: [    1.213117] mousedev: PS/2 mouse device common for all mice
Oct  9 22:48:23 ip-10-0-0-14 kernel: [    1.218874] input: AT Translated Set 2 keyboard as /devices/platform/i8042/serio0/input/input2
Oct  9 22:48:23 ip-10-0-0-14 kernel: [    1.224854] rtc_cmos 00:02: rtc core: registered rtc_cmos as rtc0
Oct  9 22:48:23 ip-10-0-0-14 kernel: [    1.236069] rtc_cmos 00:02: alarms up to one day, 114 bytes nvram, hpet irqs
Oct  9 22:48:23 ip-10-0-0-14 kernel: [    1.241357] i2c /dev entries driver
Oct  9 22:48:23 ip-10-0-0-14 kernel: [    1.244565] device-mapper: uevent: version 1.0.3
Oct  9 22:48:23 ip-10-0-0-14 kernel: [    1.252637] device-mapper: ioctl: 4.34.0-ioctl (2015-10-28) initialised: dm-devel@redhat.com
Oct  9 22:48:23 ip-10-0-0-14 kernel: [    1.274591] NET: Registered protocol family 10
Oct  9 22:48:23 ip-10-0-0-14 kernel: [    1.278156] NET: Registered protocol family 17
Oct  9 22:48:23 ip-10-0-0-14 kernel: [    1.292613] Key type dns_resolver registered
Oct  9 22:48:23 ip-10-0-0-14 kernel: [    1.296285] microcode: CPU0 sig=0x306f2, pf=0x1, revision=0x3a
Oct  9 22:48:23 ip-10-0-0-14 kernel: [    1.300449] microcode: Microcode Update Driver: v2.01 <tigran@aivazian.fsnet.co.uk>, Peter Oruba
Oct  9 22:48:23 ip-10-0-0-14 kernel: [    1.306875] registered taskstats version 1
Oct  9 22:48:23 ip-10-0-0-14 kernel: [    1.310252] Loading compiled-in X.509 certificates
Oct  9 22:48:23 ip-10-0-0-14 kernel: [    1.314674] Loaded X.509 cert 'Build time autogenerated kernel key: 4e6d55835586a24470a5fce930089c63edb86120'
Oct  9 22:48:23 ip-10-0-0-14 kernel: [    1.321069] zswap: loaded using pool lzo/zbud
Oct  9 22:48:23 ip-10-0-0-14 kernel: [    1.325282] blkfront: xvda: barrier or flush: disabled; persistent grants: disabled; indirect descriptors: enabled;
Oct  9 22:48:23 ip-10-0-0-14 kernel: [    1.332423] Key type trusted registered
Oct  9 22:48:23 ip-10-0-0-14 kernel: [    1.341316] Key type encrypted registered
Oct  9 22:48:23 ip-10-0-0-14 kernel: [    1.344817] AppArmor: AppArmor sha1 policy hashing enabled
Oct  9 22:48:23 ip-10-0-0-14 kernel: [    1.348549]  xvda: xvda1
Oct  9 22:48:23 ip-10-0-0-14 kernel: [    1.350667] ima: No TPM chip found, activating TPM-bypass!
Oct  9 22:48:23 ip-10-0-0-14 kernel: [    1.354652] evm: HMAC attrs: 0x1
Oct  9 22:48:23 ip-10-0-0-14 kernel: [    1.360619]   Magic number: 5:822:855
Oct  9 22:48:23 ip-10-0-0-14 kernel: [    1.364017] acpi device:d2: hash matches
Oct  9 22:48:23 ip-10-0-0-14 kernel: [    1.367300] rtc_cmos 00:02: setting system clock to 2017-10-09 22:48:15 UTC (1507589295)
Oct  9 22:48:23 ip-10-0-0-14 kernel: [    1.373344] BIOS EDD facility v0.16 2004-Jun-25, 0 devices found
Oct  9 22:48:23 ip-10-0-0-14 kernel: [    1.377955] EDD information not available.
Oct  9 22:48:23 ip-10-0-0-14 kernel: [    1.380856] PM: Hibernation image not present or could not be loaded.
Oct  9 22:48:23 ip-10-0-0-14 kernel: [    1.382730] Freeing unused kernel memory: 1472K (ffffffff81f3d000 - ffffffff820ad000)
Oct  9 22:48:23 ip-10-0-0-14 kernel: [    1.388594] Write protecting the kernel read-only data: 14336k
Oct  9 22:48:23 ip-10-0-0-14 kernel: [    1.393207] Freeing unused kernel memory: 1936K (ffff88000181c000 - ffff880001a00000)
Oct  9 22:48:23 ip-10-0-0-14 kernel: [    1.399216] Freeing unused kernel memory: 228K (ffff880001dc7000 - ffff880001e00000)
Oct  9 22:48:23 ip-10-0-0-14 kernel: [    1.424019] random: udevadm: uninitialized urandom read (16 bytes read, 8 bits of entropy available)
Oct  9 22:48:23 ip-10-0-0-14 kernel: [    1.431246] random: systemd-udevd: uninitialized urandom read (16 bytes read, 9 bits of entropy available)
Oct  9 22:48:23 ip-10-0-0-14 kernel: [    1.438158] random: systemd-udevd: uninitialized urandom read (16 bytes read, 9 bits of entropy available)
Oct  9 22:48:23 ip-10-0-0-14 kernel: [    1.444892] random: udevadm: uninitialized urandom read (16 bytes read, 9 bits of entropy available)
Oct  9 22:48:23 ip-10-0-0-14 kernel: [    1.451659] random: systemd-udevd: uninitialized urandom read (16 bytes read, 9 bits of entropy available)
Oct  9 22:48:23 ip-10-0-0-14 kernel: [    1.458362] random: udevadm: uninitialized urandom read (16 bytes read, 9 bits of entropy available)
Oct  9 22:48:23 ip-10-0-0-14 kernel: [    1.464623] random: systemd-udevd: uninitialized urandom read (16 bytes read, 9 bits of entropy available)
Oct  9 22:48:23 ip-10-0-0-14 kernel: [    1.471341] random: udevadm: uninitialized urandom read (16 bytes read, 9 bits of entropy available)
Oct  9 22:48:23 ip-10-0-0-14 kernel: [    1.478385] random: udevadm: uninitialized urandom read (16 bytes read, 9 bits of entropy available)
Oct  9 22:48:23 ip-10-0-0-14 kernel: [    1.485111] random: udevadm: uninitialized urandom read (16 bytes read, 9 bits of entropy available)
Oct  9 22:48:23 ip-10-0-0-14 kernel: [    1.586500] AVX2 version of gcm_enc/dec engaged.
Oct  9 22:48:23 ip-10-0-0-14 kernel: [    1.590253] AES CTR mode by8 optimization enabled
Oct  9 22:48:23 ip-10-0-0-14 kernel: [    1.896122] tsc: Refined TSC clocksource calibration: 2399.999 MHz
Oct  9 22:48:23 ip-10-0-0-14 kernel: [    1.902007] clocksource: tsc: mask: 0xffffffffffffffff max_cycles: 0x2298364cab5, max_idle_ns: 440795214892 ns
Oct  9 22:48:23 ip-10-0-0-14 kernel: [    3.069796] md: linear personality registered for level -1
Oct  9 22:48:23 ip-10-0-0-14 kernel: [    3.076708] md: multipath personality registered for level -4
Oct  9 22:48:23 ip-10-0-0-14 kernel: [    3.084344] md: raid0 personality registered for level 0
Oct  9 22:48:23 ip-10-0-0-14 kernel: [    3.091649] md: raid1 personality registered for level 1
Oct  9 22:48:23 ip-10-0-0-14 kernel: [    3.148067] raid6: sse2x1   gen()  8292 MB/s
Oct  9 22:48:23 ip-10-0-0-14 kernel: [    3.196036] raid6: sse2x1   xor()  6429 MB/s
Oct  9 22:48:23 ip-10-0-0-14 kernel: [    3.244063] raid6: sse2x2   gen() 10427 MB/s
Oct  9 22:48:23 ip-10-0-0-14 kernel: [    3.296058] raid6: sse2x2   xor()  7027 MB/s
Oct  9 22:48:23 ip-10-0-0-14 kernel: [    3.344062] raid6: sse2x4   gen() 12250 MB/s
Oct  9 22:48:23 ip-10-0-0-14 kernel: [    3.392060] raid6: sse2x4   xor()  8494 MB/s
Oct  9 22:48:23 ip-10-0-0-14 kernel: [    3.440059] raid6: avx2x1   gen() 15898 MB/s
Oct  9 22:48:23 ip-10-0-0-14 kernel: [    3.488059] raid6: avx2x2   gen() 18435 MB/s
Oct  9 22:48:23 ip-10-0-0-14 kernel: [    3.536063] raid6: avx2x4   gen() 21199 MB/s
Oct  9 22:48:23 ip-10-0-0-14 kernel: [    3.539294] raid6: using algorithm avx2x4 gen() 21199 MB/s
Oct  9 22:48:23 ip-10-0-0-14 kernel: [    3.542736] raid6: using avx2x2 recovery algorithm
Oct  9 22:48:23 ip-10-0-0-14 kernel: [    3.547605] xor: automatically using best checksumming function:
Oct  9 22:48:23 ip-10-0-0-14 kernel: [    3.588060]    avx       : 26311.000 MB/sec
Oct  9 22:48:23 ip-10-0-0-14 kernel: [    3.592364] async_tx: api initialized (async)
Oct  9 22:48:23 ip-10-0-0-14 kernel: [    3.603817] md: raid6 personality registered for level 6
Oct  9 22:48:23 ip-10-0-0-14 kernel: [    3.607097] md: raid5 personality registered for level 5
Oct  9 22:48:23 ip-10-0-0-14 kernel: [    3.610246] md: raid4 personality registered for level 4
Oct  9 22:48:23 ip-10-0-0-14 kernel: [    3.617914] md: raid10 personality registered for level 10
Oct  9 22:48:23 ip-10-0-0-14 kernel: [    3.653237] Btrfs loaded
Oct  9 22:48:23 ip-10-0-0-14 kernel: [    3.691271] EXT4-fs (xvda1): mounted filesystem with ordered data mode. Opts: (null)
Oct  9 22:48:23 ip-10-0-0-14 kernel: [    4.059993] EXT4-fs (xvda1): re-mounted. Opts: discard
Oct  9 22:48:23 ip-10-0-0-14 kernel: [    4.133356] Loading iSCSI transport class v2.0-870.
Oct  9 22:48:23 ip-10-0-0-14 kernel: [    4.148805] iscsi: registered transport (tcp)
Oct  9 22:48:23 ip-10-0-0-14 kernel: [    4.208147] iscsi: registered transport (iser)
Oct  9 22:48:23 ip-10-0-0-14 kernel: [    5.955340] audit: type=1400 audit(1507589300.084:2): apparmor="STATUS" operation="profile_load" profile="unconfined" name="lxc-container-default" pid=539 comm="apparmor_parser"
Oct  9 22:48:23 ip-10-0-0-14 kernel: [    5.963374] audit: type=1400 audit(1507589300.092:3): apparmor="STATUS" operation="profile_load" profile="unconfined" name="lxc-container-default-cgns" pid=539 comm="apparmor_parser"
Oct  9 22:48:23 ip-10-0-0-14 kernel: [    5.963721] audit: type=1400 audit(1507589300.092:4): apparmor="STATUS" operation="profile_load" profile="unconfined" name="lxc-container-default-with-mounting" pid=539 comm="apparmor_parser"
Oct  9 22:48:23 ip-10-0-0-14 kernel: [    5.968142] audit: type=1400 audit(1507589300.100:5): apparmor="STATUS" operation="profile_load" profile="unconfined" name="lxc-container-default-with-nesting" pid=539 comm="apparmor_parser"
Oct  9 22:48:23 ip-10-0-0-14 kernel: [    6.422919] ppdev: user-space parallel port driver
Oct  9 22:48:23 ip-10-0-0-14 kernel: [    6.519736] audit: type=1400 audit(1507589300.648:6): apparmor="STATUS" operation="profile_load" profile="unconfined" name="/sbin/dhclient" pid=663 comm="apparmor_parser"
Oct  9 22:48:23 ip-10-0-0-14 kernel: [    6.520000] audit: type=1400 audit(1507589300.648:7): apparmor="STATUS" operation="profile_load" profile="unconfined" name="/usr/lib/NetworkManager/nm-dhcp-client.action" pid=663 comm="apparmor_parser"
Oct  9 22:48:23 ip-10-0-0-14 kernel: [    6.528289] audit: type=1400 audit(1507589300.660:8): apparmor="STATUS" operation="profile_load" profile="unconfined" name="/usr/lib/NetworkManager/nm-dhcp-helper" pid=663 comm="apparmor_parser"
Oct  9 22:48:23 ip-10-0-0-14 kernel: [    6.528520] audit: type=1400 audit(1507589300.660:9): apparmor="STATUS" operation="profile_load" profile="unconfined" name="/usr/lib/connman/scripts/dhclient-script" pid=663 comm="apparmor_parser"
Oct  9 22:48:23 ip-10-0-0-14 kernel: [    6.550509] audit: type=1400 audit(1507589300.680:10): apparmor="STATUS" operation="profile_load" profile="unconfined" name="/usr/bin/lxc-start" pid=736 comm="apparmor_parser"
Oct  9 22:48:23 ip-10-0-0-14 kernel: [    6.703160] audit: type=1400 audit(1507589300.832:11): apparmor="STATUS" operation="profile_load" profile="unconfined" name="/usr/lib/lxd/lxd-bridge-proxy" pid=738 comm="apparmor_parser"
Oct  9 22:48:23 ip-10-0-0-14 kernel: [    8.738579] random: nonblocking pool is initialized
Oct  9 22:48:23 ip-10-0-0-14 kernel: [    9.418714] cgroup: new mount options do not match the existing superblock, will be ignored
Oct  9 22:51:21 ip-10-0-0-14 kernel: [  186.422080] SGI XFS with ACLs, security attributes, realtime, no debug enabled
Oct  9 22:51:21 ip-10-0-0-14 kernel: [  186.734614] audit_printk_skb: 9 callbacks suppressed
Oct  9 22:51:21 ip-10-0-0-14 kernel: [  186.734618] audit: type=1400 audit(1507589481.585:15): apparmor="STATUS" operation="profile_replace" profile="unconfined" name="/usr/lib/lxd/lxd-bridge-proxy" pid=20669 comm="apparmor_parser"
Oct  9 22:51:24 ip-10-0-0-14 kernel: [  189.628903] audit: type=1400 audit(1507589484.481:16): apparmor="STATUS" operation="profile_replace" profile="unconfined" name="lxc-container-default" pid=21017 comm="apparmor_parser"
Oct  9 22:51:24 ip-10-0-0-14 kernel: [  189.629303] audit: type=1400 audit(1507589484.481:17): apparmor="STATUS" operation="profile_replace" profile="unconfined" name="lxc-container-default-cgns" pid=21017 comm="apparmor_parser"
Oct  9 22:51:24 ip-10-0-0-14 kernel: [  189.629612] audit: type=1400 audit(1507589484.481:18): apparmor="STATUS" operation="profile_replace" profile="unconfined" name="lxc-container-default-with-mounting" pid=21017 comm="apparmor_parser"
Oct  9 22:51:24 ip-10-0-0-14 kernel: [  189.629966] audit: type=1400 audit(1507589484.481:19): apparmor="STATUS" operation="profile_replace" profile="unconfined" name="lxc-container-default-with-nesting" pid=21017 comm="apparmor_parser"
Oct  9 22:51:24 ip-10-0-0-14 kernel: [  189.775011] audit: type=1400 audit(1507589484.625:20): apparmor="STATUS" operation="profile_replace" profile="unconfined" name="/sbin/dhclient" pid=21019 comm="apparmor_parser"
Oct  9 22:51:24 ip-10-0-0-14 kernel: [  189.775362] audit: type=1400 audit(1507589484.625:21): apparmor="STATUS" operation="profile_replace" profile="unconfined" name="/usr/lib/NetworkManager/nm-dhcp-client.action" pid=21019 comm="apparmor_parser"
Oct  9 22:51:24 ip-10-0-0-14 kernel: [  189.775620] audit: type=1400 audit(1507589484.625:22): apparmor="STATUS" operation="profile_replace" profile="unconfined" name="/usr/lib/NetworkManager/nm-dhcp-helper" pid=21019 comm="apparmor_parser"
Oct  9 22:51:24 ip-10-0-0-14 kernel: [  189.775892] audit: type=1400 audit(1507589484.625:23): apparmor="STATUS" operation="profile_replace" profile="unconfined" name="/usr/lib/connman/scripts/dhclient-script" pid=21019 comm="apparmor_parser"
Oct  9 22:51:24 ip-10-0-0-14 kernel: [  189.784857] audit: type=1400 audit(1507589484.637:24): apparmor="STATUS" operation="profile_replace" profile="unconfined" name="/usr/bin/lxc-start" pid=21021 comm="apparmor_parser"
Oct 16 16:24:23 ip-10-0-0-14 kernel: [    0.000000] Initializing cgroup subsys cpuset
Oct 16 16:24:23 ip-10-0-0-14 kernel: [    0.000000] Initializing cgroup subsys cpu
Oct 16 16:24:23 ip-10-0-0-14 kernel: [    0.000000] Initializing cgroup subsys cpuacct
Oct 16 16:24:23 ip-10-0-0-14 kernel: [    0.000000] Linux version 4.4.0-1037-aws (buildd@lgw01-amd64-032) (gcc version 5.4.0 20160609 (Ubuntu 5.4.0-6ubuntu1~16.04.4) ) #46-Ubuntu SMP Wed Sep 27 19:05:49 UTC 2017 (Ubuntu 4.4.0-1037.46-aws 4.4.83)
Oct 16 16:24:23 ip-10-0-0-14 kernel: [    0.000000] Command line: BOOT_IMAGE=/boot/vmlinuz-4.4.0-1037-aws root=UUID=3e13556e-d28d-407b-bcc6-97160eafebe1 ro console=tty1 console=ttyS0
Oct 16 16:24:23 ip-10-0-0-14 kernel: [    0.000000] KERNEL supported cpus:
Oct 16 16:24:23 ip-10-0-0-14 kernel: [    0.000000]   Intel GenuineIntel
Oct 16 16:24:23 ip-10-0-0-14 kernel: [    0.000000]   AMD AuthenticAMD
Oct 16 16:24:23 ip-10-0-0-14 kernel: [    0.000000]   Centaur CentaurHauls
Oct 16 16:24:23 ip-10-0-0-14 kernel: [    0.000000] x86/fpu: xstate_offset[2]:  576, xstate_sizes[2]:  256
Oct 16 16:24:23 ip-10-0-0-14 kernel: [    0.000000] x86/fpu: Supporting XSAVE feature 0x01: 'x87 floating point registers'
Oct 16 16:24:23 ip-10-0-0-14 kernel: [    0.000000] x86/fpu: Supporting XSAVE feature 0x02: 'SSE registers'
Oct 16 16:24:23 ip-10-0-0-14 kernel: [    0.000000] x86/fpu: Supporting XSAVE feature 0x04: 'AVX registers'
Oct 16 16:24:23 ip-10-0-0-14 kernel: [    0.000000] x86/fpu: Enabled xstate features 0x7, context size is 832 bytes, using 'standard' format.
Oct 16 16:24:23 ip-10-0-0-14 kernel: [    0.000000] x86/fpu: Using 'eager' FPU context switches.
Oct 16 16:24:23 ip-10-0-0-14 kernel: [    0.000000] e820: BIOS-provided physical RAM map:
Oct 16 16:24:23 ip-10-0-0-14 kernel: [    0.000000] BIOS-e820: [mem 0x0000000000000000-0x000000000009dfff] usable
Oct 16 16:24:23 ip-10-0-0-14 kernel: [    0.000000] BIOS-e820: [mem 0x000000000009e000-0x000000000009ffff] reserved
Oct 16 16:24:23 ip-10-0-0-14 kernel: [    0.000000] BIOS-e820: [mem 0x00000000000e0000-0x00000000000fffff] reserved
Oct 16 16:24:23 ip-10-0-0-14 kernel: [    0.000000] BIOS-e820: [mem 0x0000000000100000-0x000000003fffffff] usable
Oct 16 16:24:23 ip-10-0-0-14 kernel: [    0.000000] BIOS-e820: [mem 0x00000000fc000000-0x00000000ffffffff] reserved
Oct 16 16:24:23 ip-10-0-0-14 kernel: [    0.000000] NX (Execute Disable) protection: active
Oct 16 16:24:23 ip-10-0-0-14 kernel: [    0.000000] SMBIOS 2.4 present.
Oct 16 16:24:23 ip-10-0-0-14 kernel: [    0.000000] DMI: Xen HVM domU, BIOS 4.2.amazon 02/16/2017
Oct 16 16:24:23 ip-10-0-0-14 kernel: [    0.000000] Hypervisor detected: Xen
Oct 16 16:24:23 ip-10-0-0-14 kernel: [    0.000000] Xen version 4.2.
Oct 16 16:24:23 ip-10-0-0-14 kernel: [    0.000000] Xen Platform PCI: I/O protocol version 1
Oct 16 16:24:23 ip-10-0-0-14 kernel: [    0.000000] Netfront and the Xen platform PCI driver have been compiled for this kernel: unplug emulated NICs.
Oct 16 16:24:23 ip-10-0-0-14 kernel: [    0.000000] Blkfront and the Xen platform PCI driver have been compiled for this kernel: unplug emulated disks.
Oct 16 16:24:23 ip-10-0-0-14 kernel: [    0.000000] You might have to change the root device
Oct 16 16:24:23 ip-10-0-0-14 kernel: [    0.000000] from /dev/hd[a-d] to /dev/xvd[a-d]
Oct 16 16:24:23 ip-10-0-0-14 kernel: [    0.000000] in your root= kernel command line option
Oct 16 16:24:23 ip-10-0-0-14 kernel: [    0.000000] HVMOP_pagetable_dying not supported
Oct 16 16:24:23 ip-10-0-0-14 kernel: [    0.000000] e820: update [mem 0x00000000-0x00000fff] usable ==> reserved
Oct 16 16:24:23 ip-10-0-0-14 kernel: [    0.000000] e820: remove [mem 0x000a0000-0x000fffff] usable
Oct 16 16:24:23 ip-10-0-0-14 kernel: [    0.000000] e820: last_pfn = 0x40000 max_arch_pfn = 0x400000000
Oct 16 16:24:23 ip-10-0-0-14 kernel: [    0.000000] MTRR default type: write-back
Oct 16 16:24:23 ip-10-0-0-14 kernel: [    0.000000] MTRR fixed ranges enabled:
Oct 16 16:24:23 ip-10-0-0-14 kernel: [    0.000000]   00000-9FFFF write-back
Oct 16 16:24:23 ip-10-0-0-14 kernel: [    0.000000]   A0000-BFFFF write-combining
Oct 16 16:24:23 ip-10-0-0-14 kernel: [    0.000000]   C0000-FFFFF write-back
Oct 16 16:24:23 ip-10-0-0-14 kernel: [    0.000000] MTRR variable ranges enabled:
Oct 16 16:24:23 ip-10-0-0-14 kernel: [    0.000000]   0 base 0000F0000000 mask 3FFFF8000000 uncachable
Oct 16 16:24:23 ip-10-0-0-14 kernel: [    0.000000]   1 base 0000F8000000 mask 3FFFFC000000 uncachable
Oct 16 16:24:23 ip-10-0-0-14 kernel: [    0.000000]   2 disabled
Oct 16 16:24:23 ip-10-0-0-14 kernel: [    0.000000]   3 disabled
Oct 16 16:24:23 ip-10-0-0-14 kernel: [    0.000000]   4 disabled
Oct 16 16:24:23 ip-10-0-0-14 kernel: [    0.000000]   5 disabled
Oct 16 16:24:23 ip-10-0-0-14 kernel: [    0.000000]   6 disabled
Oct 16 16:24:23 ip-10-0-0-14 kernel: [    0.000000]   7 disabled
Oct 16 16:24:23 ip-10-0-0-14 kernel: [    0.000000] x86/PAT: Configuration [0-7]: WB  WC  UC- UC  WB  WC  UC- WT  
Oct 16 16:24:23 ip-10-0-0-14 kernel: [    0.000000] found SMP MP-table at [mem 0x000fbc20-0x000fbc2f] mapped at [ffff8800000fbc20]
Oct 16 16:24:23 ip-10-0-0-14 kernel: [    0.000000] Scanning 1 areas for low memory corruption
Oct 16 16:24:23 ip-10-0-0-14 kernel: [    0.000000] Base memory trampoline at [ffff880000098000] 98000 size 24576
Oct 16 16:24:23 ip-10-0-0-14 kernel: [    0.000000] BRK [0x021fa000, 0x021fafff] PGTABLE
Oct 16 16:24:23 ip-10-0-0-14 kernel: [    0.000000] BRK [0x021fb000, 0x021fbfff] PGTABLE
Oct 16 16:24:23 ip-10-0-0-14 kernel: [    0.000000] BRK [0x021fc000, 0x021fcfff] PGTABLE
Oct 16 16:24:23 ip-10-0-0-14 kernel: [    0.000000] RAMDISK: [mem 0x367ee000-0x373eefff]
Oct 16 16:24:23 ip-10-0-0-14 kernel: [    0.000000] ACPI: Early table checksum verification disabled
Oct 16 16:24:23 ip-10-0-0-14 kernel: [    0.000000] ACPI: RSDP 0x00000000000EA020 000024 (v02 Xen   )
Oct 16 16:24:23 ip-10-0-0-14 kernel: [    0.000000] ACPI: XSDT 0x00000000FC00DDC0 000054 (v01 Xen    HVM      00000000 HVML 00000000)
Oct 16 16:24:23 ip-10-0-0-14 kernel: [    0.000000] ACPI: FACP 0x00000000FC00DA80 0000F4 (v04 Xen    HVM      00000000 HVML 00000000)
Oct 16 16:24:23 ip-10-0-0-14 kernel: [    0.000000] ACPI: DSDT 0x00000000FC001CE0 00BD19 (v02 Xen    HVM      00000000 INTL 20090123)
Oct 16 16:24:23 ip-10-0-0-14 kernel: [    0.000000] ACPI: FACS 0x00000000FC001CA0 000040
Oct 16 16:24:23 ip-10-0-0-14 kernel: [    0.000000] ACPI: FACS 0x00000000FC001CA0 000040
Oct 16 16:24:23 ip-10-0-0-14 kernel: [    0.000000] ACPI: APIC 0x00000000FC00DB80 0000D8 (v02 Xen    HVM      00000000 HVML 00000000)
Oct 16 16:24:23 ip-10-0-0-14 kernel: [    0.000000] ACPI: HPET 0x00000000FC00DCD0 000038 (v01 Xen    HVM      00000000 HVML 00000000)
Oct 16 16:24:23 ip-10-0-0-14 kernel: [    0.000000] ACPI: WAET 0x00000000FC00DD10 000028 (v01 Xen    HVM      00000000 HVML 00000000)
Oct 16 16:24:23 ip-10-0-0-14 kernel: [    0.000000] ACPI: SSDT 0x00000000FC00DD40 000031 (v02 Xen    HVM      00000000 INTL 20090123)
Oct 16 16:24:23 ip-10-0-0-14 kernel: [    0.000000] ACPI: SSDT 0x00000000FC00DD80 000031 (v02 Xen    HVM      00000000 INTL 20090123)
Oct 16 16:24:23 ip-10-0-0-14 kernel: [    0.000000] ACPI: Local APIC address 0xfee00000
Oct 16 16:24:23 ip-10-0-0-14 kernel: [    0.000000] No NUMA configuration found
Oct 16 16:24:23 ip-10-0-0-14 kernel: [    0.000000] Faking a node at [mem 0x0000000000000000-0x000000003fffffff]
Oct 16 16:24:23 ip-10-0-0-14 kernel: [    0.000000] NODE_DATA(0) allocated [mem 0x3fffb000-0x3fffffff]
Oct 16 16:24:23 ip-10-0-0-14 kernel: [    0.000000] Zone ranges:
Oct 16 16:24:23 ip-10-0-0-14 kernel: [    0.000000]   DMA      [mem 0x0000000000001000-0x0000000000ffffff]
Oct 16 16:24:23 ip-10-0-0-14 kernel: [    0.000000]   DMA32    [mem 0x0000000001000000-0x000000003fffffff]
Oct 16 16:24:23 ip-10-0-0-14 kernel: [    0.000000]   Normal   empty
Oct 16 16:24:23 ip-10-0-0-14 kernel: [    0.000000]   Device   empty
Oct 16 16:24:23 ip-10-0-0-14 kernel: [    0.000000] Movable zone start for each node
Oct 16 16:24:23 ip-10-0-0-14 kernel: [    0.000000] Early memory node ranges
Oct 16 16:24:23 ip-10-0-0-14 kernel: [    0.000000]   node   0: [mem 0x0000000000001000-0x000000000009dfff]
Oct 16 16:24:23 ip-10-0-0-14 kernel: [    0.000000]   node   0: [mem 0x0000000000100000-0x000000003fffffff]
Oct 16 16:24:23 ip-10-0-0-14 kernel: [    0.000000] Initmem setup node 0 [mem 0x0000000000001000-0x000000003fffffff]
Oct 16 16:24:23 ip-10-0-0-14 kernel: [    0.000000] On node 0 totalpages: 262045
Oct 16 16:24:23 ip-10-0-0-14 kernel: [    0.000000]   DMA zone: 64 pages used for memmap
Oct 16 16:24:23 ip-10-0-0-14 kernel: [    0.000000]   DMA zone: 21 pages reserved
Oct 16 16:24:23 ip-10-0-0-14 kernel: [    0.000000]   DMA zone: 3997 pages, LIFO batch:0
Oct 16 16:24:23 ip-10-0-0-14 kernel: [    0.000000]   DMA32 zone: 4032 pages used for memmap
Oct 16 16:24:23 ip-10-0-0-14 kernel: [    0.000000]   DMA32 zone: 258048 pages, LIFO batch:31
Oct 16 16:24:23 ip-10-0-0-14 kernel: [    0.000000] ACPI: PM-Timer IO Port: 0xb008
Oct 16 16:24:23 ip-10-0-0-14 kernel: [    0.000000] ACPI: Local APIC address 0xfee00000
Oct 16 16:24:23 ip-10-0-0-14 kernel: [    0.000000] IOAPIC[0]: apic_id 1, version 17, address 0xfec00000, GSI 0-47
Oct 16 16:24:23 ip-10-0-0-14 kernel: [    0.000000] ACPI: INT_SRC_OVR (bus 0 bus_irq 0 global_irq 2 dfl dfl)
Oct 16 16:24:23 ip-10-0-0-14 kernel: [    0.000000] ACPI: INT_SRC_OVR (bus 0 bus_irq 5 global_irq 5 low level)
Oct 16 16:24:23 ip-10-0-0-14 kernel: [    0.000000] ACPI: INT_SRC_OVR (bus 0 bus_irq 10 global_irq 10 low level)
Oct 16 16:24:23 ip-10-0-0-14 kernel: [    0.000000] ACPI: INT_SRC_OVR (bus 0 bus_irq 11 global_irq 11 low level)
Oct 16 16:24:23 ip-10-0-0-14 kernel: [    0.000000] ACPI: IRQ0 used by override.
Oct 16 16:24:23 ip-10-0-0-14 kernel: [    0.000000] ACPI: IRQ5 used by override.
Oct 16 16:24:23 ip-10-0-0-14 kernel: [    0.000000] ACPI: IRQ9 used by override.
Oct 16 16:24:23 ip-10-0-0-14 kernel: [    0.000000] ACPI: IRQ10 used by override.
Oct 16 16:24:23 ip-10-0-0-14 kernel: [    0.000000] ACPI: IRQ11 used by override.
Oct 16 16:24:23 ip-10-0-0-14 kernel: [    0.000000] Using ACPI (MADT) for SMP configuration information
Oct 16 16:24:23 ip-10-0-0-14 kernel: [    0.000000] ACPI: HPET id: 0x8086a201 base: 0xfed00000
Oct 16 16:24:23 ip-10-0-0-14 kernel: [    0.000000] smpboot: Allowing 15 CPUs, 14 hotplug CPUs
Oct 16 16:24:23 ip-10-0-0-14 kernel: [    0.000000] PM: Registered nosave memory: [mem 0x00000000-0x00000fff]
Oct 16 16:24:23 ip-10-0-0-14 kernel: [    0.000000] PM: Registered nosave memory: [mem 0x0009e000-0x0009ffff]
Oct 16 16:24:23 ip-10-0-0-14 kernel: [    0.000000] PM: Registered nosave memory: [mem 0x000a0000-0x000dffff]
Oct 16 16:24:23 ip-10-0-0-14 kernel: [    0.000000] PM: Registered nosave memory: [mem 0x000e0000-0x000fffff]
Oct 16 16:24:23 ip-10-0-0-14 kernel: [    0.000000] e820: [mem 0x40000000-0xfbffffff] available for PCI devices
Oct 16 16:24:23 ip-10-0-0-14 kernel: [    0.000000] Booting paravirtualized kernel on Xen HVM
Oct 16 16:24:23 ip-10-0-0-14 kernel: [    0.000000] clocksource: refined-jiffies: mask: 0xffffffff max_cycles: 0xffffffff, max_idle_ns: 7645519600211568 ns
Oct 16 16:24:23 ip-10-0-0-14 kernel: [    0.000000] setup_percpu: NR_CPUS:256 nr_cpumask_bits:256 nr_cpu_ids:15 nr_node_ids:1
Oct 16 16:24:23 ip-10-0-0-14 kernel: [    0.000000] PERCPU: Embedded 33 pages/cpu @ffff88003e200000 s98072 r8192 d28904 u262144
Oct 16 16:24:23 ip-10-0-0-14 kernel: [    0.000000] pcpu-alloc: s98072 r8192 d28904 u262144 alloc=1*2097152
Oct 16 16:24:23 ip-10-0-0-14 kernel: [    0.000000] pcpu-alloc: [0] 00 01 02 03 04 05 06 07 [0] 08 09 10 11 12 13 14 -- 
Oct 16 16:24:23 ip-10-0-0-14 kernel: [    0.000000] xen: PV spinlocks enabled
Oct 16 16:24:23 ip-10-0-0-14 kernel: [    0.000000] PV qspinlock hash table entries: 256 (order: 0, 4096 bytes)
Oct 16 16:24:23 ip-10-0-0-14 kernel: [    0.000000] Built 1 zonelists in Node order, mobility grouping on.  Total pages: 257928
Oct 16 16:24:23 ip-10-0-0-14 kernel: [    0.000000] Policy zone: DMA32
Oct 16 16:24:23 ip-10-0-0-14 kernel: [    0.000000] Kernel command line: BOOT_IMAGE=/boot/vmlinuz-4.4.0-1037-aws root=UUID=3e13556e-d28d-407b-bcc6-97160eafebe1 ro console=tty1 console=ttyS0
Oct 16 16:24:23 ip-10-0-0-14 kernel: [    0.000000] PID hash table entries: 4096 (order: 3, 32768 bytes)
Oct 16 16:24:23 ip-10-0-0-14 kernel: [    0.000000] Calgary: detecting Calgary via BIOS EBDA area
Oct 16 16:24:23 ip-10-0-0-14 kernel: [    0.000000] Calgary: Unable to locate Rio Grande table in EBDA - bailing!
Oct 16 16:24:23 ip-10-0-0-14 kernel: [    0.000000] Memory: 998732K/1048180K available (8301K kernel code, 1262K rwdata, 3872K rodata, 1472K init, 1288K bss, 49448K reserved, 0K cma-reserved)
Oct 16 16:24:23 ip-10-0-0-14 kernel: [    0.000000] SLUB: HWalign=64, Order=0-3, MinObjects=0, CPUs=15, Nodes=1
Oct 16 16:24:23 ip-10-0-0-14 kernel: [    0.000000] Hierarchical RCU implementation.
Oct 16 16:24:23 ip-10-0-0-14 kernel: [    0.000000] 	Build-time adjustment of leaf fanout to 64.
Oct 16 16:24:23 ip-10-0-0-14 kernel: [    0.000000] 	RCU restricting CPUs from NR_CPUS=256 to nr_cpu_ids=15.
Oct 16 16:24:23 ip-10-0-0-14 kernel: [    0.000000] RCU: Adjusting geometry for rcu_fanout_leaf=64, nr_cpu_ids=15
Oct 16 16:24:23 ip-10-0-0-14 kernel: [    0.000000] NR_IRQS:16640 nr_irqs:952 16
Oct 16 16:24:23 ip-10-0-0-14 kernel: [    0.000000] xen:events: Using 2-level ABI
Oct 16 16:24:23 ip-10-0-0-14 kernel: [    0.000000] xen:events: Xen HVM callback vector for event delivery is enabled
Oct 16 16:24:23 ip-10-0-0-14 kernel: [    0.000000] Console: colour VGA+ 80x25
Oct 16 16:24:23 ip-10-0-0-14 kernel: [    0.000000] console [tty1] enabled
Oct 16 16:24:23 ip-10-0-0-14 kernel: [    0.000000] Cannot get hvm parameter CONSOLE_EVTCHN (18): -22!
Oct 16 16:24:23 ip-10-0-0-14 kernel: [    0.000000] console [ttyS0] enabled
Oct 16 16:24:23 ip-10-0-0-14 kernel: [    0.000000] clocksource: hpet: mask: 0xffffffff max_cycles: 0xffffffff, max_idle_ns: 30580167144 ns
Oct 16 16:24:23 ip-10-0-0-14 kernel: [    0.000000] hpet clockevent registered
Oct 16 16:24:23 ip-10-0-0-14 kernel: [    0.000000] tsc: Detected 2400.062 MHz processor
Oct 16 16:24:23 ip-10-0-0-14 kernel: [    0.008000] Calibrating delay loop (skipped), value calculated using timer frequency.. 4800.12 BogoMIPS (lpj=9600248)
Oct 16 16:24:23 ip-10-0-0-14 kernel: [    0.012003] pid_max: default: 32768 minimum: 301
Oct 16 16:24:23 ip-10-0-0-14 kernel: [    0.016011] ACPI: Core revision 20150930
Oct 16 16:24:23 ip-10-0-0-14 kernel: [    0.024801] ACPI: 3 ACPI AML tables successfully acquired and loaded
Oct 16 16:24:23 ip-10-0-0-14 kernel: [    0.028783] Security Framework initialized
Oct 16 16:24:23 ip-10-0-0-14 kernel: [    0.032004] Yama: becoming mindful.
Oct 16 16:24:23 ip-10-0-0-14 kernel: [    0.034380] AppArmor: AppArmor initialized
Oct 16 16:24:23 ip-10-0-0-14 kernel: [    0.036087] Dentry cache hash table entries: 131072 (order: 8, 1048576 bytes)
Oct 16 16:24:23 ip-10-0-0-14 kernel: [    0.040183] Inode-cache hash table entries: 65536 (order: 7, 524288 bytes)
Oct 16 16:24:23 ip-10-0-0-14 kernel: [    0.044084] Mount-cache hash table entries: 2048 (order: 2, 16384 bytes)
Oct 16 16:24:23 ip-10-0-0-14 kernel: [    0.048005] Mountpoint-cache hash table entries: 2048 (order: 2, 16384 bytes)
Oct 16 16:24:23 ip-10-0-0-14 kernel: [    0.052176] Initializing cgroup subsys io
Oct 16 16:24:23 ip-10-0-0-14 kernel: [    0.056008] Initializing cgroup subsys memory
Oct 16 16:24:23 ip-10-0-0-14 kernel: [    0.058774] Initializing cgroup subsys devices
Oct 16 16:24:23 ip-10-0-0-14 kernel: [    0.060008] Initializing cgroup subsys freezer
Oct 16 16:24:23 ip-10-0-0-14 kernel: [    0.064008] Initializing cgroup subsys net_cls
Oct 16 16:24:23 ip-10-0-0-14 kernel: [    0.068007] Initializing cgroup subsys perf_event
Oct 16 16:24:23 ip-10-0-0-14 kernel: [    0.070920] Initializing cgroup subsys net_prio
Oct 16 16:24:23 ip-10-0-0-14 kernel: [    0.072007] Initializing cgroup subsys hugetlb
Oct 16 16:24:23 ip-10-0-0-14 kernel: [    0.076003] Initializing cgroup subsys pids
Oct 16 16:24:23 ip-10-0-0-14 kernel: [    0.080062] CPU: Physical Processor ID: 0
Oct 16 16:24:23 ip-10-0-0-14 kernel: [    0.083430] mce: CPU supports 2 MCE banks
Oct 16 16:24:23 ip-10-0-0-14 kernel: [    0.084026] Last level iTLB entries: 4KB 1024, 2MB 1024, 4MB 1024
Oct 16 16:24:23 ip-10-0-0-14 kernel: [    0.088004] Last level dTLB entries: 4KB 1024, 2MB 1024, 4MB 1024, 1GB 4
Oct 16 16:24:23 ip-10-0-0-14 kernel: [    0.110691] ftrace: allocating 31263 entries in 123 pages
Oct 16 16:24:23 ip-10-0-0-14 kernel: [    0.140097] smpboot: APIC(0) Converting physical 0 to logical package 0
Oct 16 16:24:23 ip-10-0-0-14 kernel: [    0.144006] smpboot: Max logical packages: 15
Oct 16 16:24:23 ip-10-0-0-14 kernel: [    0.148181] x2apic: IRQ remapping doesn't support X2APIC mode
Oct 16 16:24:23 ip-10-0-0-14 kernel: [    0.151530] Switched APIC routing to physical flat.
Oct 16 16:24:23 ip-10-0-0-14 kernel: [    0.154047] ..TIMER: vector=0x30 apic1=0 pin1=2 apic2=0 pin2=0
Oct 16 16:24:23 ip-10-0-0-14 kernel: [    0.156004] clocksource: xen: mask: 0xffffffffffffffff max_cycles: 0x1cd42e4dffb, max_idle_ns: 881590591483 ns
Oct 16 16:24:23 ip-10-0-0-14 kernel: [    0.160009] Xen: using vcpuop timer interface
Oct 16 16:24:23 ip-10-0-0-14 kernel: [    0.160017] installing Xen timer for CPU 0
Oct 16 16:24:23 ip-10-0-0-14 kernel: [    0.164075] smpboot: CPU0: Intel(R) Xeon(R) CPU E5-2676 v3 @ 2.40GHz (family: 0x6, model: 0x3f, stepping: 0x2)
Oct 16 16:24:23 ip-10-0-0-14 kernel: [    0.169466] cpu 0 spinlock event irq 53
Oct 16 16:24:23 ip-10-0-0-14 kernel: [    0.171714] Performance Events: unsupported p6 CPU model 63 no PMU driver, software events only.
Oct 16 16:24:23 ip-10-0-0-14 kernel: [    0.176444] x86: Booted up 1 node, 1 CPUs
Oct 16 16:24:23 ip-10-0-0-14 kernel: [    0.178755] smpboot: Total of 1 processors activated (4800.12 BogoMIPS)
Oct 16 16:24:23 ip-10-0-0-14 kernel: [    0.180012] NMI watchdog: disabled (cpu0): hardware events not enabled
Oct 16 16:24:23 ip-10-0-0-14 kernel: [    0.183935] NMI watchdog: Shutting down hard lockup detector on all cpus
Oct 16 16:24:23 ip-10-0-0-14 kernel: [    0.184369] devtmpfs: initialized
Oct 16 16:24:23 ip-10-0-0-14 kernel: [    0.187819] evm: security.selinux
Oct 16 16:24:23 ip-10-0-0-14 kernel: [    0.188009] evm: security.SMACK64
Oct 16 16:24:23 ip-10-0-0-14 kernel: [    0.189916] evm: security.SMACK64EXEC
Oct 16 16:24:23 ip-10-0-0-14 kernel: [    0.192007] evm: security.SMACK64TRANSMUTE
Oct 16 16:24:23 ip-10-0-0-14 kernel: [    0.194277] evm: security.SMACK64MMAP
Oct 16 16:24:23 ip-10-0-0-14 kernel: [    0.196006] evm: security.ima
Oct 16 16:24:23 ip-10-0-0-14 kernel: [    0.198208] evm: security.capability
Oct 16 16:24:23 ip-10-0-0-14 kernel: [    0.200168] clocksource: jiffies: mask: 0xffffffff max_cycles: 0xffffffff, max_idle_ns: 7645041785100000 ns
Oct 16 16:24:23 ip-10-0-0-14 kernel: [    0.204036] futex hash table entries: 4096 (order: 6, 262144 bytes)
Oct 16 16:24:23 ip-10-0-0-14 kernel: [    0.207768] RTC time: 16:24:15, date: 10/16/17
Oct 16 16:24:23 ip-10-0-0-14 kernel: [    0.208137] NET: Registered protocol family 16
Oct 16 16:24:23 ip-10-0-0-14 kernel: [    0.210646] cpuidle: using governor ladder
Oct 16 16:24:23 ip-10-0-0-14 kernel: [    0.212010] cpuidle: using governor menu
Oct 16 16:24:23 ip-10-0-0-14 kernel: [    0.214280] PCCT header not found.
Oct 16 16:24:23 ip-10-0-0-14 kernel: [    0.216070] ACPI: bus type PCI registered
Oct 16 16:24:23 ip-10-0-0-14 kernel: [    0.218393] acpiphp: ACPI Hot Plug PCI Controller Driver version: 0.5
Oct 16 16:24:23 ip-10-0-0-14 kernel: [    0.220240] PCI: Using configuration type 1 for base access
Oct 16 16:24:23 ip-10-0-0-14 kernel: [    0.224056] ACPI: Added _OSI(Module Device)
Oct 16 16:24:23 ip-10-0-0-14 kernel: [    0.228009] ACPI: Added _OSI(Processor Device)
Oct 16 16:24:23 ip-10-0-0-14 kernel: [    0.230485] ACPI: Added _OSI(3.0 _SCP Extensions)
Oct 16 16:24:23 ip-10-0-0-14 kernel: [    0.232005] ACPI: Added _OSI(Processor Aggregator Device)
Oct 16 16:24:23 ip-10-0-0-14 kernel: [    0.235736] xen: --> pirq=16 -> irq=9 (gsi=9)
Oct 16 16:24:23 ip-10-0-0-14 kernel: [    0.238105] ACPI: Interpreter enabled
Oct 16 16:24:23 ip-10-0-0-14 kernel: [    0.240015] ACPI: (supports S0 S3 S4 S5)
Oct 16 16:24:23 ip-10-0-0-14 kernel: [    0.242382] ACPI: Using IOAPIC for interrupt routing
Oct 16 16:24:23 ip-10-0-0-14 kernel: [    0.244037] PCI: Using host bridge windows from ACPI; if necessary, use "pci=nocrs" and report a bug
Oct 16 16:24:23 ip-10-0-0-14 kernel: [    0.293886] ACPI: PCI Root Bridge [PCI0] (domain 0000 [bus 00-ff])
Oct 16 16:24:23 ip-10-0-0-14 kernel: [    0.296014] acpi PNP0A03:00: _OSC: OS supports [ASPM ClockPM Segments MSI]
Oct 16 16:24:23 ip-10-0-0-14 kernel: [    0.300015] acpi PNP0A03:00: _OSC failed (AE_NOT_FOUND); disabling ASPM
Oct 16 16:24:23 ip-10-0-0-14 kernel: [    0.304018] acpi PNP0A03:00: fail to add MMCONFIG information, can't access extended PCI configuration space under this bridge.
Oct 16 16:24:23 ip-10-0-0-14 kernel: [    0.308892] acpiphp: Slot [0] registered
Oct 16 16:24:23 ip-10-0-0-14 kernel: [    0.312416] acpiphp: Slot [3] registered
Oct 16 16:24:23 ip-10-0-0-14 kernel: [    0.314866] acpiphp: Slot [4] registered
Oct 16 16:24:23 ip-10-0-0-14 kernel: [    0.316232] acpiphp: Slot [5] registered
Oct 16 16:24:23 ip-10-0-0-14 kernel: [    0.318706] acpiphp: Slot [6] registered
Oct 16 16:24:23 ip-10-0-0-14 kernel: [    0.320297] acpiphp: Slot [7] registered
Oct 16 16:24:23 ip-10-0-0-14 kernel: [    0.322740] acpiphp: Slot [8] registered
Oct 16 16:24:23 ip-10-0-0-14 kernel: [    0.324236] acpiphp: Slot [9] registered
Oct 16 16:24:23 ip-10-0-0-14 kernel: [    0.326668] acpiphp: Slot [10] registered
Oct 16 16:24:23 ip-10-0-0-14 kernel: [    0.328238] acpiphp: Slot [11] registered
Oct 16 16:24:23 ip-10-0-0-14 kernel: [    0.330654] acpiphp: Slot [12] registered
Oct 16 16:24:23 ip-10-0-0-14 kernel: [    0.332227] acpiphp: Slot [13] registered
Oct 16 16:24:23 ip-10-0-0-14 kernel: [    0.334710] acpiphp: Slot [14] registered
Oct 16 16:24:23 ip-10-0-0-14 kernel: [    0.336234] acpiphp: Slot [15] registered
Oct 16 16:24:23 ip-10-0-0-14 kernel: [    0.338865] acpiphp: Slot [16] registered
Oct 16 16:24:23 ip-10-0-0-14 kernel: [    0.340251] acpiphp: Slot [17] registered
Oct 16 16:24:23 ip-10-0-0-14 kernel: [    0.342961] acpiphp: Slot [18] registered
Oct 16 16:24:23 ip-10-0-0-14 kernel: [    0.344308] acpiphp: Slot [19] registered
Oct 16 16:24:23 ip-10-0-0-14 kernel: [    0.347758] acpiphp: Slot [20] registered
Oct 16 16:24:23 ip-10-0-0-14 kernel: [    0.348248] acpiphp: Slot [21] registered
Oct 16 16:24:23 ip-10-0-0-14 kernel: [    0.350675] acpiphp: Slot [22] registered
Oct 16 16:24:23 ip-10-0-0-14 kernel: [    0.352231] acpiphp: Slot [23] registered
Oct 16 16:24:23 ip-10-0-0-14 kernel: [    0.354658] acpiphp: Slot [24] registered
Oct 16 16:24:23 ip-10-0-0-14 kernel: [    0.356235] acpiphp: Slot [25] registered
Oct 16 16:24:23 ip-10-0-0-14 kernel: [    0.358906] acpiphp: Slot [26] registered
Oct 16 16:24:23 ip-10-0-0-14 kernel: [    0.360244] acpiphp: Slot [27] registered
Oct 16 16:24:23 ip-10-0-0-14 kernel: [    0.362960] acpiphp: Slot [28] registered
Oct 16 16:24:23 ip-10-0-0-14 kernel: [    0.364228] acpiphp: Slot [29] registered
Oct 16 16:24:23 ip-10-0-0-14 kernel: [    0.366731] acpiphp: Slot [30] registered
Oct 16 16:24:23 ip-10-0-0-14 kernel: [    0.368256] acpiphp: Slot [31] registered
Oct 16 16:24:23 ip-10-0-0-14 kernel: [    0.370773] PCI host bridge to bus 0000:00
Oct 16 16:24:23 ip-10-0-0-14 kernel: [    0.372008] pci_bus 0000:00: root bus resource [io  0x0000-0x0cf7 window]
Oct 16 16:24:23 ip-10-0-0-14 kernel: [    0.375472] pci_bus 0000:00: root bus resource [io  0x0d00-0xffff window]
Oct 16 16:24:23 ip-10-0-0-14 kernel: [    0.376007] pci_bus 0000:00: root bus resource [mem 0x000a0000-0x000bffff window]
Oct 16 16:24:23 ip-10-0-0-14 kernel: [    0.380000] pci_bus 0000:00: root bus resource [mem 0xf0000000-0xfbffffff window]
Oct 16 16:24:23 ip-10-0-0-14 kernel: [    0.380006] pci_bus 0000:00: root bus resource [bus 00-ff]
Oct 16 16:24:23 ip-10-0-0-14 kernel: [    0.383112] pci 0000:00:00.0: [8086:1237] type 00 class 0x060000
Oct 16 16:24:23 ip-10-0-0-14 kernel: [    0.384438] pci 0000:00:01.0: [8086:7000] type 00 class 0x060100
Oct 16 16:24:23 ip-10-0-0-14 kernel: [    0.386359] pci 0000:00:01.1: [8086:7010] type 00 class 0x010180
Oct 16 16:24:23 ip-10-0-0-14 kernel: [    0.387291] pci 0000:00:01.1: reg 0x20: [io  0xc100-0xc10f]
Oct 16 16:24:23 ip-10-0-0-14 kernel: [    0.387702] pci 0000:00:01.1: legacy IDE quirk: reg 0x10: [io  0x01f0-0x01f7]
Oct 16 16:24:23 ip-10-0-0-14 kernel: [    0.388005] pci 0000:00:01.1: legacy IDE quirk: reg 0x14: [io  0x03f6]
Oct 16 16:24:23 ip-10-0-0-14 kernel: [    0.391246] pci 0000:00:01.1: legacy IDE quirk: reg 0x18: [io  0x0170-0x0177]
Oct 16 16:24:23 ip-10-0-0-14 kernel: [    0.392006] pci 0000:00:01.1: legacy IDE quirk: reg 0x1c: [io  0x0376]
Oct 16 16:24:23 ip-10-0-0-14 kernel: [    0.395854] pci 0000:00:01.3: [8086:7113] type 00 class 0x068000
Oct 16 16:24:23 ip-10-0-0-14 kernel: [    0.395929] * Found PM-Timer Bug on the chipset. Due to workarounds for a bug,
Oct 16 16:24:23 ip-10-0-0-14 kernel: [    0.395929] * this clock source is slow. Consider trying other clock sources
Oct 16 16:24:23 ip-10-0-0-14 kernel: [    0.397016] pci 0000:00:01.3: quirk: [io  0xb000-0xb03f] claimed by PIIX4 ACPI
Oct 16 16:24:23 ip-10-0-0-14 kernel: [    0.400694] pci 0000:00:02.0: [1013:00b8] type 00 class 0x030000
Oct 16 16:24:23 ip-10-0-0-14 kernel: [    0.400968] pci 0000:00:02.0: reg 0x10: [mem 0xf0000000-0xf1ffffff pref]
Oct 16 16:24:23 ip-10-0-0-14 kernel: [    0.401146] pci 0000:00:02.0: reg 0x14: [mem 0xf3000000-0xf3000fff]
Oct 16 16:24:23 ip-10-0-0-14 kernel: [    0.402624] pci 0000:00:03.0: [5853:0001] type 00 class 0xff8000
Oct 16 16:24:23 ip-10-0-0-14 kernel: [    0.402936] pci 0000:00:03.0: reg 0x10: [io  0xc000-0xc0ff]
Oct 16 16:24:23 ip-10-0-0-14 kernel: [    0.403111] pci 0000:00:03.0: reg 0x14: [mem 0xf2000000-0xf2ffffff pref]
Oct 16 16:24:23 ip-10-0-0-14 kernel: [    0.405198] ACPI: PCI Interrupt Link [LNKA] (IRQs *5 10 11)
Oct 16 16:24:23 ip-10-0-0-14 kernel: [    0.409680] ACPI: PCI Interrupt Link [LNKB] (IRQs 5 *10 11)
Oct 16 16:24:23 ip-10-0-0-14 kernel: [    0.414129] ACPI: PCI Interrupt Link [LNKC] (IRQs 5 10 *11)
Oct 16 16:24:23 ip-10-0-0-14 kernel: [    0.418517] ACPI: PCI Interrupt Link [LNKD] (IRQs *5 10 11)
Oct 16 16:24:23 ip-10-0-0-14 kernel: [    0.436405] ACPI: Enabled 2 GPEs in block 00 to 0F
Oct 16 16:24:23 ip-10-0-0-14 kernel: [    0.439723] xen:balloon: Initialising balloon driver
Oct 16 16:24:23 ip-10-0-0-14 kernel: [    0.440137] vgaarb: setting as boot device: PCI:0000:00:02.0
Oct 16 16:24:23 ip-10-0-0-14 kernel: [    0.443330] vgaarb: device added: PCI:0000:00:02.0,decodes=io+mem,owns=io+mem,locks=none
Oct 16 16:24:23 ip-10-0-0-14 kernel: [    0.444004] vgaarb: loaded
Oct 16 16:24:23 ip-10-0-0-14 kernel: [    0.445814] vgaarb: bridge control possible 0000:00:02.0
Oct 16 16:24:23 ip-10-0-0-14 kernel: [    0.448179] SCSI subsystem initialized
Oct 16 16:24:23 ip-10-0-0-14 kernel: [    0.450368] libata version 3.00 loaded.
Oct 16 16:24:23 ip-10-0-0-14 kernel: [    0.450390] ACPI: bus type USB registered
Oct 16 16:24:23 ip-10-0-0-14 kernel: [    0.452020] usbcore: registered new interface driver usbfs
Oct 16 16:24:23 ip-10-0-0-14 kernel: [    0.454811] usbcore: registered new interface driver hub
Oct 16 16:24:23 ip-10-0-0-14 kernel: [    0.456029] usbcore: registered new device driver usb
Oct 16 16:24:23 ip-10-0-0-14 kernel: [    0.459175] PCI: Using ACPI for IRQ routing
Oct 16 16:24:23 ip-10-0-0-14 kernel: [    0.460006] PCI: pci_cache_line_size set to 64 bytes
Oct 16 16:24:23 ip-10-0-0-14 kernel: [    0.460311] e820: reserve RAM buffer [mem 0x0009e000-0x0009ffff]
Oct 16 16:24:23 ip-10-0-0-14 kernel: [    0.460422] NetLabel: Initializing
Oct 16 16:24:23 ip-10-0-0-14 kernel: [    0.462440] NetLabel:  domain hash size = 128
Oct 16 16:24:23 ip-10-0-0-14 kernel: [    0.464005] NetLabel:  protocols = UNLABELED CIPSOv4
Oct 16 16:24:23 ip-10-0-0-14 kernel: [    0.466884] NetLabel:  unlabeled traffic allowed by default
Oct 16 16:24:23 ip-10-0-0-14 kernel: [    0.468096] HPET: 3 timers in total, 0 timers will be used for per-cpu timer
Oct 16 16:24:23 ip-10-0-0-14 kernel: [    0.471564] hpet0: at MMIO 0xfed00000, IRQs 2, 8, 0
Oct 16 16:24:23 ip-10-0-0-14 kernel: [    0.473924] hpet0: 3 comparators, 64-bit 62.500000 MHz counter
Oct 16 16:24:23 ip-10-0-0-14 kernel: [    0.478055] amd_nb: Cannot enumerate AMD northbridges
Oct 16 16:24:23 ip-10-0-0-14 kernel: [    0.480020] clocksource: Switched to clocksource xen
Oct 16 16:24:23 ip-10-0-0-14 kernel: [    0.487661] AppArmor: AppArmor Filesystem Enabled
Oct 16 16:24:23 ip-10-0-0-14 kernel: [    0.490470] pnp: PnP ACPI init
Oct 16 16:24:23 ip-10-0-0-14 kernel: [    0.492548] system 00:00: [mem 0x00000000-0x0009ffff] could not be reserved
Oct 16 16:24:23 ip-10-0-0-14 kernel: [    0.496071] system 00:00: Plug and Play ACPI device, IDs PNP0c02 (active)
Oct 16 16:24:23 ip-10-0-0-14 kernel: [    0.496158] system 00:01: [io  0x08a0-0x08a3] has been reserved
Oct 16 16:24:23 ip-10-0-0-14 kernel: [    0.499173] system 00:01: [io  0x0cc0-0x0ccf] has been reserved
Oct 16 16:24:23 ip-10-0-0-14 kernel: [    0.502165] system 00:01: [io  0x04d0-0x04d1] has been reserved
Oct 16 16:24:23 ip-10-0-0-14 kernel: [    0.505269] system 00:01: Plug and Play ACPI device, IDs PNP0c02 (active)
Oct 16 16:24:23 ip-10-0-0-14 kernel: [    0.505291] xen: --> pirq=17 -> irq=8 (gsi=8)
Oct 16 16:24:23 ip-10-0-0-14 kernel: [    0.505309] pnp 00:02: Plug and Play ACPI device, IDs PNP0b00 (active)
Oct 16 16:24:23 ip-10-0-0-14 kernel: [    0.505328] xen: --> pirq=18 -> irq=12 (gsi=12)
Oct 16 16:24:23 ip-10-0-0-14 kernel: [    0.505339] pnp 00:03: Plug and Play ACPI device, IDs PNP0f13 (active)
Oct 16 16:24:23 ip-10-0-0-14 kernel: [    0.505354] xen: --> pirq=19 -> irq=1 (gsi=1)
Oct 16 16:24:23 ip-10-0-0-14 kernel: [    0.505366] pnp 00:04: Plug and Play ACPI device, IDs PNP0303 PNP030b (active)
Oct 16 16:24:23 ip-10-0-0-14 kernel: [    0.505380] xen: --> pirq=20 -> irq=6 (gsi=6)
Oct 16 16:24:23 ip-10-0-0-14 kernel: [    0.505382] pnp 00:05: [dma 2]
Oct 16 16:24:23 ip-10-0-0-14 kernel: [    0.505394] pnp 00:05: Plug and Play ACPI device, IDs PNP0700 (active)
Oct 16 16:24:23 ip-10-0-0-14 kernel: [    0.505414] xen: --> pirq=21 -> irq=4 (gsi=4)
Oct 16 16:24:23 ip-10-0-0-14 kernel: [    0.505425] pnp 00:06: Plug and Play ACPI device, IDs PNP0501 (active)
Oct 16 16:24:23 ip-10-0-0-14 kernel: [    0.505459] system 00:07: [io  0x10c0-0x1141] has been reserved
Oct 16 16:24:23 ip-10-0-0-14 kernel: [    0.509032] system 00:07: [io  0xb044-0xb047] has been reserved
Oct 16 16:24:23 ip-10-0-0-14 kernel: [    0.512833] system 00:07: Plug and Play ACPI device, IDs PNP0c02 (active)
Oct 16 16:24:23 ip-10-0-0-14 kernel: [    0.527038] pnp: PnP ACPI: found 8 devices
Oct 16 16:24:23 ip-10-0-0-14 kernel: [    0.534853] clocksource: acpi_pm: mask: 0xffffff max_cycles: 0xffffff, max_idle_ns: 2085701024 ns
Oct 16 16:24:23 ip-10-0-0-14 kernel: [    0.539887] pci_bus 0000:00: resource 4 [io  0x0000-0x0cf7 window]
Oct 16 16:24:23 ip-10-0-0-14 kernel: [    0.539890] pci_bus 0000:00: resource 5 [io  0x0d00-0xffff window]
Oct 16 16:24:23 ip-10-0-0-14 kernel: [    0.539891] pci_bus 0000:00: resource 6 [mem 0x000a0000-0x000bffff window]
Oct 16 16:24:23 ip-10-0-0-14 kernel: [    0.539893] pci_bus 0000:00: resource 7 [mem 0xf0000000-0xfbffffff window]
Oct 16 16:24:23 ip-10-0-0-14 kernel: [    0.539933] NET: Registered protocol family 2
Oct 16 16:24:23 ip-10-0-0-14 kernel: [    0.544063] TCP established hash table entries: 8192 (order: 4, 65536 bytes)
Oct 16 16:24:23 ip-10-0-0-14 kernel: [    0.549649] TCP bind hash table entries: 8192 (order: 5, 131072 bytes)
Oct 16 16:24:23 ip-10-0-0-14 kernel: [    0.554658] TCP: Hash tables configured (established 8192 bind 8192)
Oct 16 16:24:23 ip-10-0-0-14 kernel: [    0.559901] UDP hash table entries: 512 (order: 2, 16384 bytes)
Oct 16 16:24:23 ip-10-0-0-14 kernel: [    0.564755] UDP-Lite hash table entries: 512 (order: 2, 16384 bytes)
Oct 16 16:24:23 ip-10-0-0-14 kernel: [    0.569422] NET: Registered protocol family 1
Oct 16 16:24:23 ip-10-0-0-14 kernel: [    0.571831] pci 0000:00:00.0: Limiting direct PCI/PCI transfers
Oct 16 16:24:23 ip-10-0-0-14 kernel: [    0.574914] pci 0000:00:01.0: PIIX3: Enabling Passive Release
Oct 16 16:24:23 ip-10-0-0-14 kernel: [    0.577979] pci 0000:00:01.0: Activating ISA DMA hang workarounds
Oct 16 16:24:23 ip-10-0-0-14 kernel: [    0.581273] pci 0000:00:02.0: Video device with shadowed ROM
Oct 16 16:24:23 ip-10-0-0-14 kernel: [    0.581325] PCI: CLS 0 bytes, default 64
Oct 16 16:24:23 ip-10-0-0-14 kernel: [    0.581382] Trying to unpack rootfs image as initramfs...
Oct 16 16:24:23 ip-10-0-0-14 kernel: [    0.758041] Freeing initrd memory: 12292K
Oct 16 16:24:23 ip-10-0-0-14 kernel: [    0.760706] RAPL PMU detected, API unit is 2^-32 Joules, 3 fixed counters 655360 ms ovfl timer
Oct 16 16:24:23 ip-10-0-0-14 kernel: [    0.765319] hw unit of domain pp0-core 2^-14 Joules
Oct 16 16:24:23 ip-10-0-0-14 kernel: [    0.767846] hw unit of domain package 2^-14 Joules
Oct 16 16:24:23 ip-10-0-0-14 kernel: [    0.770578] hw unit of domain dram 2^-16 Joules
Oct 16 16:24:23 ip-10-0-0-14 kernel: [    0.773235] Scanning for low memory corruption every 60 seconds
Oct 16 16:24:23 ip-10-0-0-14 kernel: [    0.776600] audit: initializing netlink subsys (disabled)
Oct 16 16:24:23 ip-10-0-0-14 kernel: [    0.779342] audit: type=2000 audit(1508171056.443:1): initialized
Oct 16 16:24:23 ip-10-0-0-14 kernel: [    0.782741] Initialise system trusted keyring
Oct 16 16:24:23 ip-10-0-0-14 kernel: [    0.785190] HugeTLB registered 2 MB page size, pre-allocated 0 pages
Oct 16 16:24:23 ip-10-0-0-14 kernel: [    0.789448] zbud: loaded
Oct 16 16:24:23 ip-10-0-0-14 kernel: [    0.791281] VFS: Disk quotas dquot_6.6.0
Oct 16 16:24:23 ip-10-0-0-14 kernel: [    0.793506] VFS: Dquot-cache hash table entries: 512 (order 0, 4096 bytes)
Oct 16 16:24:23 ip-10-0-0-14 kernel: [    0.797312] squashfs: version 4.0 (2009/01/31) Phillip Lougher
Oct 16 16:24:23 ip-10-0-0-14 kernel: [    0.800708] fuse init (API version 7.23)
Oct 16 16:24:23 ip-10-0-0-14 kernel: [    0.803100] Key type big_key registered
Oct 16 16:24:23 ip-10-0-0-14 kernel: [    0.805317] Allocating IMA MOK and blacklist keyrings.
Oct 16 16:24:23 ip-10-0-0-14 kernel: [    0.808221] Key type asymmetric registered
Oct 16 16:24:23 ip-10-0-0-14 kernel: [    0.810535] Asymmetric key parser 'x509' registered
Oct 16 16:24:23 ip-10-0-0-14 kernel: [    0.813181] Block layer SCSI generic (bsg) driver version 0.4 loaded (major 249)
Oct 16 16:24:23 ip-10-0-0-14 kernel: [    0.817351] io scheduler noop registered
Oct 16 16:24:23 ip-10-0-0-14 kernel: [    0.819748] io scheduler deadline registered (default)
Oct 16 16:24:23 ip-10-0-0-14 kernel: [    0.822510] io scheduler cfq registered
Oct 16 16:24:23 ip-10-0-0-14 kernel: [    0.824691] pci_hotplug: PCI Hot Plug PCI Core version: 0.5
Oct 16 16:24:23 ip-10-0-0-14 kernel: [    0.827728] pciehp: PCI Express Hot Plug Controller Driver version: 0.4
Oct 16 16:24:23 ip-10-0-0-14 kernel: [    0.831185] intel_idle: does not run on family 6 model 63
Oct 16 16:24:23 ip-10-0-0-14 kernel: [    0.831256] input: Power Button as /devices/LNXSYSTM:00/LNXPWRBN:00/input/input0
Oct 16 16:24:23 ip-10-0-0-14 kernel: [    0.835271] ACPI: Power Button [PWRF]
Oct 16 16:24:23 ip-10-0-0-14 kernel: [    0.837436] input: Sleep Button as /devices/LNXSYSTM:00/LNXSLPBN:00/input/input1
Oct 16 16:24:23 ip-10-0-0-14 kernel: [    0.841522] ACPI: Sleep Button [SLPF]
Oct 16 16:24:23 ip-10-0-0-14 kernel: [    0.844082] xen: --> pirq=22 -> irq=28 (gsi=28)
Oct 16 16:24:23 ip-10-0-0-14 kernel: [    0.844152] xen:grant_table: Grant tables using version 1 layout
Oct 16 16:24:23 ip-10-0-0-14 kernel: [    0.847251] Grant table initialized
Oct 16 16:24:23 ip-10-0-0-14 kernel: [    0.849361] Cannot get hvm parameter CONSOLE_EVTCHN (18): -22!
Oct 16 16:24:23 ip-10-0-0-14 kernel: [    0.852484] Serial: 8250/16550 driver, 32 ports, IRQ sharing enabled
Oct 16 16:24:23 ip-10-0-0-14 kernel: [    0.881594] 00:06: ttyS0 at I/O 0x3f8 (irq = 4, base_baud = 115200) is a 16550A
Oct 16 16:24:23 ip-10-0-0-14 kernel: [    0.886736] Linux agpgart interface v0.103
Oct 16 16:24:23 ip-10-0-0-14 kernel: [    0.890789] brd: module loaded
Oct 16 16:24:23 ip-10-0-0-14 kernel: [    0.893498] loop: module loaded
Oct 16 16:24:23 ip-10-0-0-14 kernel: [    0.896203] ata_piix 0000:00:01.1: version 2.13
Oct 16 16:24:23 ip-10-0-0-14 kernel: [    0.897082] scsi host0: ata_piix
Oct 16 16:24:23 ip-10-0-0-14 kernel: [    0.901847] scsi host1: ata_piix
Oct 16 16:24:23 ip-10-0-0-14 kernel: [    0.903951] ata1: PATA max MWDMA2 cmd 0x1f0 ctl 0x3f6 bmdma 0xc100 irq 14
Oct 16 16:24:23 ip-10-0-0-14 kernel: [    0.907619] ata2: PATA max MWDMA2 cmd 0x170 ctl 0x376 bmdma 0xc108 irq 15
Oct 16 16:24:23 ip-10-0-0-14 kernel: [    0.912865] libphy: Fixed MDIO Bus: probed
Oct 16 16:24:23 ip-10-0-0-14 kernel: [    0.915693] tun: Universal TUN/TAP device driver, 1.6
Oct 16 16:24:23 ip-10-0-0-14 kernel: [    0.920719] tun: (C) 1999-2004 Max Krasnyansky <maxk@qualcomm.com>
Oct 16 16:24:23 ip-10-0-0-14 kernel: [    0.923927] PPP generic driver version 2.4.2
Oct 16 16:24:23 ip-10-0-0-14 kernel: [    0.927164] xen_netfront: Initialising Xen virtual ethernet driver
Oct 16 16:24:23 ip-10-0-0-14 kernel: [    0.933627] ehci_hcd: USB 2.0 'Enhanced' Host Controller (EHCI) Driver
Oct 16 16:24:23 ip-10-0-0-14 kernel: [    0.939449] ehci-pci: EHCI PCI platform driver
Oct 16 16:24:23 ip-10-0-0-14 kernel: [    0.945111] ehci-platform: EHCI generic platform driver
Oct 16 16:24:23 ip-10-0-0-14 kernel: [    0.948095] ohci_hcd: USB 1.1 'Open' Host Controller (OHCI) Driver
Oct 16 16:24:23 ip-10-0-0-14 kernel: [    0.951541] ohci-pci: OHCI PCI platform driver
Oct 16 16:24:23 ip-10-0-0-14 kernel: [    0.954178] ohci-platform: OHCI generic platform driver
Oct 16 16:24:23 ip-10-0-0-14 kernel: [    0.957128] uhci_hcd: USB Universal Host Controller Interface driver
Oct 16 16:24:23 ip-10-0-0-14 kernel: [    0.961453] i8042: PNP: PS/2 Controller [PNP0303:PS2K,PNP0f13:PS2M] at 0x60,0x64 irq 1,12
Oct 16 16:24:23 ip-10-0-0-14 kernel: [    0.968386] serio: i8042 KBD port at 0x60,0x64 irq 1
Oct 16 16:24:23 ip-10-0-0-14 kernel: [    0.971273] serio: i8042 AUX port at 0x60,0x64 irq 12
Oct 16 16:24:23 ip-10-0-0-14 kernel: [    0.974432] mousedev: PS/2 mouse device common for all mice
Oct 16 16:24:23 ip-10-0-0-14 kernel: [    0.978373] input: AT Translated Set 2 keyboard as /devices/platform/i8042/serio0/input/input2
Oct 16 16:24:23 ip-10-0-0-14 kernel: [    0.983056] rtc_cmos 00:02: rtc core: registered rtc_cmos as rtc0
Oct 16 16:24:23 ip-10-0-0-14 kernel: [    0.987024] rtc_cmos 00:02: alarms up to one day, 114 bytes nvram, hpet irqs
Oct 16 16:24:23 ip-10-0-0-14 kernel: [    0.992876] i2c /dev entries driver
Oct 16 16:24:23 ip-10-0-0-14 kernel: [    0.995178] device-mapper: uevent: version 1.0.3
Oct 16 16:24:23 ip-10-0-0-14 kernel: [    0.997871] device-mapper: ioctl: 4.34.0-ioctl (2015-10-28) initialised: dm-devel@redhat.com
Oct 16 16:24:23 ip-10-0-0-14 kernel: [    1.002783] NET: Registered protocol family 10
Oct 16 16:24:23 ip-10-0-0-14 kernel: [    1.019743] NET: Registered protocol family 17
Oct 16 16:24:23 ip-10-0-0-14 kernel: [    1.023778] Key type dns_resolver registered
Oct 16 16:24:23 ip-10-0-0-14 kernel: [    1.027125] microcode: CPU0 sig=0x306f2, pf=0x1, revision=0x3a
Oct 16 16:24:23 ip-10-0-0-14 kernel: [    1.031889] microcode: Microcode Update Driver: v2.01 <tigran@aivazian.fsnet.co.uk>, Peter Oruba
Oct 16 16:24:23 ip-10-0-0-14 kernel: [    1.037573] registered taskstats version 1
Oct 16 16:24:23 ip-10-0-0-14 kernel: [    1.040212] Loading compiled-in X.509 certificates
Oct 16 16:24:23 ip-10-0-0-14 kernel: [    1.043688] Loaded X.509 cert 'Build time autogenerated kernel key: c4d378fa5e98d62d23140c5df7ab6cf43a322332'
Oct 16 16:24:23 ip-10-0-0-14 kernel: [    1.048846] zswap: loaded using pool lzo/zbud
Oct 16 16:24:23 ip-10-0-0-14 kernel: [    1.052778] blkfront: xvda: barrier or flush: disabled; persistent grants: disabled; indirect descriptors: enabled;
Oct 16 16:24:23 ip-10-0-0-14 kernel: [    1.058469] Key type trusted registered
Oct 16 16:24:23 ip-10-0-0-14 kernel: [    1.063025]  xvda: xvda1
Oct 16 16:24:23 ip-10-0-0-14 kernel: [    1.066253] Key type encrypted registered
Oct 16 16:24:23 ip-10-0-0-14 kernel: [    1.069098] AppArmor: AppArmor sha1 policy hashing enabled
Oct 16 16:24:23 ip-10-0-0-14 kernel: [    1.071918] ima: No TPM chip found, activating TPM-bypass!
Oct 16 16:24:23 ip-10-0-0-14 kernel: [    1.074905] evm: HMAC attrs: 0x1
Oct 16 16:24:23 ip-10-0-0-14 kernel: [    1.077167]   Magic number: 5:299:439
Oct 16 16:24:23 ip-10-0-0-14 kernel: [    1.079374] rtc_cmos 00:02: setting system clock to 2017-10-16 16:24:16 UTC (1508171056)
Oct 16 16:24:23 ip-10-0-0-14 kernel: [    1.083872] BIOS EDD facility v0.16 2004-Jun-25, 0 devices found
Oct 16 16:24:23 ip-10-0-0-14 kernel: [    1.086998] EDD information not available.
Oct 16 16:24:23 ip-10-0-0-14 kernel: [    1.089349] PM: Hibernation image not present or could not be loaded.
Oct 16 16:24:23 ip-10-0-0-14 kernel: [    1.090941] Freeing unused kernel memory: 1472K
Oct 16 16:24:23 ip-10-0-0-14 kernel: [    1.093369] Write protecting the kernel read-only data: 14336k
Oct 16 16:24:23 ip-10-0-0-14 kernel: [    1.096882] Freeing unused kernel memory: 1928K
Oct 16 16:24:23 ip-10-0-0-14 kernel: [    1.099801] Freeing unused kernel memory: 224K
Oct 16 16:24:23 ip-10-0-0-14 kernel: [    1.113158] random: udevadm: uninitialized urandom read (16 bytes read, 8 bits of entropy available)
Oct 16 16:24:23 ip-10-0-0-14 kernel: [    1.118205] random: systemd-udevd: uninitialized urandom read (16 bytes read, 8 bits of entropy available)
Oct 16 16:24:23 ip-10-0-0-14 kernel: [    1.123116] random: systemd-udevd: uninitialized urandom read (16 bytes read, 8 bits of entropy available)
Oct 16 16:24:23 ip-10-0-0-14 kernel: [    1.128194] random: udevadm: uninitialized urandom read (16 bytes read, 8 bits of entropy available)
Oct 16 16:24:23 ip-10-0-0-14 kernel: [    1.133114] random: systemd-udevd: uninitialized urandom read (16 bytes read, 8 bits of entropy available)
Oct 16 16:24:23 ip-10-0-0-14 kernel: [    1.138054] random: udevadm: uninitialized urandom read (16 bytes read, 8 bits of entropy available)
Oct 16 16:24:23 ip-10-0-0-14 kernel: [    1.142841] random: systemd-udevd: uninitialized urandom read (16 bytes read, 8 bits of entropy available)
Oct 16 16:24:23 ip-10-0-0-14 kernel: [    1.147991] random: udevadm: uninitialized urandom read (16 bytes read, 8 bits of entropy available)
Oct 16 16:24:23 ip-10-0-0-14 kernel: [    1.153640] random: udevadm: uninitialized urandom read (16 bytes read, 8 bits of entropy available)
Oct 16 16:24:23 ip-10-0-0-14 kernel: [    1.158697] random: udevadm: uninitialized urandom read (16 bytes read, 8 bits of entropy available)
Oct 16 16:24:23 ip-10-0-0-14 kernel: [    1.262816] AVX2 version of gcm_enc/dec engaged.
Oct 16 16:24:23 ip-10-0-0-14 kernel: [    1.265952] AES CTR mode by8 optimization enabled
Oct 16 16:24:23 ip-10-0-0-14 kernel: [    1.772130] tsc: Refined TSC clocksource calibration: 2399.998 MHz
Oct 16 16:24:23 ip-10-0-0-14 kernel: [    1.776153] clocksource: tsc: mask: 0xffffffffffffffff max_cycles: 0x229835b7123, max_idle_ns: 440795242976 ns
Oct 16 16:24:23 ip-10-0-0-14 kernel: [    2.755755] md: linear personality registered for level -1
Oct 16 16:24:23 ip-10-0-0-14 kernel: [    2.762658] md: multipath personality registered for level -4
Oct 16 16:24:23 ip-10-0-0-14 kernel: [    2.768733] md: raid0 personality registered for level 0
Oct 16 16:24:23 ip-10-0-0-14 kernel: [    2.774963] md: raid1 personality registered for level 1
Oct 16 16:24:23 ip-10-0-0-14 kernel: [    2.828060] raid6: sse2x1   gen()  8354 MB/s
Oct 16 16:24:23 ip-10-0-0-14 kernel: [    2.876064] raid6: sse2x1   xor()  6513 MB/s
Oct 16 16:24:23 ip-10-0-0-14 kernel: [    2.924065] raid6: sse2x2   gen() 10582 MB/s
Oct 16 16:24:23 ip-10-0-0-14 kernel: [    2.972064] raid6: sse2x2   xor()  7128 MB/s
Oct 16 16:24:23 ip-10-0-0-14 kernel: [    3.020061] raid6: sse2x4   gen() 12250 MB/s
Oct 16 16:24:23 ip-10-0-0-14 kernel: [    3.068060] raid6: sse2x4   xor()  8598 MB/s
Oct 16 16:24:23 ip-10-0-0-14 kernel: [    3.116062] raid6: avx2x1   gen() 16198 MB/s
Oct 16 16:24:23 ip-10-0-0-14 kernel: [    3.164063] raid6: avx2x2   gen() 18637 MB/s
Oct 16 16:24:23 ip-10-0-0-14 kernel: [    3.212060] raid6: avx2x4   gen() 21851 MB/s
Oct 16 16:24:23 ip-10-0-0-14 kernel: [    3.214947] raid6: using algorithm avx2x4 gen() 21851 MB/s
Oct 16 16:24:23 ip-10-0-0-14 kernel: [    3.218309] raid6: using avx2x2 recovery algorithm
Oct 16 16:24:23 ip-10-0-0-14 kernel: [    3.223501] xor: automatically using best checksumming function:
Oct 16 16:24:23 ip-10-0-0-14 kernel: [    3.264059]    avx       : 26491.000 MB/sec
Oct 16 16:24:23 ip-10-0-0-14 kernel: [    3.269101] async_tx: api initialized (async)
Oct 16 16:24:23 ip-10-0-0-14 kernel: [    3.283705] md: raid6 personality registered for level 6
Oct 16 16:24:23 ip-10-0-0-14 kernel: [    3.287091] md: raid5 personality registered for level 5
Oct 16 16:24:23 ip-10-0-0-14 kernel: [    3.289990] md: raid4 personality registered for level 4
Oct 16 16:24:23 ip-10-0-0-14 kernel: [    3.298004] md: raid10 personality registered for level 10
Oct 16 16:24:23 ip-10-0-0-14 kernel: [    3.335486] Btrfs loaded
Oct 16 16:24:23 ip-10-0-0-14 kernel: [    3.376109] EXT4-fs (xvda1): mounted filesystem with ordered data mode. Opts: (null)
Oct 16 16:24:23 ip-10-0-0-14 kernel: [    3.979696] Loading iSCSI transport class v2.0-870.
Oct 16 16:24:23 ip-10-0-0-14 kernel: [    4.002374] iscsi: registered transport (tcp)
Oct 16 16:24:23 ip-10-0-0-14 kernel: [    4.051493] EXT4-fs (xvda1): re-mounted. Opts: discard
Oct 16 16:24:23 ip-10-0-0-14 kernel: [    4.080937] iscsi: registered transport (iser)
Oct 16 16:24:23 ip-10-0-0-14 kernel: [    5.106921] audit: type=1400 audit(1508171060.524:2): apparmor="STATUS" operation="profile_load" profile="unconfined" name="lxc-container-default" pid=600 comm="apparmor_parser"
Oct 16 16:24:23 ip-10-0-0-14 kernel: [    5.106925] audit: type=1400 audit(1508171060.524:3): apparmor="STATUS" operation="profile_load" profile="unconfined" name="lxc-container-default-cgns" pid=600 comm="apparmor_parser"
Oct 16 16:24:23 ip-10-0-0-14 kernel: [    5.106928] audit: type=1400 audit(1508171060.524:4): apparmor="STATUS" operation="profile_load" profile="unconfined" name="lxc-container-default-with-mounting" pid=600 comm="apparmor_parser"
Oct 16 16:24:23 ip-10-0-0-14 kernel: [    5.106931] audit: type=1400 audit(1508171060.524:5): apparmor="STATUS" operation="profile_load" profile="unconfined" name="lxc-container-default-with-nesting" pid=600 comm="apparmor_parser"
Oct 16 16:24:23 ip-10-0-0-14 kernel: [    5.119463] audit: type=1400 audit(1508171060.536:6): apparmor="STATUS" operation="profile_load" profile="unconfined" name="/sbin/dhclient" pid=601 comm="apparmor_parser"
Oct 16 16:24:23 ip-10-0-0-14 kernel: [    5.119469] audit: type=1400 audit(1508171060.536:7): apparmor="STATUS" operation="profile_load" profile="unconfined" name="/usr/lib/NetworkManager/nm-dhcp-client.action" pid=601 comm="apparmor_parser"
Oct 16 16:24:23 ip-10-0-0-14 kernel: [    5.119472] audit: type=1400 audit(1508171060.536:8): apparmor="STATUS" operation="profile_load" profile="unconfined" name="/usr/lib/NetworkManager/nm-dhcp-helper" pid=601 comm="apparmor_parser"
Oct 16 16:24:23 ip-10-0-0-14 kernel: [    5.119474] audit: type=1400 audit(1508171060.536:9): apparmor="STATUS" operation="profile_load" profile="unconfined" name="/usr/lib/connman/scripts/dhclient-script" pid=601 comm="apparmor_parser"
Oct 16 16:24:23 ip-10-0-0-14 kernel: [    5.121173] audit: type=1400 audit(1508171060.540:10): apparmor="STATUS" operation="profile_load" profile="unconfined" name="/usr/bin/lxc-start" pid=604 comm="apparmor_parser"
