Oct  9 22:48:23 ip-10-0-0-14 rsyslogd: [origin software="rsyslogd" swVersion="8.16.0" x-pid="1138" x-info="http://www.rsyslog.com"] start
Oct  9 22:48:23 ip-10-0-0-14 rsyslogd-2222: command 'KLogPermitNonKernelFacility' is currently not permitted - did you already set it via a RainerScript command (v6+ config)? [v8.16.0 try http://www.rsyslog.com/e/2222 ]
Oct  9 22:48:23 ip-10-0-0-14 rsyslogd: rsyslogd's groupid changed to 108
Oct  9 22:48:23 ip-10-0-0-14 rsyslogd: rsyslogd's userid changed to 104
Oct  9 22:48:23 ip-10-0-0-14 rsyslogd-2039: Could not open output pipe '/dev/xconsole':: No such file or directory [v8.16.0 try http://www.rsyslog.com/e/2039 ]
Oct  9 22:48:23 ip-10-0-0-14 rsyslogd-2007: action 'action 11' suspended, next retry is Mon Oct  9 22:48:53 2017 [v8.16.0 try http://www.rsyslog.com/e/2007 ]
Oct  9 22:48:23 ip-10-0-0-14 kernel: [    0.000000] Initializing cgroup subsys cpuset
Oct  9 22:48:23 ip-10-0-0-14 kernel: [    0.000000] Initializing cgroup subsys cpu
Oct  9 22:48:23 ip-10-0-0-14 kernel: [    0.000000] Initializing cgroup subsys cpuacct
Oct  9 22:48:23 ip-10-0-0-14 kernel: [    0.000000] Linux version 4.4.0-1022-aws (buildd@lgw01-54) (gcc version 5.4.0 20160609 (Ubuntu 5.4.0-6ubuntu1~16.04.4) ) #31-Ubuntu SMP Tue Jun 27 11:27:55 UTC 2017 (Ubuntu 4.4.0-1022.31-aws 4.4.70)
Oct  9 22:48:23 ip-10-0-0-14 kernel: [    0.000000] Command line: BOOT_IMAGE=/boot/vmlinuz-4.4.0-1022-aws root=LABEL=cloudimg-rootfs ro console=tty1 console=ttyS0
Oct  9 22:48:23 ip-10-0-0-14 kernel: [    0.000000] KERNEL supported cpus:
Oct  9 22:48:23 ip-10-0-0-14 kernel: [    0.000000]   Intel GenuineIntel
Oct  9 22:48:23 ip-10-0-0-14 kernel: [    0.000000]   AMD AuthenticAMD
Oct  9 22:48:23 ip-10-0-0-14 kernel: [    0.000000]   Centaur CentaurHauls
Oct  9 22:48:23 ip-10-0-0-14 kernel: [    0.000000] x86/fpu: xstate_offset[2]:  576, xstate_sizes[2]:  256
Oct  9 22:48:23 ip-10-0-0-14 kernel: [    0.000000] x86/fpu: Supporting XSAVE feature 0x01: 'x87 floating point registers'
Oct  9 22:48:23 ip-10-0-0-14 kernel: [    0.000000] x86/fpu: Supporting XSAVE feature 0x02: 'SSE registers'
Oct  9 22:48:23 ip-10-0-0-14 kernel: [    0.000000] x86/fpu: Supporting XSAVE feature 0x04: 'AVX registers'
Oct  9 22:48:23 ip-10-0-0-14 kernel: [    0.000000] x86/fpu: Enabled xstate features 0x7, context size is 832 bytes, using 'standard' format.
Oct  9 22:48:23 ip-10-0-0-14 kernel: [    0.000000] x86/fpu: Using 'eager' FPU context switches.
Oct  9 22:48:23 ip-10-0-0-14 kernel: [    0.000000] e820: BIOS-provided physical RAM map:
Oct  9 22:48:23 ip-10-0-0-14 kernel: [    0.000000] BIOS-e820: [mem 0x0000000000000000-0x000000000009dfff] usable
Oct  9 22:48:23 ip-10-0-0-14 kernel: [    0.000000] BIOS-e820: [mem 0x000000000009e000-0x000000000009ffff] reserved
Oct  9 22:48:23 ip-10-0-0-14 kernel: [    0.000000] BIOS-e820: [mem 0x00000000000e0000-0x00000000000fffff] reserved
Oct  9 22:48:23 ip-10-0-0-14 kernel: [    0.000000] BIOS-e820: [mem 0x0000000000100000-0x000000003fffffff] usable
Oct  9 22:48:23 ip-10-0-0-14 kernel: [    0.000000] BIOS-e820: [mem 0x00000000fc000000-0x00000000ffffffff] reserved
Oct  9 22:48:23 ip-10-0-0-14 kernel: [    0.000000] NX (Execute Disable) protection: active
Oct  9 22:48:23 ip-10-0-0-14 kernel: [    0.000000] SMBIOS 2.4 present.
Oct  9 22:48:23 ip-10-0-0-14 kernel: [    0.000000] DMI: Xen HVM domU, BIOS 4.2.amazon 02/16/2017
Oct  9 22:48:23 ip-10-0-0-14 kernel: [    0.000000] Hypervisor detected: Xen
Oct  9 22:48:23 ip-10-0-0-14 kernel: [    0.000000] Xen version 4.2.
Oct  9 22:48:23 ip-10-0-0-14 kernel: [    0.000000] Xen Platform PCI: I/O protocol version 1
Oct  9 22:48:23 ip-10-0-0-14 kernel: [    0.000000] Netfront and the Xen platform PCI driver have been compiled for this kernel: unplug emulated NICs.
Oct  9 22:48:23 ip-10-0-0-14 kernel: [    0.000000] Blkfront and the Xen platform PCI driver have been compiled for this kernel: unplug emulated disks.
Oct  9 22:48:23 ip-10-0-0-14 kernel: [    0.000000] You might have to change the root device
Oct  9 22:48:23 ip-10-0-0-14 kernel: [    0.000000] from /dev/hd[a-d] to /dev/xvd[a-d]
Oct  9 22:48:23 ip-10-0-0-14 kernel: [    0.000000] in your root= kernel command line option
Oct  9 22:48:23 ip-10-0-0-14 kernel: [    0.000000] HVMOP_pagetable_dying not supported
Oct  9 22:48:23 ip-10-0-0-14 kernel: [    0.000000] e820: update [mem 0x00000000-0x00000fff] usable ==> reserved
Oct  9 22:48:23 ip-10-0-0-14 kernel: [    0.000000] e820: remove [mem 0x000a0000-0x000fffff] usable
Oct  9 22:48:23 ip-10-0-0-14 kernel: [    0.000000] e820: last_pfn = 0x40000 max_arch_pfn = 0x400000000
Oct  9 22:48:23 ip-10-0-0-14 kernel: [    0.000000] MTRR default type: write-back
Oct  9 22:48:23 ip-10-0-0-14 kernel: [    0.000000] MTRR fixed ranges enabled:
Oct  9 22:48:23 ip-10-0-0-14 kernel: [    0.000000]   00000-9FFFF write-back
Oct  9 22:48:23 ip-10-0-0-14 kernel: [    0.000000]   A0000-BFFFF write-combining
Oct  9 22:48:23 ip-10-0-0-14 kernel: [    0.000000]   C0000-FFFFF write-back
Oct  9 22:48:23 ip-10-0-0-14 kernel: [    0.000000] MTRR variable ranges enabled:
Oct  9 22:48:23 ip-10-0-0-14 kernel: [    0.000000]   0 base 0000F0000000 mask 3FFFF8000000 uncachable
Oct  9 22:48:23 ip-10-0-0-14 kernel: [    0.000000]   1 base 0000F8000000 mask 3FFFFC000000 uncachable
Oct  9 22:48:23 ip-10-0-0-14 kernel: [    0.000000]   2 disabled
Oct  9 22:48:23 ip-10-0-0-14 kernel: [    0.000000]   3 disabled
Oct  9 22:48:23 ip-10-0-0-14 kernel: [    0.000000]   4 disabled
Oct  9 22:48:23 ip-10-0-0-14 kernel: [    0.000000]   5 disabled
Oct  9 22:48:23 ip-10-0-0-14 kernel: [    0.000000]   6 disabled
Oct  9 22:48:23 ip-10-0-0-14 kernel: [    0.000000]   7 disabled
Oct  9 22:48:23 ip-10-0-0-14 kernel: [    0.000000] x86/PAT: Configuration [0-7]: WB  WC  UC- UC  WB  WC  UC- WT  
Oct  9 22:48:23 ip-10-0-0-14 kernel: [    0.000000] found SMP MP-table at [mem 0x000fbc20-0x000fbc2f] mapped at [ffff8800000fbc20]
Oct  9 22:48:23 ip-10-0-0-14 kernel: [    0.000000] Scanning 1 areas for low memory corruption
Oct  9 22:48:23 ip-10-0-0-14 kernel: [    0.000000] Base memory trampoline at [ffff880000098000] 98000 size 24576
Oct  9 22:48:23 ip-10-0-0-14 kernel: [    0.000000] BRK [0x021fa000, 0x021fafff] PGTABLE
Oct  9 22:48:23 ip-10-0-0-14 kernel: [    0.000000] BRK [0x021fb000, 0x021fbfff] PGTABLE
Oct  9 22:48:23 ip-10-0-0-14 kernel: [    0.000000] BRK [0x021fc000, 0x021fcfff] PGTABLE
Oct  9 22:48:23 ip-10-0-0-14 kernel: [    0.000000] RAMDISK: [mem 0x36862000-0x37428fff]
Oct  9 22:48:23 ip-10-0-0-14 kernel: [    0.000000] ACPI: Early table checksum verification disabled
Oct  9 22:48:23 ip-10-0-0-14 kernel: [    0.000000] ACPI: RSDP 0x00000000000EA020 000024 (v02 Xen   )
Oct  9 22:48:23 ip-10-0-0-14 kernel: [    0.000000] ACPI: XSDT 0x00000000FC00DDC0 000054 (v01 Xen    HVM      00000000 HVML 00000000)
Oct  9 22:48:23 ip-10-0-0-14 kernel: [    0.000000] ACPI: FACP 0x00000000FC00DA80 0000F4 (v04 Xen    HVM      00000000 HVML 00000000)
Oct  9 22:48:23 ip-10-0-0-14 kernel: [    0.000000] ACPI: DSDT 0x00000000FC001CE0 00BD19 (v02 Xen    HVM      00000000 INTL 20090123)
Oct  9 22:48:23 ip-10-0-0-14 kernel: [    0.000000] ACPI: FACS 0x00000000FC001CA0 000040
Oct  9 22:48:23 ip-10-0-0-14 kernel: [    0.000000] ACPI: FACS 0x00000000FC001CA0 000040
Oct  9 22:48:23 ip-10-0-0-14 kernel: [    0.000000] ACPI: APIC 0x00000000FC00DB80 0000D8 (v02 Xen    HVM      00000000 HVML 00000000)
Oct  9 22:48:23 ip-10-0-0-14 kernel: [    0.000000] ACPI: HPET 0x00000000FC00DCD0 000038 (v01 Xen    HVM      00000000 HVML 00000000)
Oct  9 22:48:23 ip-10-0-0-14 kernel: [    0.000000] ACPI: WAET 0x00000000FC00DD10 000028 (v01 Xen    HVM      00000000 HVML 00000000)
Oct  9 22:48:23 ip-10-0-0-14 kernel: [    0.000000] ACPI: SSDT 0x00000000FC00DD40 000031 (v02 Xen    HVM      00000000 INTL 20090123)
Oct  9 22:48:23 ip-10-0-0-14 kernel: [    0.000000] ACPI: SSDT 0x00000000FC00DD80 000031 (v02 Xen    HVM      00000000 INTL 20090123)
Oct  9 22:48:23 ip-10-0-0-14 kernel: [    0.000000] ACPI: Local APIC address 0xfee00000
Oct  9 22:48:23 ip-10-0-0-14 kernel: [    0.000000] No NUMA configuration found
Oct  9 22:48:23 ip-10-0-0-14 kernel: [    0.000000] Faking a node at [mem 0x0000000000000000-0x000000003fffffff]
Oct  9 22:48:23 ip-10-0-0-14 kernel: [    0.000000] NODE_DATA(0) allocated [mem 0x3fffb000-0x3fffffff]
Oct  9 22:48:23 ip-10-0-0-14 kernel: [    0.000000] Zone ranges:
Oct  9 22:48:23 ip-10-0-0-14 kernel: [    0.000000]   DMA      [mem 0x0000000000001000-0x0000000000ffffff]
Oct  9 22:48:23 ip-10-0-0-14 kernel: [    0.000000]   DMA32    [mem 0x0000000001000000-0x000000003fffffff]
Oct  9 22:48:23 ip-10-0-0-14 kernel: [    0.000000]   Normal   empty
Oct  9 22:48:23 ip-10-0-0-14 kernel: [    0.000000]   Device   empty
Oct  9 22:48:23 ip-10-0-0-14 kernel: [    0.000000] Movable zone start for each node
Oct  9 22:48:23 ip-10-0-0-14 kernel: [    0.000000] Early memory node ranges
Oct  9 22:48:23 ip-10-0-0-14 kernel: [    0.000000]   node   0: [mem 0x0000000000001000-0x000000000009dfff]
Oct  9 22:48:23 ip-10-0-0-14 kernel: [    0.000000]   node   0: [mem 0x0000000000100000-0x000000003fffffff]
Oct  9 22:48:23 ip-10-0-0-14 kernel: [    0.000000] Initmem setup node 0 [mem 0x0000000000001000-0x000000003fffffff]
Oct  9 22:48:23 ip-10-0-0-14 kernel: [    0.000000] On node 0 totalpages: 262045
Oct  9 22:48:23 ip-10-0-0-14 kernel: [    0.000000]   DMA zone: 64 pages used for memmap
Oct  9 22:48:23 ip-10-0-0-14 kernel: [    0.000000]   DMA zone: 21 pages reserved
Oct  9 22:48:23 ip-10-0-0-14 kernel: [    0.000000]   DMA zone: 3997 pages, LIFO batch:0
Oct  9 22:48:23 ip-10-0-0-14 kernel: [    0.000000]   DMA32 zone: 4032 pages used for memmap
Oct  9 22:48:23 ip-10-0-0-14 kernel: [    0.000000]   DMA32 zone: 258048 pages, LIFO batch:31
Oct  9 22:48:23 ip-10-0-0-14 kernel: [    0.000000] ACPI: PM-Timer IO Port: 0xb008
Oct  9 22:48:23 ip-10-0-0-14 kernel: [    0.000000] ACPI: Local APIC address 0xfee00000
Oct  9 22:48:23 ip-10-0-0-14 kernel: [    0.000000] IOAPIC[0]: apic_id 1, version 17, address 0xfec00000, GSI 0-47
Oct  9 22:48:23 ip-10-0-0-14 kernel: [    0.000000] ACPI: INT_SRC_OVR (bus 0 bus_irq 0 global_irq 2 dfl dfl)
Oct  9 22:48:23 ip-10-0-0-14 kernel: [    0.000000] ACPI: INT_SRC_OVR (bus 0 bus_irq 5 global_irq 5 low level)
Oct  9 22:48:23 ip-10-0-0-14 kernel: [    0.000000] ACPI: INT_SRC_OVR (bus 0 bus_irq 10 global_irq 10 low level)
Oct  9 22:48:23 ip-10-0-0-14 kernel: [    0.000000] ACPI: INT_SRC_OVR (bus 0 bus_irq 11 global_irq 11 low level)
Oct  9 22:48:23 ip-10-0-0-14 kernel: [    0.000000] ACPI: IRQ0 used by override.
Oct  9 22:48:23 ip-10-0-0-14 kernel: [    0.000000] ACPI: IRQ5 used by override.
Oct  9 22:48:23 ip-10-0-0-14 kernel: [    0.000000] ACPI: IRQ9 used by override.
Oct  9 22:48:23 ip-10-0-0-14 kernel: [    0.000000] ACPI: IRQ10 used by override.
Oct  9 22:48:23 ip-10-0-0-14 kernel: [    0.000000] ACPI: IRQ11 used by override.
Oct  9 22:48:23 ip-10-0-0-14 kernel: [    0.000000] Using ACPI (MADT) for SMP configuration information
Oct  9 22:48:23 ip-10-0-0-14 kernel: [    0.000000] ACPI: HPET id: 0x8086a201 base: 0xfed00000
Oct  9 22:48:23 ip-10-0-0-14 kernel: [    0.000000] smpboot: Allowing 15 CPUs, 14 hotplug CPUs
Oct  9 22:48:23 ip-10-0-0-14 kernel: [    0.000000] PM: Registered nosave memory: [mem 0x00000000-0x00000fff]
Oct  9 22:48:23 ip-10-0-0-14 kernel: [    0.000000] PM: Registered nosave memory: [mem 0x0009e000-0x0009ffff]
Oct  9 22:48:23 ip-10-0-0-14 kernel: [    0.000000] PM: Registered nosave memory: [mem 0x000a0000-0x000dffff]
Oct  9 22:48:23 ip-10-0-0-14 kernel: [    0.000000] PM: Registered nosave memory: [mem 0x000e0000-0x000fffff]
Oct  9 22:48:23 ip-10-0-0-14 kernel: [    0.000000] e820: [mem 0x40000000-0xfbffffff] available for PCI devices
Oct  9 22:48:23 ip-10-0-0-14 kernel: [    0.000000] Booting paravirtualized kernel on Xen HVM
Oct  9 22:48:23 ip-10-0-0-14 kernel: [    0.000000] clocksource: refined-jiffies: mask: 0xffffffff max_cycles: 0xffffffff, max_idle_ns: 7645519600211568 ns
Oct  9 22:48:23 ip-10-0-0-14 kernel: [    0.000000] setup_percpu: NR_CPUS:256 nr_cpumask_bits:256 nr_cpu_ids:15 nr_node_ids:1
Oct  9 22:48:23 ip-10-0-0-14 kernel: [    0.000000] PERCPU: Embedded 33 pages/cpu @ffff88003e200000 s98008 r8192 d28968 u262144
Oct  9 22:48:23 ip-10-0-0-14 kernel: [    0.000000] pcpu-alloc: s98008 r8192 d28968 u262144 alloc=1*2097152
Oct  9 22:48:23 ip-10-0-0-14 kernel: [    0.000000] pcpu-alloc: [0] 00 01 02 03 04 05 06 07 [0] 08 09 10 11 12 13 14 -- 
Oct  9 22:48:23 ip-10-0-0-14 kernel: [    0.000000] xen: PV spinlocks enabled
Oct  9 22:48:23 ip-10-0-0-14 kernel: [    0.000000] PV qspinlock hash table entries: 256 (order: 0, 4096 bytes)
Oct  9 22:48:23 ip-10-0-0-14 kernel: [    0.000000] Built 1 zonelists in Node order, mobility grouping on.  Total pages: 257928
Oct  9 22:48:23 ip-10-0-0-14 kernel: [    0.000000] Policy zone: DMA32
Oct  9 22:48:23 ip-10-0-0-14 kernel: [    0.000000] Kernel command line: BOOT_IMAGE=/boot/vmlinuz-4.4.0-1022-aws root=LABEL=cloudimg-rootfs ro console=tty1 console=ttyS0
Oct  9 22:48:23 ip-10-0-0-14 kernel: [    0.000000] PID hash table entries: 4096 (order: 3, 32768 bytes)
Oct  9 22:48:23 ip-10-0-0-14 kernel: [    0.000000] Calgary: detecting Calgary via BIOS EBDA area
Oct  9 22:48:23 ip-10-0-0-14 kernel: [    0.000000] Calgary: Unable to locate Rio Grande table in EBDA - bailing!
Oct  9 22:48:23 ip-10-0-0-14 kernel: [    0.000000] Memory: 998964K/1048180K available (8291K kernel code, 1261K rwdata, 3868K rodata, 1472K init, 1288K bss, 49216K reserved, 0K cma-reserved)
Oct  9 22:48:23 ip-10-0-0-14 kernel: [    0.000000] SLUB: HWalign=64, Order=0-3, MinObjects=0, CPUs=15, Nodes=1
Oct  9 22:48:23 ip-10-0-0-14 kernel: [    0.000000] Hierarchical RCU implementation.
Oct  9 22:48:23 ip-10-0-0-14 kernel: [    0.000000] 	Build-time adjustment of leaf fanout to 64.
Oct  9 22:48:23 ip-10-0-0-14 kernel: [    0.000000] 	RCU restricting CPUs from NR_CPUS=256 to nr_cpu_ids=15.
Oct  9 22:48:23 ip-10-0-0-14 kernel: [    0.000000] RCU: Adjusting geometry for rcu_fanout_leaf=64, nr_cpu_ids=15
Oct  9 22:48:23 ip-10-0-0-14 kernel: [    0.000000] NR_IRQS:16640 nr_irqs:952 16
Oct  9 22:48:23 ip-10-0-0-14 kernel: [    0.000000] xen:events: Using 2-level ABI
Oct  9 22:48:23 ip-10-0-0-14 kernel: [    0.000000] xen:events: Xen HVM callback vector for event delivery is enabled
Oct  9 22:48:23 ip-10-0-0-14 kernel: [    0.000000] Console: colour VGA+ 80x25
Oct  9 22:48:23 ip-10-0-0-14 kernel: [    0.000000] console [tty1] enabled
Oct  9 22:48:23 ip-10-0-0-14 kernel: [    0.000000] Cannot get hvm parameter CONSOLE_EVTCHN (18): -22!
Oct  9 22:48:23 ip-10-0-0-14 kernel: [    0.000000] console [ttyS0] enabled
Oct  9 22:48:23 ip-10-0-0-14 kernel: [    0.000000] clocksource: hpet: mask: 0xffffffff max_cycles: 0xffffffff, max_idle_ns: 30580167144 ns
Oct  9 22:48:23 ip-10-0-0-14 kernel: [    0.000000] hpet clockevent registered
Oct  9 22:48:23 ip-10-0-0-14 kernel: [    0.000000] tsc: Detected 2400.088 MHz processor
Oct  9 22:48:23 ip-10-0-0-14 kernel: [    0.008000] Calibrating delay loop (skipped), value calculated using timer frequency.. 4800.17 BogoMIPS (lpj=9600352)
Oct  9 22:48:23 ip-10-0-0-14 kernel: [    0.014157] pid_max: default: 32768 minimum: 301
Oct  9 22:48:23 ip-10-0-0-14 kernel: [    0.016015] ACPI: Core revision 20150930
Oct  9 22:48:23 ip-10-0-0-14 kernel: [    0.025889] ACPI: 3 ACPI AML tables successfully acquired and loaded
Oct  9 22:48:23 ip-10-0-0-14 kernel: [    0.028922] Security Framework initialized
Oct  9 22:48:23 ip-10-0-0-14 kernel: [    0.032005] Yama: becoming mindful.
Oct  9 22:48:23 ip-10-0-0-14 kernel: [    0.036027] AppArmor: AppArmor initialized
Oct  9 22:48:23 ip-10-0-0-14 kernel: [    0.038953] Dentry cache hash table entries: 131072 (order: 8, 1048576 bytes)
Oct  9 22:48:23 ip-10-0-0-14 kernel: [    0.044184] Inode-cache hash table entries: 65536 (order: 7, 524288 bytes)
Oct  9 22:48:23 ip-10-0-0-14 kernel: [    0.048084] Mount-cache hash table entries: 2048 (order: 2, 16384 bytes)
Oct  9 22:48:23 ip-10-0-0-14 kernel: [    0.052005] Mountpoint-cache hash table entries: 2048 (order: 2, 16384 bytes)
Oct  9 22:48:23 ip-10-0-0-14 kernel: [    0.056188] Initializing cgroup subsys io
Oct  9 22:48:23 ip-10-0-0-14 kernel: [    0.060005] Initializing cgroup subsys memory
Oct  9 22:48:23 ip-10-0-0-14 kernel: [    0.062718] Initializing cgroup subsys devices
Oct  9 22:48:23 ip-10-0-0-14 kernel: [    0.064008] Initializing cgroup subsys freezer
Oct  9 22:48:23 ip-10-0-0-14 kernel: [    0.068008] Initializing cgroup subsys net_cls
Oct  9 22:48:23 ip-10-0-0-14 kernel: [    0.072004] Initializing cgroup subsys perf_event
Oct  9 22:48:23 ip-10-0-0-14 kernel: [    0.075194] Initializing cgroup subsys net_prio
Oct  9 22:48:23 ip-10-0-0-14 kernel: [    0.076010] Initializing cgroup subsys hugetlb
Oct  9 22:48:23 ip-10-0-0-14 kernel: [    0.080008] Initializing cgroup subsys pids
Oct  9 22:48:23 ip-10-0-0-14 kernel: [    0.084066] CPU: Physical Processor ID: 0
Oct  9 22:48:23 ip-10-0-0-14 kernel: [    0.088738] mce: CPU supports 2 MCE banks
Oct  9 22:48:23 ip-10-0-0-14 kernel: [    0.091670] Last level iTLB entries: 4KB 1024, 2MB 1024, 4MB 1024
Oct  9 22:48:23 ip-10-0-0-14 kernel: [    0.092003] Last level dTLB entries: 4KB 1024, 2MB 1024, 4MB 1024, 1GB 4
Oct  9 22:48:23 ip-10-0-0-14 kernel: [    0.117028] ftrace: allocating 31246 entries in 123 pages
Oct  9 22:48:23 ip-10-0-0-14 kernel: [    0.144094] smpboot: APIC(0) Converting physical 0 to logical package 0
Oct  9 22:48:23 ip-10-0-0-14 kernel: [    0.148005] smpboot: Max logical packages: 15
Oct  9 22:48:23 ip-10-0-0-14 kernel: [    0.152600] x2apic: IRQ remapping doesn't support X2APIC mode
Oct  9 22:48:23 ip-10-0-0-14 kernel: [    0.160004] Switched APIC routing to physical flat.
Oct  9 22:48:23 ip-10-0-0-14 kernel: [    0.164000] ..TIMER: vector=0x30 apic1=0 pin1=2 apic2=0 pin2=0
Oct  9 22:48:23 ip-10-0-0-14 kernel: [    0.168004] clocksource: xen: mask: 0xffffffffffffffff max_cycles: 0x1cd42e4dffb, max_idle_ns: 881590591483 ns
Oct  9 22:48:23 ip-10-0-0-14 kernel: [    0.176010] Xen: using vcpuop timer interface
Oct  9 22:48:23 ip-10-0-0-14 kernel: [    0.176018] installing Xen timer for CPU 0
Oct  9 22:48:23 ip-10-0-0-14 kernel: [    0.180059] smpboot: CPU0: Intel(R) Xeon(R) CPU E5-2676 v3 @ 2.40GHz (family: 0x6, model: 0x3f, stepping: 0x2)
Oct  9 22:48:23 ip-10-0-0-14 kernel: [    0.187902] cpu 0 spinlock event irq 53
Oct  9 22:48:23 ip-10-0-0-14 kernel: [    0.188016] Performance Events: unsupported p6 CPU model 63 no PMU driver, software events only.
Oct  9 22:48:23 ip-10-0-0-14 kernel: [    0.195522] x86: Booted up 1 node, 1 CPUs
Oct  9 22:48:23 ip-10-0-0-14 kernel: [    0.196007] smpboot: Total of 1 processors activated (4800.17 BogoMIPS)
Oct  9 22:48:23 ip-10-0-0-14 kernel: [    0.200014] NMI watchdog: disabled (cpu0): hardware events not enabled
Oct  9 22:48:23 ip-10-0-0-14 kernel: [    0.204004] NMI watchdog: Shutting down hard lockup detector on all cpus
Oct  9 22:48:23 ip-10-0-0-14 kernel: [    0.208364] devtmpfs: initialized
Oct  9 22:48:23 ip-10-0-0-14 kernel: [    0.212404] evm: security.selinux
Oct  9 22:48:23 ip-10-0-0-14 kernel: [    0.215156] evm: security.SMACK64
Oct  9 22:48:23 ip-10-0-0-14 kernel: [    0.216008] evm: security.SMACK64EXEC
Oct  9 22:48:23 ip-10-0-0-14 kernel: [    0.218878] evm: security.SMACK64TRANSMUTE
Oct  9 22:48:23 ip-10-0-0-14 kernel: [    0.220004] evm: security.SMACK64MMAP
Oct  9 22:48:23 ip-10-0-0-14 kernel: [    0.222705] evm: security.ima
Oct  9 22:48:23 ip-10-0-0-14 kernel: [    0.224003] evm: security.capability
Oct  9 22:48:23 ip-10-0-0-14 kernel: [    0.226946] clocksource: jiffies: mask: 0xffffffff max_cycles: 0xffffffff, max_idle_ns: 7645041785100000 ns
Oct  9 22:48:23 ip-10-0-0-14 kernel: [    0.228032] futex hash table entries: 4096 (order: 6, 262144 bytes)
Oct  9 22:48:23 ip-10-0-0-14 kernel: [    0.232237] RTC time: 22:48:14, date: 10/09/17
Oct  9 22:48:23 ip-10-0-0-14 kernel: [    0.235587] NET: Registered protocol family 16
Oct  9 22:48:23 ip-10-0-0-14 kernel: [    0.236126] cpuidle: using governor ladder
Oct  9 22:48:23 ip-10-0-0-14 kernel: [    0.239317] cpuidle: using governor menu
Oct  9 22:48:23 ip-10-0-0-14 kernel: [    0.240010] PCCT header not found.
Oct  9 22:48:23 ip-10-0-0-14 kernel: [    0.242743] ACPI: bus type PCI registered
Oct  9 22:48:23 ip-10-0-0-14 kernel: [    0.244007] acpiphp: ACPI Hot Plug PCI Controller Driver version: 0.5
Oct  9 22:48:23 ip-10-0-0-14 kernel: [    0.248299] PCI: Using configuration type 1 for base access
Oct  9 22:48:23 ip-10-0-0-14 kernel: [    0.253008] ACPI: Added _OSI(Module Device)
Oct  9 22:48:23 ip-10-0-0-14 kernel: [    0.256008] ACPI: Added _OSI(Processor Device)
Oct  9 22:48:23 ip-10-0-0-14 kernel: [    0.260009] ACPI: Added _OSI(3.0 _SCP Extensions)
Oct  9 22:48:23 ip-10-0-0-14 kernel: [    0.264011] ACPI: Added _OSI(Processor Aggregator Device)
Oct  9 22:48:23 ip-10-0-0-14 kernel: [    0.268763] xen: --> pirq=16 -> irq=9 (gsi=9)
Oct  9 22:48:23 ip-10-0-0-14 kernel: [    0.271205] ACPI: Interpreter enabled
Oct  9 22:48:23 ip-10-0-0-14 kernel: [    0.272017] ACPI: (supports S0 S3 S4 S5)
Oct  9 22:48:23 ip-10-0-0-14 kernel: [    0.274769] ACPI: Using IOAPIC for interrupt routing
Oct  9 22:48:23 ip-10-0-0-14 kernel: [    0.276039] PCI: Using host bridge windows from ACPI; if necessary, use "pci=nocrs" and report a bug
Oct  9 22:48:23 ip-10-0-0-14 kernel: [    0.326396] ACPI: PCI Root Bridge [PCI0] (domain 0000 [bus 00-ff])
Oct  9 22:48:23 ip-10-0-0-14 kernel: [    0.328011] acpi PNP0A03:00: _OSC: OS supports [ASPM ClockPM Segments MSI]
Oct  9 22:48:23 ip-10-0-0-14 kernel: [    0.332014] acpi PNP0A03:00: _OSC failed (AE_NOT_FOUND); disabling ASPM
Oct  9 22:48:23 ip-10-0-0-14 kernel: [    0.336013] acpi PNP0A03:00: fail to add MMCONFIG information, can't access extended PCI configuration space under this bridge.
Oct  9 22:48:23 ip-10-0-0-14 kernel: [    0.340875] acpiphp: Slot [0] registered
Oct  9 22:48:23 ip-10-0-0-14 kernel: [    0.344652] acpiphp: Slot [3] registered
Oct  9 22:48:23 ip-10-0-0-14 kernel: [    0.347968] acpiphp: Slot [4] registered
Oct  9 22:48:23 ip-10-0-0-14 kernel: [    0.348306] acpiphp: Slot [5] registered
Oct  9 22:48:23 ip-10-0-0-14 kernel: [    0.351559] acpiphp: Slot [6] registered
Oct  9 22:48:23 ip-10-0-0-14 kernel: [    0.352328] acpiphp: Slot [7] registered
Oct  9 22:48:23 ip-10-0-0-14 kernel: [    0.355547] acpiphp: Slot [8] registered
Oct  9 22:48:23 ip-10-0-0-14 kernel: [    0.356302] acpiphp: Slot [9] registered
Oct  9 22:48:23 ip-10-0-0-14 kernel: [    0.359505] acpiphp: Slot [10] registered
Oct  9 22:48:23 ip-10-0-0-14 kernel: [    0.360332] acpiphp: Slot [11] registered
Oct  9 22:48:23 ip-10-0-0-14 kernel: [    0.363503] acpiphp: Slot [12] registered
Oct  9 22:48:23 ip-10-0-0-14 kernel: [    0.364324] acpiphp: Slot [13] registered
Oct  9 22:48:23 ip-10-0-0-14 kernel: [    0.367939] acpiphp: Slot [14] registered
Oct  9 22:48:23 ip-10-0-0-14 kernel: [    0.368310] acpiphp: Slot [15] registered
Oct  9 22:48:23 ip-10-0-0-14 kernel: [    0.371870] acpiphp: Slot [16] registered
Oct  9 22:48:23 ip-10-0-0-14 kernel: [    0.372399] acpiphp: Slot [17] registered
Oct  9 22:48:23 ip-10-0-0-14 kernel: [    0.375643] acpiphp: Slot [18] registered
Oct  9 22:48:23 ip-10-0-0-14 kernel: [    0.376302] acpiphp: Slot [19] registered
Oct  9 22:48:23 ip-10-0-0-14 kernel: [    0.379697] acpiphp: Slot [20] registered
Oct  9 22:48:23 ip-10-0-0-14 kernel: [    0.380316] acpiphp: Slot [21] registered
Oct  9 22:48:23 ip-10-0-0-14 kernel: [    0.383580] acpiphp: Slot [22] registered
Oct  9 22:48:23 ip-10-0-0-14 kernel: [    0.384312] acpiphp: Slot [23] registered
Oct  9 22:48:23 ip-10-0-0-14 kernel: [    0.387888] acpiphp: Slot [24] registered
Oct  9 22:48:23 ip-10-0-0-14 kernel: [    0.388316] acpiphp: Slot [25] registered
Oct  9 22:48:23 ip-10-0-0-14 kernel: [    0.391669] acpiphp: Slot [26] registered
Oct  9 22:48:23 ip-10-0-0-14 kernel: [    0.392306] acpiphp: Slot [27] registered
Oct  9 22:48:23 ip-10-0-0-14 kernel: [    0.395628] acpiphp: Slot [28] registered
Oct  9 22:48:23 ip-10-0-0-14 kernel: [    0.396337] acpiphp: Slot [29] registered
Oct  9 22:48:23 ip-10-0-0-14 kernel: [    0.399625] acpiphp: Slot [30] registered
Oct  9 22:48:23 ip-10-0-0-14 kernel: [    0.400306] acpiphp: Slot [31] registered
Oct  9 22:48:23 ip-10-0-0-14 kernel: [    0.403712] PCI host bridge to bus 0000:00
Oct  9 22:48:23 ip-10-0-0-14 kernel: [    0.404006] pci_bus 0000:00: root bus resource [io  0x0000-0x0cf7 window]
Oct  9 22:48:23 ip-10-0-0-14 kernel: [    0.408008] pci_bus 0000:00: root bus resource [io  0x0d00-0xffff window]
Oct  9 22:48:23 ip-10-0-0-14 kernel: [    0.412005] pci_bus 0000:00: root bus resource [mem 0x000a0000-0x000bffff window]
Oct  9 22:48:23 ip-10-0-0-14 kernel: [    0.416008] pci_bus 0000:00: root bus resource [mem 0xf0000000-0xfbffffff window]
Oct  9 22:48:23 ip-10-0-0-14 kernel: [    0.420005] pci_bus 0000:00: root bus resource [bus 00-ff]
Oct  9 22:48:23 ip-10-0-0-14 kernel: [    0.423913] pci 0000:00:00.0: [8086:1237] type 00 class 0x060000
Oct  9 22:48:23 ip-10-0-0-14 kernel: [    0.425574] pci 0000:00:01.0: [8086:7000] type 00 class 0x060100
Oct  9 22:48:23 ip-10-0-0-14 kernel: [    0.427890] pci 0000:00:01.1: [8086:7010] type 00 class 0x010180
Oct  9 22:48:23 ip-10-0-0-14 kernel: [    0.429006] pci 0000:00:01.1: reg 0x20: [io  0xc100-0xc10f]
Oct  9 22:48:23 ip-10-0-0-14 kernel: [    0.429551] pci 0000:00:01.1: legacy IDE quirk: reg 0x10: [io  0x01f0-0x01f7]
Oct  9 22:48:23 ip-10-0-0-14 kernel: [    0.432004] pci 0000:00:01.1: legacy IDE quirk: reg 0x14: [io  0x03f6]
Oct  9 22:48:23 ip-10-0-0-14 kernel: [    0.436007] pci 0000:00:01.1: legacy IDE quirk: reg 0x18: [io  0x0170-0x0177]
Oct  9 22:48:23 ip-10-0-0-14 kernel: [    0.440006] pci 0000:00:01.1: legacy IDE quirk: reg 0x1c: [io  0x0376]
Oct  9 22:48:23 ip-10-0-0-14 kernel: [    0.444555] pci 0000:00:01.3: [8086:7113] type 00 class 0x068000
Oct  9 22:48:23 ip-10-0-0-14 kernel: [    0.444651] * Found PM-Timer Bug on the chipset. Due to workarounds for a bug,
Oct  9 22:48:23 ip-10-0-0-14 kernel: [    0.444651] * this clock source is slow. Consider trying other clock sources
Oct  9 22:48:23 ip-10-0-0-14 kernel: [    0.449344] pci 0000:00:01.3: quirk: [io  0xb000-0xb03f] claimed by PIIX4 ACPI
Oct  9 22:48:23 ip-10-0-0-14 kernel: [    0.452849] pci 0000:00:02.0: [1013:00b8] type 00 class 0x030000
Oct  9 22:48:23 ip-10-0-0-14 kernel: [    0.453201] pci 0000:00:02.0: reg 0x10: [mem 0xf0000000-0xf1ffffff pref]
Oct  9 22:48:23 ip-10-0-0-14 kernel: [    0.453618] pci 0000:00:02.0: reg 0x14: [mem 0xf3000000-0xf3000fff]
Oct  9 22:48:23 ip-10-0-0-14 kernel: [    0.455370] pci 0000:00:03.0: [5853:0001] type 00 class 0xff8000
Oct  9 22:48:23 ip-10-0-0-14 kernel: [    0.455756] pci 0000:00:03.0: reg 0x10: [io  0xc000-0xc0ff]
Oct  9 22:48:23 ip-10-0-0-14 kernel: [    0.455977] pci 0000:00:03.0: reg 0x14: [mem 0xf2000000-0xf2ffffff pref]
Oct  9 22:48:23 ip-10-0-0-14 kernel: [    0.458674] ACPI: PCI Interrupt Link [LNKA] (IRQs *5 10 11)
Oct  9 22:48:23 ip-10-0-0-14 kernel: [    0.463206] ACPI: PCI Interrupt Link [LNKB] (IRQs 5 *10 11)
Oct  9 22:48:23 ip-10-0-0-14 kernel: [    0.467234] ACPI: PCI Interrupt Link [LNKC] (IRQs 5 10 *11)
Oct  9 22:48:23 ip-10-0-0-14 kernel: [    0.471552] ACPI: PCI Interrupt Link [LNKD] (IRQs *5 10 11)
Oct  9 22:48:23 ip-10-0-0-14 kernel: [    0.493923] ACPI: Enabled 2 GPEs in block 00 to 0F
Oct  9 22:48:23 ip-10-0-0-14 kernel: [    0.496078] xen:balloon: Initialising balloon driver
Oct  9 22:48:23 ip-10-0-0-14 kernel: [    0.508374] vgaarb: setting as boot device: PCI:0000:00:02.0
Oct  9 22:48:23 ip-10-0-0-14 kernel: [    0.512000] vgaarb: device added: PCI:0000:00:02.0,decodes=io+mem,owns=io+mem,locks=none
Oct  9 22:48:23 ip-10-0-0-14 kernel: [    0.512015] vgaarb: loaded
Oct  9 22:48:23 ip-10-0-0-14 kernel: [    0.514788] vgaarb: bridge control possible 0000:00:02.0
Oct  9 22:48:23 ip-10-0-0-14 kernel: [    0.516250] SCSI subsystem initialized
Oct  9 22:48:23 ip-10-0-0-14 kernel: [    0.519281] libata version 3.00 loaded.
Oct  9 22:48:23 ip-10-0-0-14 kernel: [    0.519304] ACPI: bus type USB registered
Oct  9 22:48:23 ip-10-0-0-14 kernel: [    0.520021] usbcore: registered new interface driver usbfs
Oct  9 22:48:23 ip-10-0-0-14 kernel: [    0.523876] usbcore: registered new interface driver hub
Oct  9 22:48:23 ip-10-0-0-14 kernel: [    0.524025] usbcore: registered new device driver usb
Oct  9 22:48:23 ip-10-0-0-14 kernel: [    0.527580] PCI: Using ACPI for IRQ routing
Oct  9 22:48:23 ip-10-0-0-14 kernel: [    0.528007] PCI: pci_cache_line_size set to 64 bytes
Oct  9 22:48:23 ip-10-0-0-14 kernel: [    0.528411] e820: reserve RAM buffer [mem 0x0009e000-0x0009ffff]
Oct  9 22:48:23 ip-10-0-0-14 kernel: [    0.528525] NetLabel: Initializing
Oct  9 22:48:23 ip-10-0-0-14 kernel: [    0.531321] NetLabel:  domain hash size = 128
Oct  9 22:48:23 ip-10-0-0-14 kernel: [    0.532004] NetLabel:  protocols = UNLABELED CIPSOv4
Oct  9 22:48:23 ip-10-0-0-14 kernel: [    0.535522] NetLabel:  unlabeled traffic allowed by default
Oct  9 22:48:23 ip-10-0-0-14 kernel: [    0.536088] HPET: 3 timers in total, 0 timers will be used for per-cpu timer
Oct  9 22:48:23 ip-10-0-0-14 kernel: [    0.540023] hpet0: at MMIO 0xfed00000, IRQs 2, 8, 0
Oct  9 22:48:23 ip-10-0-0-14 kernel: [    0.544931] hpet0: 3 comparators, 64-bit 62.500000 MHz counter
Oct  9 22:48:23 ip-10-0-0-14 kernel: [    0.550059] amd_nb: Cannot enumerate AMD northbridges
Oct  9 22:48:23 ip-10-0-0-14 kernel: [    0.552021] clocksource: Switched to clocksource xen
Oct  9 22:48:23 ip-10-0-0-14 kernel: [    0.560670] AppArmor: AppArmor Filesystem Enabled
Oct  9 22:48:23 ip-10-0-0-14 kernel: [    0.564380] pnp: PnP ACPI init
Oct  9 22:48:23 ip-10-0-0-14 kernel: [    0.566983] system 00:00: [mem 0x00000000-0x0009ffff] could not be reserved
Oct  9 22:48:23 ip-10-0-0-14 kernel: [    0.571832] system 00:00: Plug and Play ACPI device, IDs PNP0c02 (active)
Oct  9 22:48:23 ip-10-0-0-14 kernel: [    0.571918] system 00:01: [io  0x08a0-0x08a3] has been reserved
Oct  9 22:48:23 ip-10-0-0-14 kernel: [    0.576089] system 00:01: [io  0x0cc0-0x0ccf] has been reserved
Oct  9 22:48:23 ip-10-0-0-14 kernel: [    0.580040] system 00:01: [io  0x04d0-0x04d1] has been reserved
Oct  9 22:48:23 ip-10-0-0-14 kernel: [    0.584037] system 00:01: Plug and Play ACPI device, IDs PNP0c02 (active)
Oct  9 22:48:23 ip-10-0-0-14 kernel: [    0.584067] xen: --> pirq=17 -> irq=8 (gsi=8)
Oct  9 22:48:23 ip-10-0-0-14 kernel: [    0.584092] pnp 00:02: Plug and Play ACPI device, IDs PNP0b00 (active)
Oct  9 22:48:23 ip-10-0-0-14 kernel: [    0.584114] xen: --> pirq=18 -> irq=12 (gsi=12)
Oct  9 22:48:23 ip-10-0-0-14 kernel: [    0.584127] pnp 00:03: Plug and Play ACPI device, IDs PNP0f13 (active)
Oct  9 22:48:23 ip-10-0-0-14 kernel: [    0.584141] xen: --> pirq=19 -> irq=1 (gsi=1)
Oct  9 22:48:23 ip-10-0-0-14 kernel: [    0.584154] pnp 00:04: Plug and Play ACPI device, IDs PNP0303 PNP030b (active)
Oct  9 22:48:23 ip-10-0-0-14 kernel: [    0.584168] xen: --> pirq=20 -> irq=6 (gsi=6)
Oct  9 22:48:23 ip-10-0-0-14 kernel: [    0.584170] pnp 00:05: [dma 2]
Oct  9 22:48:23 ip-10-0-0-14 kernel: [    0.584181] pnp 00:05: Plug and Play ACPI device, IDs PNP0700 (active)
Oct  9 22:48:23 ip-10-0-0-14 kernel: [    0.584202] xen: --> pirq=21 -> irq=4 (gsi=4)
Oct  9 22:48:23 ip-10-0-0-14 kernel: [    0.584215] pnp 00:06: Plug and Play ACPI device, IDs PNP0501 (active)
Oct  9 22:48:23 ip-10-0-0-14 kernel: [    0.584250] system 00:07: [io  0x10c0-0x1141] has been reserved
Oct  9 22:48:23 ip-10-0-0-14 kernel: [    0.588380] system 00:07: [io  0xb044-0xb047] has been reserved
Oct  9 22:48:23 ip-10-0-0-14 kernel: [    0.592688] system 00:07: Plug and Play ACPI device, IDs PNP0c02 (active)
Oct  9 22:48:23 ip-10-0-0-14 kernel: [    0.610202] pnp: PnP ACPI: found 8 devices
Oct  9 22:48:23 ip-10-0-0-14 kernel: [    0.627268] clocksource: acpi_pm: mask: 0xffffff max_cycles: 0xffffff, max_idle_ns: 2085701024 ns
Oct  9 22:48:23 ip-10-0-0-14 kernel: [    0.633189] pci_bus 0000:00: resource 4 [io  0x0000-0x0cf7 window]
Oct  9 22:48:23 ip-10-0-0-14 kernel: [    0.633191] pci_bus 0000:00: resource 5 [io  0x0d00-0xffff window]
Oct  9 22:48:23 ip-10-0-0-14 kernel: [    0.633193] pci_bus 0000:00: resource 6 [mem 0x000a0000-0x000bffff window]
Oct  9 22:48:23 ip-10-0-0-14 kernel: [    0.633195] pci_bus 0000:00: resource 7 [mem 0xf0000000-0xfbffffff window]
Oct  9 22:48:23 ip-10-0-0-14 kernel: [    0.633233] NET: Registered protocol family 2
Oct  9 22:48:23 ip-10-0-0-14 kernel: [    0.636317] TCP established hash table entries: 8192 (order: 4, 65536 bytes)
Oct  9 22:48:23 ip-10-0-0-14 kernel: [    0.640823] TCP bind hash table entries: 8192 (order: 5, 131072 bytes)
Oct  9 22:48:23 ip-10-0-0-14 kernel: [    0.645683] TCP: Hash tables configured (established 8192 bind 8192)
Oct  9 22:48:23 ip-10-0-0-14 kernel: [    0.650351] UDP hash table entries: 512 (order: 2, 16384 bytes)
Oct  9 22:48:23 ip-10-0-0-14 kernel: [    0.654514] UDP-Lite hash table entries: 512 (order: 2, 16384 bytes)
Oct  9 22:48:23 ip-10-0-0-14 kernel: [    0.658754] NET: Registered protocol family 1
Oct  9 22:48:23 ip-10-0-0-14 systemd-modules-load[390]: Inserted module 'iscsi_tcp'
Oct  9 22:48:23 ip-10-0-0-14 systemd-modules-load[390]: Inserted module 'ib_iser'
Oct  9 22:48:23 ip-10-0-0-14 loadkeys[380]: Loading /etc/console-setup/cached.kmap.gz
Oct  9 22:48:23 ip-10-0-0-14 systemd[1]: Started Create list of required static device nodes for the current kernel.
Oct  9 22:48:23 ip-10-0-0-14 systemd[1]: Started Remount Root and Kernel File Systems.
Oct  9 22:48:23 ip-10-0-0-14 systemd[1]: Started Set console keymap.
Oct  9 22:48:23 ip-10-0-0-14 systemd[1]: Started Uncomplicated firewall.
Oct  9 22:48:23 ip-10-0-0-14 systemd[1]: Started Load Kernel Modules.
Oct  9 22:48:23 ip-10-0-0-14 systemd[1]: Started Nameserver information manager.
Oct  9 22:48:23 ip-10-0-0-14 systemd[1]: Started LVM2 metadata daemon.
Oct  9 22:48:23 ip-10-0-0-14 systemd[1]: Mounting FUSE Control File System...
Oct  9 22:48:23 ip-10-0-0-14 systemd[1]: Starting Apply Kernel Variables...
Oct  9 22:48:23 ip-10-0-0-14 systemd[1]: Starting udev Coldplug all Devices...
Oct  9 22:48:23 ip-10-0-0-14 systemd[1]: Starting Load/Save Random Seed...
Oct  9 22:48:23 ip-10-0-0-14 systemd[1]: Starting Initial cloud-init job (pre-networking)...
Oct  9 22:48:23 ip-10-0-0-14 systemd[1]: Starting Create Static Device Nodes in /dev...
Oct  9 22:48:23 ip-10-0-0-14 systemd[1]: Starting Flush Journal to Persistent Storage...
Oct  9 22:48:23 ip-10-0-0-14 systemd[1]: Mounted FUSE Control File System.
Oct  9 22:48:23 ip-10-0-0-14 systemd[1]: Started Apply Kernel Variables.
Oct  9 22:48:23 ip-10-0-0-14 systemd[1]: Started Load/Save Random Seed.
Oct  9 22:48:23 ip-10-0-0-14 systemd[1]: Started Create Static Device Nodes in /dev.
Oct  9 22:48:23 ip-10-0-0-14 systemd[1]: Starting udev Kernel Device Manager...
Oct  9 22:48:23 ip-10-0-0-14 systemd[1]: Started Flush Journal to Persistent Storage.
Oct  9 22:48:23 ip-10-0-0-14 systemd[1]: Started udev Coldplug all Devices.
Oct  9 22:48:23 ip-10-0-0-14 systemd[1]: Started udev Kernel Device Manager.
Oct  9 22:48:23 ip-10-0-0-14 systemd[1]: Started Dispatch Password Requests to Console Directory Watch.
Oct  9 22:48:23 ip-10-0-0-14 systemd[1]: Started Monitoring of LVM2 mirrors, snapshots etc. using dmeventd or progress polling.
Oct  9 22:48:23 ip-10-0-0-14 systemd[1]: Reached target Local File Systems (Pre).
Oct  9 22:48:23 ip-10-0-0-14 systemd[1]: Reached target Local File Systems.
Oct  9 22:48:23 ip-10-0-0-14 systemd[1]: Starting Commit a transient machine-id on disk...
Oct  9 22:48:23 ip-10-0-0-14 systemd[1]: Starting Create Volatile Files and Directories...
Oct  9 22:48:23 ip-10-0-0-14 systemd[1]: Starting Set console font and keymap...
Oct  9 22:48:23 ip-10-0-0-14 systemd-tmpfiles[482]: [/usr/lib/tmpfiles.d/var.conf:14] Duplicate line for path "/var/log", ignoring.
Oct  9 22:48:23 ip-10-0-0-14 systemd[1]: Starting LSB: AppArmor initialization...
Oct  9 22:48:23 ip-10-0-0-14 systemd[1]: Starting Tell Plymouth To Write Out Runtime Data...
Oct  9 22:48:23 ip-10-0-0-14 systemd[1]: Started Commit a transient machine-id on disk.
Oct  9 22:48:23 ip-10-0-0-14 systemd[1]: Started Create Volatile Files and Directories.
Oct  9 22:48:23 ip-10-0-0-14 systemd[1]: Started Tell Plymouth To Write Out Runtime Data.
Oct  9 22:48:23 ip-10-0-0-14 systemd[1]: Starting Network Time Synchronization...
Oct  9 22:48:23 ip-10-0-0-14 systemd[1]: Starting Update UTMP about System Boot/Shutdown...
Oct  9 22:48:23 ip-10-0-0-14 apparmor[488]:  * Starting AppArmor profiles
Oct  9 22:48:23 ip-10-0-0-14 systemd[1]: Started Update UTMP about System Boot/Shutdown.
Oct  9 22:48:23 ip-10-0-0-14 systemd[1]: Started Network Time Synchronization.
Oct  9 22:48:23 ip-10-0-0-14 systemd[1]: Reached target System Time Synchronized.
Oct  9 22:48:23 ip-10-0-0-14 systemd[1]: Found device /dev/ttyS0.
Oct  9 22:48:23 ip-10-0-0-14 systemd[1]: Listening on Load/Save RF Kill Switch Status /dev/rfkill Watch.
Oct  9 22:48:23 ip-10-0-0-14 cloud-init[449]: Cloud-init v. 0.7.9 running 'init-local' at Mon, 09 Oct 2017 22:48:19 +0000. Up 5.60 seconds.
Oct  9 22:48:23 ip-10-0-0-14 systemd[1]: Started Initial cloud-init job (pre-networking).
Oct  9 22:48:23 ip-10-0-0-14 apparmor[488]: Skipping profile in /etc/apparmor.d/disable: usr.sbin.rsyslogd
Oct  9 22:48:23 ip-10-0-0-14 apparmor[488]:    ...done.
Oct  9 22:48:23 ip-10-0-0-14 systemd[1]: Started LSB: AppArmor initialization.
Oct  9 22:48:23 ip-10-0-0-14 systemd[1]: Reached target Network (Pre).
Oct  9 22:48:23 ip-10-0-0-14 systemd[1]: Starting Raise network interfaces...
Oct  9 22:48:23 ip-10-0-0-14 systemd[1]: Started Set console font and keymap.
Oct  9 22:48:23 ip-10-0-0-14 systemd[1]: Created slice system-getty.slice.
Oct  9 22:48:23 ip-10-0-0-14 dhclient[893]: Internet Systems Consortium DHCP Client 4.3.3
Oct  9 22:48:23 ip-10-0-0-14 ifup[821]: Internet Systems Consortium DHCP Client 4.3.3
Oct  9 22:48:23 ip-10-0-0-14 dhclient[893]: Copyright 2004-2015 Internet Systems Consortium.
Oct  9 22:48:23 ip-10-0-0-14 ifup[821]: Copyright 2004-2015 Internet Systems Consortium.
Oct  9 22:48:23 ip-10-0-0-14 dhclient[893]: All rights reserved.
Oct  9 22:48:23 ip-10-0-0-14 ifup[821]: All rights reserved.
Oct  9 22:48:23 ip-10-0-0-14 dhclient[893]: For info, please visit https://www.isc.org/software/dhcp/
Oct  9 22:48:23 ip-10-0-0-14 ifup[821]: For info, please visit https://www.isc.org/software/dhcp/
Oct  9 22:48:23 ip-10-0-0-14 dhclient[893]: 
Oct  9 22:48:23 ip-10-0-0-14 dhclient[893]: Listening on LPF/eth0/0a:2a:3e:83:d5:56
Oct  9 22:48:23 ip-10-0-0-14 ifup[821]: Listening on LPF/eth0/0a:2a:3e:83:d5:56
Oct  9 22:48:23 ip-10-0-0-14 dhclient[893]: Sending on   LPF/eth0/0a:2a:3e:83:d5:56
Oct  9 22:48:23 ip-10-0-0-14 ifup[821]: Sending on   LPF/eth0/0a:2a:3e:83:d5:56
Oct  9 22:48:23 ip-10-0-0-14 dhclient[893]: Sending on   Socket/fallback
Oct  9 22:48:23 ip-10-0-0-14 ifup[821]: Sending on   Socket/fallback
Oct  9 22:48:23 ip-10-0-0-14 dhclient[893]: DHCPDISCOVER on eth0 to 255.255.255.255 port 67 interval 3 (xid=0xb7c70e74)
Oct  9 22:48:23 ip-10-0-0-14 ifup[821]: DHCPDISCOVER on eth0 to 255.255.255.255 port 67 interval 3 (xid=0xb7c70e74)
Oct  9 22:48:23 ip-10-0-0-14 dhclient[893]: DHCPREQUEST of 10.0.0.14 on eth0 to 255.255.255.255 port 67 (xid=0x740ec7b7)
Oct  9 22:48:23 ip-10-0-0-14 ifup[821]: DHCPREQUEST of 10.0.0.14 on eth0 to 255.255.255.255 port 67 (xid=0x740ec7b7)
Oct  9 22:48:23 ip-10-0-0-14 dhclient[893]: DHCPOFFER of 10.0.0.14 from 10.0.0.1
Oct  9 22:48:23 ip-10-0-0-14 ifup[821]: DHCPOFFER of 10.0.0.14 from 10.0.0.1
Oct  9 22:48:23 ip-10-0-0-14 dhclient[893]: DHCPACK of 10.0.0.14 from 10.0.0.1
Oct  9 22:48:23 ip-10-0-0-14 ifup[821]: DHCPACK of 10.0.0.14 from 10.0.0.1
Oct  9 22:48:23 ip-10-0-0-14 dhclient[893]: bound to 10.0.0.14 -- renewal in 1386 seconds.
Oct  9 22:48:23 ip-10-0-0-14 ifup[821]: bound to 10.0.0.14 -- renewal in 1386 seconds.
Oct  9 22:48:23 ip-10-0-0-14 systemd[1]: Started Raise network interfaces.
Oct  9 22:48:23 ip-10-0-0-14 systemd[1]: Reached target Network.
Oct  9 22:48:23 ip-10-0-0-14 systemd[1]: Starting Initial cloud-init job (metadata service crawler)...
Oct  9 22:48:23 ip-10-0-0-14 cloud-init[982]: Cloud-init v. 0.7.9 running 'init' at Mon, 09 Oct 2017 22:48:22 +0000. Up 8.35 seconds.
Oct  9 22:48:23 ip-10-0-0-14 cloud-init[982]: ci-info: ++++++++++++++++++++++++++++++++++++++Net device info++++++++++++++++++++++++++++++++++++++
Oct  9 22:48:23 ip-10-0-0-14 cloud-init[982]: ci-info: +--------+------+-----------------------------+---------------+-------+-------------------+
Oct  9 22:48:23 ip-10-0-0-14 cloud-init[982]: ci-info: | Device |  Up  |           Address           |      Mask     | Scope |     Hw-Address    |
Oct  9 22:48:23 ip-10-0-0-14 cloud-init[982]: ci-info: +--------+------+-----------------------------+---------------+-------+-------------------+
Oct  9 22:48:23 ip-10-0-0-14 cloud-init[982]: ci-info: |   lo   | True |          127.0.0.1          |   255.0.0.0   |   .   |         .         |
Oct  9 22:48:23 ip-10-0-0-14 cloud-init[982]: ci-info: |   lo   | True |           ::1/128           |       .       |  host |         .         |
Oct  9 22:48:23 ip-10-0-0-14 cloud-init[982]: ci-info: |  eth0  | True |          10.0.0.14          | 255.255.255.0 |   .   | 0a:2a:3e:83:d5:56 |
Oct  9 22:48:23 ip-10-0-0-14 cloud-init[982]: ci-info: |  eth0  | True | fe80::82a:3eff:fe83:d556/64 |       .       |  link | 0a:2a:3e:83:d5:56 |
Oct  9 22:48:23 ip-10-0-0-14 cloud-init[982]: ci-info: +--------+------+-----------------------------+---------------+-------+-------------------+
Oct  9 22:48:23 ip-10-0-0-14 cloud-init[982]: ci-info: +++++++++++++++++++++++++++Route IPv4 info++++++++++++++++++++++++++++
Oct  9 22:48:23 ip-10-0-0-14 cloud-init[982]: ci-info: +-------+-------------+----------+---------------+-----------+-------+
Oct  9 22:48:23 ip-10-0-0-14 cloud-init[982]: ci-info: | Route | Destination | Gateway  |    Genmask    | Interface | Flags |
Oct  9 22:48:23 ip-10-0-0-14 cloud-init[982]: ci-info: +-------+-------------+----------+---------------+-----------+-------+
Oct  9 22:48:23 ip-10-0-0-14 cloud-init[982]: ci-info: |   0   |   0.0.0.0   | 10.0.0.1 |    0.0.0.0    |    eth0   |   UG  |
Oct  9 22:48:23 ip-10-0-0-14 cloud-init[982]: ci-info: |   1   |   10.0.0.0  | 0.0.0.0  | 255.255.255.0 |    eth0   |   U   |
Oct  9 22:48:23 ip-10-0-0-14 cloud-init[982]: ci-info: +-------+-------------+----------+---------------+-----------+-------+
Oct  9 22:48:23 ip-10-0-0-14 cloud-init[982]: Generating public/private rsa key pair.
Oct  9 22:48:23 ip-10-0-0-14 cloud-init[982]: Your identification has been saved in /etc/ssh/ssh_host_rsa_key.
Oct  9 22:48:23 ip-10-0-0-14 cloud-init[982]: Your public key has been saved in /etc/ssh/ssh_host_rsa_key.pub.
Oct  9 22:48:23 ip-10-0-0-14 cloud-init[982]: The key fingerprint is:
Oct  9 22:48:23 ip-10-0-0-14 cloud-init[982]: SHA256:KINp+LzZUqq6/sy15mZRTmmXXNhu7epVwMRPlhdysxo root@ip-10-0-0-14
Oct  9 22:48:23 ip-10-0-0-14 cloud-init[982]: The key's randomart image is:
Oct  9 22:48:23 ip-10-0-0-14 cloud-init[982]: +---[RSA 2048]----+
Oct  9 22:48:23 ip-10-0-0-14 cloud-init[982]: |          o .o +o|
Oct  9 22:48:23 ip-10-0-0-14 cloud-init[982]: |         . oo.o++|
Oct  9 22:48:23 ip-10-0-0-14 cloud-init[982]: |        o + .E+..|
Oct  9 22:48:23 ip-10-0-0-14 cloud-init[982]: | . o   * + o .+. |
Oct  9 22:48:23 ip-10-0-0-14 cloud-init[982]: |. + o * S . .. . |
Oct  9 22:48:23 ip-10-0-0-14 cloud-init[982]: | +  .+ .     ..  |
Oct  9 22:48:23 ip-10-0-0-14 cloud-init[982]: |  oo ..     ..   |
Oct  9 22:48:23 ip-10-0-0-14 cloud-init[982]: |  =+.+.    ..    |
Oct  9 22:48:23 ip-10-0-0-14 cloud-init[982]: |*++=*o    ..     |
Oct  9 22:48:23 ip-10-0-0-14 cloud-init[982]: +----[SHA256]-----+
Oct  9 22:48:23 ip-10-0-0-14 cloud-init[982]: Generating public/private dsa key pair.
Oct  9 22:48:23 ip-10-0-0-14 kernel: [    0.661864] pci 0000:00:00.0: Limiting direct PCI/PCI transfers
Oct  9 22:48:23 ip-10-0-0-14 kernel: [    0.665916] pci 0000:00:01.0: PIIX3: Enabling Passive Release
Oct  9 22:48:23 ip-10-0-0-14 kernel: [    0.669932] pci 0000:00:01.0: Activating ISA DMA hang workarounds
Oct  9 22:48:23 ip-10-0-0-14 kernel: [    0.674267] pci 0000:00:02.0: Video device with shadowed ROM
Oct  9 22:48:23 ip-10-0-0-14 kernel: [    0.674331] PCI: CLS 0 bytes, default 64
Oct  9 22:48:23 ip-10-0-0-14 kernel: [    0.674383] Trying to unpack rootfs image as initramfs...
Oct  9 22:48:23 ip-10-0-0-14 kernel: [    0.848822] Freeing initrd memory: 12060K (ffff880036862000 - ffff880037429000)
Oct  9 22:48:23 ip-10-0-0-14 kernel: [    0.857176] RAPL PMU detected, API unit is 2^-32 Joules, 3 fixed counters 655360 ms ovfl timer
Oct  9 22:48:23 ip-10-0-0-14 kernel: [    0.866217] hw unit of domain pp0-core 2^-14 Joules
Oct  9 22:48:23 ip-10-0-0-14 kernel: [    0.871591] hw unit of domain package 2^-14 Joules
Oct  9 22:48:23 ip-10-0-0-14 kernel: [    0.892911] hw unit of domain dram 2^-16 Joules
Oct  9 22:48:23 ip-10-0-0-14 kernel: [    0.897638] Scanning for low memory corruption every 60 seconds
Oct  9 22:48:23 ip-10-0-0-14 kernel: [    0.903766] audit: initializing netlink subsys (disabled)
Oct  9 22:48:23 ip-10-0-0-14 kernel: [    0.908635] audit: type=2000 audit(1507589295.076:1): initialized
Oct  9 22:48:23 ip-10-0-0-14 kernel: [    0.914352] Initialise system trusted keyring
Oct  9 22:48:23 ip-10-0-0-14 kernel: [    0.918637] HugeTLB registered 2 MB page size, pre-allocated 0 pages
Oct  9 22:48:23 ip-10-0-0-14 kernel: [    0.925280] zbud: loaded
Oct  9 22:48:23 ip-10-0-0-14 kernel: [    0.928230] VFS: Disk quotas dquot_6.6.0
Oct  9 22:48:23 ip-10-0-0-14 kernel: [    0.932128] VFS: Dquot-cache hash table entries: 512 (order 0, 4096 bytes)
Oct  9 22:48:23 ip-10-0-0-14 kernel: [    0.938270] squashfs: version 4.0 (2009/01/31) Phillip Lougher
Oct  9 22:48:23 ip-10-0-0-14 kernel: [    0.943452] fuse init (API version 7.23)
Oct  9 22:48:23 ip-10-0-0-14 kernel: [    0.947053] Key type big_key registered
Oct  9 22:48:23 ip-10-0-0-14 kernel: [    0.950645] Allocating IMA MOK and blacklist keyrings.
Oct  9 22:48:23 ip-10-0-0-14 kernel: [    0.955103] Key type asymmetric registered
Oct  9 22:48:23 ip-10-0-0-14 kernel: [    0.958806] Asymmetric key parser 'x509' registered
Oct  9 22:48:23 ip-10-0-0-14 kernel: [    0.962990] Block layer SCSI generic (bsg) driver version 0.4 loaded (major 249)
Oct  9 22:48:23 ip-10-0-0-14 kernel: [    0.969616] io scheduler noop registered
Oct  9 22:48:23 ip-10-0-0-14 kernel: [    0.973291] io scheduler deadline registered (default)
Oct  9 22:48:23 ip-10-0-0-14 kernel: [    0.977776] io scheduler cfq registered
Oct  9 22:48:23 ip-10-0-0-14 kernel: [    0.981305] pci_hotplug: PCI Hot Plug PCI Core version: 0.5
Oct  9 22:48:23 ip-10-0-0-14 kernel: [    0.986037] pciehp: PCI Express Hot Plug Controller Driver version: 0.4
Oct  9 22:48:23 ip-10-0-0-14 kernel: [    0.991362] intel_idle: does not run on family 6 model 63
Oct  9 22:48:23 ip-10-0-0-14 kernel: [    0.991436] input: Power Button as /devices/LNXSYSTM:00/LNXPWRBN:00/input/input0
Oct  9 22:48:23 ip-10-0-0-14 kernel: [    0.998941] ACPI: Power Button [PWRF]
Oct  9 22:48:23 ip-10-0-0-14 kernel: [    1.002913] input: Sleep Button as /devices/LNXSYSTM:00/LNXSLPBN:00/input/input1
Oct  9 22:48:23 ip-10-0-0-14 kernel: [    1.009808] ACPI: Sleep Button [SLPF]
Oct  9 22:48:23 ip-10-0-0-14 kernel: [    1.013758] xen: --> pirq=22 -> irq=28 (gsi=28)
Oct  9 22:48:23 ip-10-0-0-14 kernel: [    1.013868] xen:grant_table: Grant tables using version 1 layout
Oct  9 22:48:23 ip-10-0-0-14 kernel: [    1.019433] Grant table initialized
Oct  9 22:48:23 ip-10-0-0-14 kernel: [    1.023099] Cannot get hvm parameter CONSOLE_EVTCHN (18): -22!
Oct  9 22:48:23 ip-10-0-0-14 kernel: [    1.028366] Serial: 8250/16550 driver, 32 ports, IRQ sharing enabled
Oct  9 22:48:23 ip-10-0-0-14 kernel: [    1.063530] 00:06: ttyS0 at I/O 0x3f8 (irq = 4, base_baud = 115200) is a 16550A
Oct  9 22:48:23 ip-10-0-0-14 kernel: [    1.069813] Linux agpgart interface v0.103
Oct  9 22:48:23 ip-10-0-0-14 kernel: [    1.074548] brd: module loaded
Oct  9 22:48:23 ip-10-0-0-14 kernel: [    1.077858] loop: module loaded
Oct  9 22:48:23 ip-10-0-0-14 kernel: [    1.081793] ata_piix 0000:00:01.1: version 2.13
Oct  9 22:48:23 ip-10-0-0-14 kernel: [    1.090178] scsi host0: ata_piix
Oct  9 22:48:23 ip-10-0-0-14 kernel: [    1.093174] scsi host1: ata_piix
Oct  9 22:48:23 ip-10-0-0-14 kernel: [    1.096215] ata1: PATA max MWDMA2 cmd 0x1f0 ctl 0x3f6 bmdma 0xc100 irq 14
Oct  9 22:48:23 ip-10-0-0-14 kernel: [    1.101213] ata2: PATA max MWDMA2 cmd 0x170 ctl 0x376 bmdma 0xc108 irq 15
Oct  9 22:48:23 ip-10-0-0-14 kernel: [    1.111205] libphy: Fixed MDIO Bus: probed
Oct  9 22:48:23 ip-10-0-0-14 kernel: [    1.118537] tun: Universal TUN/TAP device driver, 1.6
Oct  9 22:48:23 ip-10-0-0-14 kernel: [    1.122670] tun: (C) 1999-2004 Max Krasnyansky <maxk@qualcomm.com>
Oct  9 22:48:23 ip-10-0-0-14 kernel: [    1.127236] PPP generic driver version 2.4.2
Oct  9 22:48:23 ip-10-0-0-14 kernel: [    1.130651] xen_netfront: Initialising Xen virtual ethernet driver
Oct  9 22:48:23 ip-10-0-0-14 kernel: [    1.151945] ehci_hcd: USB 2.0 'Enhanced' Host Controller (EHCI) Driver
Oct  9 22:48:23 ip-10-0-0-14 kernel: [    1.165184] ehci-pci: EHCI PCI platform driver
Oct  9 22:48:23 ip-10-0-0-14 kernel: [    1.168508] ehci-platform: EHCI generic platform driver
Oct  9 22:48:23 ip-10-0-0-14 kernel: [    1.172649] ohci_hcd: USB 1.1 'Open' Host Controller (OHCI) Driver
Oct  9 22:48:23 ip-10-0-0-14 kernel: [    1.176943] ohci-pci: OHCI PCI platform driver
Oct  9 22:48:23 ip-10-0-0-14 kernel: [    1.180560] ohci-platform: OHCI generic platform driver
Oct  9 22:48:23 ip-10-0-0-14 kernel: [    1.184477] uhci_hcd: USB Universal Host Controller Interface driver
Oct  9 22:48:23 ip-10-0-0-14 kernel: [    1.193917] i8042: PNP: PS/2 Controller [PNP0303:PS2K,PNP0f13:PS2M] at 0x60,0x64 irq 1,12
Oct  9 22:48:23 ip-10-0-0-14 kernel: [    1.205384] serio: i8042 KBD port at 0x60,0x64 irq 1
Oct  9 22:48:23 ip-10-0-0-14 kernel: [    1.208852] serio: i8042 AUX port at 0x60,0x64 irq 12
Oct  9 22:48:23 ip-10-0-0-14 kernel: [    1.213117] mousedev: PS/2 mouse device common for all mice
Oct  9 22:48:23 ip-10-0-0-14 kernel: [    1.218874] input: AT Translated Set 2 keyboard as /devices/platform/i8042/serio0/input/input2
Oct  9 22:48:23 ip-10-0-0-14 kernel: [    1.224854] rtc_cmos 00:02: rtc core: registered rtc_cmos as rtc0
Oct  9 22:48:23 ip-10-0-0-14 kernel: [    1.236069] rtc_cmos 00:02: alarms up to one day, 114 bytes nvram, hpet irqs
Oct  9 22:48:23 ip-10-0-0-14 kernel: [    1.241357] i2c /dev entries driver
Oct  9 22:48:23 ip-10-0-0-14 kernel: [    1.244565] device-mapper: uevent: version 1.0.3
Oct  9 22:48:23 ip-10-0-0-14 kernel: [    1.252637] device-mapper: ioctl: 4.34.0-ioctl (2015-10-28) initialised: dm-devel@redhat.com
Oct  9 22:48:23 ip-10-0-0-14 kernel: [    1.274591] NET: Registered protocol family 10
Oct  9 22:48:23 ip-10-0-0-14 kernel: [    1.278156] NET: Registered protocol family 17
Oct  9 22:48:23 ip-10-0-0-14 kernel: [    1.292613] Key type dns_resolver registered
Oct  9 22:48:23 ip-10-0-0-14 kernel: [    1.296285] microcode: CPU0 sig=0x306f2, pf=0x1, revision=0x3a
Oct  9 22:48:23 ip-10-0-0-14 kernel: [    1.300449] microcode: Microcode Update Driver: v2.01 <tigran@aivazian.fsnet.co.uk>, Peter Oruba
Oct  9 22:48:23 ip-10-0-0-14 kernel: [    1.306875] registered taskstats version 1
Oct  9 22:48:23 ip-10-0-0-14 kernel: [    1.310252] Loading compiled-in X.509 certificates
Oct  9 22:48:23 ip-10-0-0-14 kernel: [    1.314674] Loaded X.509 cert 'Build time autogenerated kernel key: 4e6d55835586a24470a5fce930089c63edb86120'
Oct  9 22:48:23 ip-10-0-0-14 kernel: [    1.321069] zswap: loaded using pool lzo/zbud
Oct  9 22:48:23 ip-10-0-0-14 kernel: [    1.325282] blkfront: xvda: barrier or flush: disabled; persistent grants: disabled; indirect descriptors: enabled;
Oct  9 22:48:23 ip-10-0-0-14 kernel: [    1.332423] Key type trusted registered
Oct  9 22:48:23 ip-10-0-0-14 kernel: [    1.341316] Key type encrypted registered
Oct  9 22:48:23 ip-10-0-0-14 kernel: [    1.344817] AppArmor: AppArmor sha1 policy hashing enabled
Oct  9 22:48:23 ip-10-0-0-14 kernel: [    1.348549]  xvda: xvda1
Oct  9 22:48:23 ip-10-0-0-14 kernel: [    1.350667] ima: No TPM chip found, activating TPM-bypass!
Oct  9 22:48:23 ip-10-0-0-14 kernel: [    1.354652] evm: HMAC attrs: 0x1
Oct  9 22:48:23 ip-10-0-0-14 kernel: [    1.360619]   Magic number: 5:822:855
Oct  9 22:48:23 ip-10-0-0-14 kernel: [    1.364017] acpi device:d2: hash matches
Oct  9 22:48:23 ip-10-0-0-14 kernel: [    1.367300] rtc_cmos 00:02: setting system clock to 2017-10-09 22:48:15 UTC (1507589295)
Oct  9 22:48:23 ip-10-0-0-14 kernel: [    1.373344] BIOS EDD facility v0.16 2004-Jun-25, 0 devices found
Oct  9 22:48:23 ip-10-0-0-14 kernel: [    1.377955] EDD information not available.
Oct  9 22:48:23 ip-10-0-0-14 kernel: [    1.380856] PM: Hibernation image not present or could not be loaded.
Oct  9 22:48:23 ip-10-0-0-14 kernel: [    1.382730] Freeing unused kernel memory: 1472K (ffffffff81f3d000 - ffffffff820ad000)
Oct  9 22:48:23 ip-10-0-0-14 kernel: [    1.388594] Write protecting the kernel read-only data: 14336k
Oct  9 22:48:23 ip-10-0-0-14 kernel: [    1.393207] Freeing unused kernel memory: 1936K (ffff88000181c000 - ffff880001a00000)
Oct  9 22:48:23 ip-10-0-0-14 kernel: [    1.399216] Freeing unused kernel memory: 228K (ffff880001dc7000 - ffff880001e00000)
Oct  9 22:48:23 ip-10-0-0-14 kernel: [    1.424019] random: udevadm: uninitialized urandom read (16 bytes read, 8 bits of entropy available)
Oct  9 22:48:23 ip-10-0-0-14 kernel: [    1.431246] random: systemd-udevd: uninitialized urandom read (16 bytes read, 9 bits of entropy available)
Oct  9 22:48:23 ip-10-0-0-14 kernel: [    1.438158] random: systemd-udevd: uninitialized urandom read (16 bytes read, 9 bits of entropy available)
Oct  9 22:48:23 ip-10-0-0-14 kernel: [    1.444892] random: udevadm: uninitialized urandom read (16 bytes read, 9 bits of entropy available)
Oct  9 22:48:23 ip-10-0-0-14 kernel: [    1.451659] random: systemd-udevd: uninitialized urandom read (16 bytes read, 9 bits of entropy available)
Oct  9 22:48:23 ip-10-0-0-14 kernel: [    1.458362] random: udevadm: uninitialized urandom read (16 bytes read, 9 bits of entropy available)
Oct  9 22:48:23 ip-10-0-0-14 kernel: [    1.464623] random: systemd-udevd: uninitialized urandom read (16 bytes read, 9 bits of entropy available)
Oct  9 22:48:23 ip-10-0-0-14 kernel: [    1.471341] random: udevadm: uninitialized urandom read (16 bytes read, 9 bits of entropy available)
Oct  9 22:48:23 ip-10-0-0-14 kernel: [    1.478385] random: udevadm: uninitialized urandom read (16 bytes read, 9 bits of entropy available)
Oct  9 22:48:23 ip-10-0-0-14 kernel: [    1.485111] random: udevadm: uninitialized urandom read (16 bytes read, 9 bits of entropy available)
Oct  9 22:48:23 ip-10-0-0-14 kernel: [    1.586500] AVX2 version of gcm_enc/dec engaged.
Oct  9 22:48:23 ip-10-0-0-14 kernel: [    1.590253] AES CTR mode by8 optimization enabled
Oct  9 22:48:23 ip-10-0-0-14 kernel: [    1.896122] tsc: Refined TSC clocksource calibration: 2399.999 MHz
Oct  9 22:48:23 ip-10-0-0-14 kernel: [    1.902007] clocksource: tsc: mask: 0xffffffffffffffff max_cycles: 0x2298364cab5, max_idle_ns: 440795214892 ns
Oct  9 22:48:23 ip-10-0-0-14 kernel: [    3.069796] md: linear personality registered for level -1
Oct  9 22:48:23 ip-10-0-0-14 kernel: [    3.076708] md: multipath personality registered for level -4
Oct  9 22:48:23 ip-10-0-0-14 kernel: [    3.084344] md: raid0 personality registered for level 0
Oct  9 22:48:23 ip-10-0-0-14 kernel: [    3.091649] md: raid1 personality registered for level 1
Oct  9 22:48:23 ip-10-0-0-14 kernel: [    3.148067] raid6: sse2x1   gen()  8292 MB/s
Oct  9 22:48:23 ip-10-0-0-14 kernel: [    3.196036] raid6: sse2x1   xor()  6429 MB/s
Oct  9 22:48:23 ip-10-0-0-14 kernel: [    3.244063] raid6: sse2x2   gen() 10427 MB/s
Oct  9 22:48:23 ip-10-0-0-14 kernel: [    3.296058] raid6: sse2x2   xor()  7027 MB/s
Oct  9 22:48:23 ip-10-0-0-14 kernel: [    3.344062] raid6: sse2x4   gen() 12250 MB/s
Oct  9 22:48:23 ip-10-0-0-14 kernel: [    3.392060] raid6: sse2x4   xor()  8494 MB/s
Oct  9 22:48:23 ip-10-0-0-14 kernel: [    3.440059] raid6: avx2x1   gen() 15898 MB/s
Oct  9 22:48:23 ip-10-0-0-14 kernel: [    3.488059] raid6: avx2x2   gen() 18435 MB/s
Oct  9 22:48:23 ip-10-0-0-14 kernel: [    3.536063] raid6: avx2x4   gen() 21199 MB/s
Oct  9 22:48:23 ip-10-0-0-14 kernel: [    3.539294] raid6: using algorithm avx2x4 gen() 21199 MB/s
Oct  9 22:48:23 ip-10-0-0-14 kernel: [    3.542736] raid6: using avx2x2 recovery algorithm
Oct  9 22:48:23 ip-10-0-0-14 kernel: [    3.547605] xor: automatically using best checksumming function:
Oct  9 22:48:23 ip-10-0-0-14 kernel: [    3.588060]    avx       : 26311.000 MB/sec
Oct  9 22:48:23 ip-10-0-0-14 kernel: [    3.592364] async_tx: api initialized (async)
Oct  9 22:48:23 ip-10-0-0-14 kernel: [    3.603817] md: raid6 personality registered for level 6
Oct  9 22:48:23 ip-10-0-0-14 kernel: [    3.607097] md: raid5 personality registered for level 5
Oct  9 22:48:23 ip-10-0-0-14 kernel: [    3.610246] md: raid4 personality registered for level 4
Oct  9 22:48:23 ip-10-0-0-14 kernel: [    3.617914] md: raid10 personality registered for level 10
Oct  9 22:48:23 ip-10-0-0-14 kernel: [    3.653237] Btrfs loaded
Oct  9 22:48:23 ip-10-0-0-14 kernel: [    3.691271] EXT4-fs (xvda1): mounted filesystem with ordered data mode. Opts: (null)
Oct  9 22:48:23 ip-10-0-0-14 kernel: [    4.059993] EXT4-fs (xvda1): re-mounted. Opts: discard
Oct  9 22:48:23 ip-10-0-0-14 kernel: [    4.133356] Loading iSCSI transport class v2.0-870.
Oct  9 22:48:23 ip-10-0-0-14 kernel: [    4.148805] iscsi: registered transport (tcp)
Oct  9 22:48:23 ip-10-0-0-14 kernel: [    4.208147] iscsi: registered transport (iser)
Oct  9 22:48:23 ip-10-0-0-14 kernel: [    5.955340] audit: type=1400 audit(1507589300.084:2): apparmor="STATUS" operation="profile_load" profile="unconfined" name="lxc-container-default" pid=539 comm="apparmor_parser"
Oct  9 22:48:23 ip-10-0-0-14 kernel: [    5.963374] audit: type=1400 audit(1507589300.092:3): apparmor="STATUS" operation="profile_load" profile="unconfined" name="lxc-container-default-cgns" pid=539 comm="apparmor_parser"
Oct  9 22:48:23 ip-10-0-0-14 kernel: [    5.963721] audit: type=1400 audit(1507589300.092:4): apparmor="STATUS" operation="profile_load" profile="unconfined" name="lxc-container-default-with-mounting" pid=539 comm="apparmor_parser"
Oct  9 22:48:23 ip-10-0-0-14 kernel: [    5.968142] audit: type=1400 audit(1507589300.100:5): apparmor="STATUS" operation="profile_load" profile="unconfined" name="lxc-container-default-with-nesting" pid=539 comm="apparmor_parser"
Oct  9 22:48:23 ip-10-0-0-14 kernel: [    6.422919] ppdev: user-space parallel port driver
Oct  9 22:48:23 ip-10-0-0-14 kernel: [    6.519736] audit: type=1400 audit(1507589300.648:6): apparmor="STATUS" operation="profile_load" profile="unconfined" name="/sbin/dhclient" pid=663 comm="apparmor_parser"
Oct  9 22:48:23 ip-10-0-0-14 kernel: [    6.520000] audit: type=1400 audit(1507589300.648:7): apparmor="STATUS" operation="profile_load" profile="unconfined" name="/usr/lib/NetworkManager/nm-dhcp-client.action" pid=663 comm="apparmor_parser"
Oct  9 22:48:23 ip-10-0-0-14 kernel: [    6.528289] audit: type=1400 audit(1507589300.660:8): apparmor="STATUS" operation="profile_load" profile="unconfined" name="/usr/lib/NetworkManager/nm-dhcp-helper" pid=663 comm="apparmor_parser"
Oct  9 22:48:23 ip-10-0-0-14 kernel: [    6.528520] audit: type=1400 audit(1507589300.660:9): apparmor="STATUS" operation="profile_load" profile="unconfined" name="/usr/lib/connman/scripts/dhclient-script" pid=663 comm="apparmor_parser"
Oct  9 22:48:23 ip-10-0-0-14 kernel: [    6.550509] audit: type=1400 audit(1507589300.680:10): apparmor="STATUS" operation="profile_load" profile="unconfined" name="/usr/bin/lxc-start" pid=736 comm="apparmor_parser"
Oct  9 22:48:23 ip-10-0-0-14 kernel: [    6.703160] audit: type=1400 audit(1507589300.832:11): apparmor="STATUS" operation="profile_load" profile="unconfined" name="/usr/lib/lxd/lxd-bridge-proxy" pid=738 comm="apparmor_parser"
Oct  9 22:48:23 ip-10-0-0-14 kernel: [    8.738579] random: nonblocking pool is initialized
Oct  9 22:48:23 ip-10-0-0-14 kernel: [    9.418714] cgroup: new mount options do not match the existing superblock, will be ignored
Oct  9 22:48:23 ip-10-0-0-14 cloud-init[982]: Your identification has been saved in /etc/ssh/ssh_host_dsa_key.
Oct  9 22:48:23 ip-10-0-0-14 cloud-init[982]: Your public key has been saved in /etc/ssh/ssh_host_dsa_key.pub.
Oct  9 22:48:23 ip-10-0-0-14 cloud-init[982]: The key fingerprint is:
Oct  9 22:48:23 ip-10-0-0-14 cloud-init[982]: SHA256:ThV/j4+IHKGaDkFHPFbHO0cOzvSLWh/NUy1w12BZQYo root@ip-10-0-0-14
Oct  9 22:48:24 ip-10-0-0-14 cloud-init[982]: The key's randomart image is:
Oct  9 22:48:24 ip-10-0-0-14 cloud-init[982]: +---[DSA 1024]----+
Oct  9 22:48:24 ip-10-0-0-14 cloud-init[982]: |     .....o   +*+|
Oct  9 22:48:24 ip-10-0-0-14 cloud-init[982]: |     .+  .+o+.+ o|
Oct  9 22:48:24 ip-10-0-0-14 cloud-init[982]: |    .... +oE.+...|
Oct  9 22:48:24 ip-10-0-0-14 cloud-init[982]: |   . .   o=.+..oo|
Oct  9 22:48:24 ip-10-0-0-14 cloud-init[982]: |    .   S .+ +.o.|
Oct  9 22:48:24 ip-10-0-0-14 cloud-init[982]: |     . = .ooo.+o |
Oct  9 22:48:24 ip-10-0-0-14 cloud-init[982]: |    . o .oo......|
Oct  9 22:48:24 ip-10-0-0-14 cloud-init[982]: |     o  .   .    |
Oct  9 22:48:24 ip-10-0-0-14 cloud-init[982]: |      .          |
Oct  9 22:48:24 ip-10-0-0-14 cloud-init[982]: +----[SHA256]-----+
Oct  9 22:48:24 ip-10-0-0-14 cloud-init[982]: Generating public/private ecdsa key pair.
Oct  9 22:48:24 ip-10-0-0-14 cloud-init[982]: Your identification has been saved in /etc/ssh/ssh_host_ecdsa_key.
Oct  9 22:48:24 ip-10-0-0-14 cloud-init[982]: Your public key has been saved in /etc/ssh/ssh_host_ecdsa_key.pub.
Oct  9 22:48:24 ip-10-0-0-14 cloud-init[982]: The key fingerprint is:
Oct  9 22:48:24 ip-10-0-0-14 cloud-init[982]: SHA256:ioL68dUqNdIAaK4rU5gfKQ43aTu17tfxOvbd3fCQhzc root@ip-10-0-0-14
Oct  9 22:48:24 ip-10-0-0-14 cloud-init[982]: The key's randomart image is:
Oct  9 22:48:24 ip-10-0-0-14 cloud-init[982]: +---[ECDSA 256]---+
Oct  9 22:48:24 ip-10-0-0-14 cloud-init[982]: | .               |
Oct  9 22:48:24 ip-10-0-0-14 cloud-init[982]: |...              |
Oct  9 22:48:24 ip-10-0-0-14 cloud-init[982]: |o  .             |
Oct  9 22:48:24 ip-10-0-0-14 cloud-init[982]: | .  .            |
Oct  9 22:48:24 ip-10-0-0-14 cloud-init[982]: |.o o o  S        |
Oct  9 22:48:24 ip-10-0-0-14 cloud-init[982]: |*.O o.+o.      o |
Oct  9 22:48:24 ip-10-0-0-14 cloud-init[982]: |+Bo=.+oo.o    =Eo|
Oct  9 22:48:24 ip-10-0-0-14 cloud-init[982]: |=.++o...+ .. . Bo|
Oct  9 22:48:24 ip-10-0-0-14 cloud-init[982]: |oo.++o...+. . . +|
Oct  9 22:48:24 ip-10-0-0-14 cloud-init[982]: +----[SHA256]-----+
Oct  9 22:48:24 ip-10-0-0-14 cloud-init[982]: Generating public/private ed25519 key pair.
Oct  9 22:48:24 ip-10-0-0-14 cloud-init[982]: Your identification has been saved in /etc/ssh/ssh_host_ed25519_key.
Oct  9 22:48:24 ip-10-0-0-14 cloud-init[982]: Your public key has been saved in /etc/ssh/ssh_host_ed25519_key.pub.
Oct  9 22:48:24 ip-10-0-0-14 cloud-init[982]: The key fingerprint is:
Oct  9 22:48:24 ip-10-0-0-14 cloud-init[982]: SHA256:wWWgRFYAB9dlrdFVzJ9MgjjV5ZFnZmCHVkuaJK9korg root@ip-10-0-0-14
Oct  9 22:48:24 ip-10-0-0-14 cloud-init[982]: The key's randomart image is:
Oct  9 22:48:24 ip-10-0-0-14 cloud-init[982]: +--[ED25519 256]--+
Oct  9 22:48:24 ip-10-0-0-14 cloud-init[982]: |    o+B+ooB=oo=@=|
Oct  9 22:48:24 ip-10-0-0-14 cloud-init[982]: |     = o.*..*+B+X|
Oct  9 22:48:24 ip-10-0-0-14 cloud-init[982]: |      . o..= =+*+|
Oct  9 22:48:24 ip-10-0-0-14 cloud-init[982]: |      . ..= .  o.|
Oct  9 22:48:24 ip-10-0-0-14 cloud-init[982]: |     . .S  .     |
Oct  9 22:48:24 ip-10-0-0-14 cloud-init[982]: |      .          |
Oct  9 22:48:24 ip-10-0-0-14 cloud-init[982]: |     E           |
Oct  9 22:48:24 ip-10-0-0-14 cloud-init[982]: |                 |
Oct  9 22:48:24 ip-10-0-0-14 systemd[1]: Started Initial cloud-init job (metadata service crawler).
Oct  9 22:48:24 ip-10-0-0-14 iscsid: iSCSI logger with pid=1059 started!
Oct  9 22:48:24 ip-10-0-0-14 cloud-init[982]: |                 |
Oct  9 22:48:24 ip-10-0-0-14 cloud-init[982]: +----[SHA256]-----+
Oct  9 22:48:24 ip-10-0-0-14 systemd[1]: Reached target Cloud-config availability.
Oct  9 22:48:24 ip-10-0-0-14 iscsid: iSCSI daemon with pid=1060 started!
Oct  9 22:48:24 ip-10-0-0-14 systemd[1]: Reached target Network is Online.
Oct  9 22:48:24 ip-10-0-0-14 cron[1099]: (CRON) INFO (pidfile fd = 3)
Oct  9 22:48:24 ip-10-0-0-14 systemd[1]: Starting iSCSI initiator daemon (iscsid)...
Oct  9 22:48:24 ip-10-0-0-14 cron[1099]: (CRON) INFO (Running @reboot jobs)
Oct  9 22:48:24 ip-10-0-0-14 systemd[1]: Reached target System Initialization.
Oct  9 22:48:24 ip-10-0-0-14 acpid: starting up with netlink and the input layer
Oct  9 22:48:24 ip-10-0-0-14 systemd[1]: Started Daily apt activities.
Oct  9 22:48:24 ip-10-0-0-14 acpid: 1 rule loaded
Oct  9 22:48:24 ip-10-0-0-14 systemd[1]: Listening on ACPID Listen Socket.
Oct  9 22:48:24 ip-10-0-0-14 mdadm[1070]:  * Starting MD monitoring service mdadm --monitor
Oct  9 22:48:24 ip-10-0-0-14 mdadm[1070]:    ...done.
Oct  9 22:48:24 ip-10-0-0-14 acpid: waiting for events: event logging is off
Oct  9 22:48:24 ip-10-0-0-14 systemd[1]: Starting LXD - unix socket.
Oct  9 22:48:24 ip-10-0-0-14 lxcfs[1075]: hierarchies:
Oct  9 22:48:24 ip-10-0-0-14 lxcfs[1075]:   0: fd:   5: memory
Oct  9 22:48:24 ip-10-0-0-14 lxcfs[1075]:   1: fd:   6: blkio
Oct  9 22:48:24 ip-10-0-0-14 lxcfs[1075]:   2: fd:   7: devices
Oct  9 22:48:24 ip-10-0-0-14 lxcfs[1075]:   3: fd:   8: freezer
Oct  9 22:48:24 ip-10-0-0-14 lxcfs[1075]:   4: fd:   9: hugetlb
Oct  9 22:48:24 ip-10-0-0-14 lxcfs[1075]:   5: fd:  10: cpuset
Oct  9 22:48:24 ip-10-0-0-14 lxcfs[1075]:   6: fd:  11: cpu,cpuacct
Oct  9 22:48:24 ip-10-0-0-14 lxcfs[1075]:   7: fd:  12: net_cls,net_prio
Oct  9 22:48:24 ip-10-0-0-14 lxcfs[1075]:   8: fd:  13: pids
Oct  9 22:48:24 ip-10-0-0-14 lxcfs[1075]:   9: fd:  14: perf_event
Oct  9 22:48:24 ip-10-0-0-14 lxcfs[1075]:  10: fd:  15: name=systemd
Oct  9 22:48:24 ip-10-0-0-14 dbus[1111]: [system] AppArmor D-Bus mediation is enabled
Oct  9 22:48:24 ip-10-0-0-14 systemd[1]: Listening on UUID daemon activation socket.
Oct  9 22:48:24 ip-10-0-0-14 pollinate[1067]: client sent challenge to [https://entropy.ubuntu.com/]
Oct  9 22:48:24 ip-10-0-0-14 systemd[1]: Started Timer to automatically refresh installed snaps.
Oct  9 22:48:24 ip-10-0-0-14 dbus[1111]: [system] Activating via systemd: service name='org.freedesktop.PolicyKit1' unit='polkitd.service'
Oct  9 22:48:24 ip-10-0-0-14 systemd[1]: Started ACPI Events Check.
Oct  9 22:48:24 ip-10-0-0-14 /usr/lib/snapd/snapd[1133]: daemon.go:250: DEBUG: init done in 605.832s
Oct  9 22:48:24 ip-10-0-0-14 systemd[1]: Reached target Paths.
Oct  9 22:48:24 ip-10-0-0-14 /usr/lib/snapd/snapd[1133]: daemon.go:251: started snapd/2.25 (series 16; classic) ubuntu/16.04 (amd64) linux/4.4.0-1022-aws.
Oct  9 22:48:24 ip-10-0-0-14 systemd[1]: Started Daily Cleanup of Temporary Directories.
Oct  9 22:48:24 ip-10-0-0-14 polkitd[1182]: started daemon version 0.105 using authority implementation `local' version `0.105'
Oct  9 22:48:24 ip-10-0-0-14 systemd[1]: Reached target Timers.
Oct  9 22:48:24 ip-10-0-0-14 /usr/lib/snapd/snapd[1133]: taskrunner.go:367: DEBUG: Running task 1 on Do: Mark system seeded
Oct  9 22:48:24 ip-10-0-0-14 systemd[1]: Starting Socket activation for snappy daemon.
Oct  9 22:48:24 ip-10-0-0-14 dbus[1111]: [system] Successfully activated service 'org.freedesktop.PolicyKit1'
Oct  9 22:48:24 ip-10-0-0-14 systemd[1]: Listening on D-Bus System Message Bus Socket.
Oct  9 22:48:24 ip-10-0-0-14 accounts-daemon[1102]: started daemon version 0.6.40
Oct  9 22:48:24 ip-10-0-0-14 systemd[1]: Listening on LXD - unix socket.
Oct  9 22:48:24 ip-10-0-0-14 snapd[1133]: 2017/10/09 22:48:23.923740 daemon.go:251: started snapd/2.25 (series 16; classic) ubuntu/16.04 (amd64) linux/4.4.0-1022-aws.
Oct  9 22:48:24 ip-10-0-0-14 /usr/sbin/irqbalance: Balancing is ineffective on systems with a single cpu.  Shutting down
Oct  9 22:48:24 ip-10-0-0-14 systemd[1]: Listening on Socket activation for snappy daemon.
Oct  9 22:48:24 ip-10-0-0-14 snap[1134]: auto-import is disabled on classic
Oct  9 22:48:24 ip-10-0-0-14 systemd[1]: iscsid.service: Failed to read PID from file /run/iscsid.pid: Invalid argument
Oct  9 22:48:24 ip-10-0-0-14 iscsiadm[1152]: iscsiadm: No records found
Oct  9 22:48:24 ip-10-0-0-14 systemd[1]: Started iSCSI initiator daemon (iscsid).
Oct  9 22:48:24 ip-10-0-0-14 systemd[1]: Starting Login to default iSCSI targets...
Oct  9 22:48:24 ip-10-0-0-14 systemd[1]: Reached target Sockets.
Oct  9 22:48:24 ip-10-0-0-14 systemd[1]: Reached target Basic System.
Oct  9 22:48:24 ip-10-0-0-14 apport[1195]:  * Starting automatic crash report generation: apport
Oct  9 22:48:24 ip-10-0-0-14 apport[1195]:    ...done.
Oct  9 22:48:24 ip-10-0-0-14 systemd[1]: Starting Login Service...
Oct  9 22:48:24 ip-10-0-0-14 systemd[1]: Starting Pollinate to seed the pseudo random number generator...
Oct  9 22:48:24 ip-10-0-0-14 irqbalance[1203]:  * Starting SMP IRQ Balancer: irqbalance
Oct  9 22:48:24 ip-10-0-0-14 irqbalance[1203]:    ...done.
Oct  9 22:48:24 ip-10-0-0-14 systemd[1]: Starting LSB: MD monitoring daemon...
Oct  9 22:48:24 ip-10-0-0-14 systemd[1]: Started FUSE filesystem for LXC.
Oct  9 22:48:24 ip-10-0-0-14 systemd[1]: Starting Apply the settings specified in cloud-config...
Oct  9 22:48:24 ip-10-0-0-14 systemd[1]: Started Unattended Upgrades Shutdown.
Oct  9 22:48:24 ip-10-0-0-14 systemd[1]: Starting /etc/rc.local Compatibility...
Oct  9 22:48:24 ip-10-0-0-14 systemd[1]: Starting LXD - container startup/shutdown...
Oct  9 22:48:24 ip-10-0-0-14 systemd[1]: Started Deferred execution scheduler.
Oct  9 22:48:24 ip-10-0-0-14 systemd[1]: Started Regular background program processing daemon.
Oct  9 22:48:24 ip-10-0-0-14 systemd[1]: Starting Accounts Service...
Oct  9 22:48:24 ip-10-0-0-14 systemd[1]: Started ACPI event daemon.
Oct  9 22:48:24 ip-10-0-0-14 systemd[1]: Starting LSB: Record successful boot for GRUB...
Oct  9 22:48:24 ip-10-0-0-14 systemd[1]: Started D-Bus System Message Bus.
Oct  9 22:48:24 ip-10-0-0-14 systemd[1]: Started Snappy daemon.
Oct  9 22:48:24 ip-10-0-0-14 systemd[1]: Starting Auto import assertions from block devices...
Oct  9 22:48:24 ip-10-0-0-14 systemd[1]: Starting System Logging Service...
Oct  9 22:48:24 ip-10-0-0-14 systemd[1]: Started /etc/rc.local Compatibility.
Oct  9 22:48:24 ip-10-0-0-14 systemd[1]: Started Login to default iSCSI targets.
Oct  9 22:48:24 ip-10-0-0-14 systemd[1]: Started System Logging Service.
Oct  9 22:48:24 ip-10-0-0-14 systemd[1]: Started LXD - container startup/shutdown.
Oct  9 22:48:24 ip-10-0-0-14 systemd[1]: Started LSB: MD monitoring daemon.
Oct  9 22:48:24 ip-10-0-0-14 systemd[1]: Started Auto import assertions from block devices.
Oct  9 22:48:24 ip-10-0-0-14 systemd[1]: Started LSB: Record successful boot for GRUB.
Oct  9 22:48:24 ip-10-0-0-14 systemd[1]: Started Login Service.
Oct  9 22:48:24 ip-10-0-0-14 systemd[1]: Starting Authenticate and Authorize Users to Run Privileged Tasks...
Oct  9 22:48:24 ip-10-0-0-14 systemd[1]: Reached target Remote File Systems (Pre).
Oct  9 22:48:24 ip-10-0-0-14 systemd[1]: Reached target Remote File Systems.
Oct  9 22:48:24 ip-10-0-0-14 systemd[1]: Starting LSB: Set the CPU Frequency Scaling governor to "ondemand"...
Oct  9 22:48:24 ip-10-0-0-14 systemd[1]: Starting LSB: automatic crash report generation...
Oct  9 22:48:24 ip-10-0-0-14 systemd[1]: Starting Permit User Sessions...
Oct  9 22:48:24 ip-10-0-0-14 systemd[1]: Starting LSB: daemon to balance interrupts for SMP systems...
Oct  9 22:48:24 ip-10-0-0-14 systemd[1]: Started Permit User Sessions.
Oct  9 22:48:24 ip-10-0-0-14 systemd[1]: Started Authenticate and Authorize Users to Run Privileged Tasks.
Oct  9 22:48:24 ip-10-0-0-14 systemd[1]: Started Accounts Service.
Oct  9 22:48:24 ip-10-0-0-14 systemd[1]: Started LSB: Set the CPU Frequency Scaling governor to "ondemand".
Oct  9 22:48:24 ip-10-0-0-14 systemd[1]: Starting Hold until boot process finishes up...
Oct  9 22:48:24 ip-10-0-0-14 systemd[1]: Starting Terminate Plymouth Boot Screen...
Oct  9 22:48:24 ip-10-0-0-14 systemd[1]: Started Hold until boot process finishes up.
Oct  9 22:48:24 ip-10-0-0-14 systemd[1]: Started LSB: automatic crash report generation.
Oct  9 22:48:24 ip-10-0-0-14 systemd[1]: Started Terminate Plymouth Boot Screen.
Oct  9 22:48:24 ip-10-0-0-14 systemd[1]: Starting Set console scheme...
Oct  9 22:48:24 ip-10-0-0-14 systemd[1]: Started Serial Getty on ttyS0.
Oct  9 22:48:24 ip-10-0-0-14 systemd[1]: Started Getty on tty1.
Oct  9 22:48:24 ip-10-0-0-14 systemd[1]: Reached target Login Prompts.
Oct  9 22:48:24 ip-10-0-0-14 systemd[1]: Started LSB: daemon to balance interrupts for SMP systems.
Oct  9 22:48:24 ip-10-0-0-14 systemd[1]: Started Set console scheme.
Oct  9 22:48:24 ip-10-0-0-14 cloud-init[1084]: Generating locales (this might take a while)...
Oct  9 22:48:24 ip-10-0-0-14 pollinate[1067]: client verified challenge/response with [https://entropy.ubuntu.com/]
Oct  9 22:48:24 ip-10-0-0-14 pollinate[1067]: client hashed response from [https://entropy.ubuntu.com/]
Oct  9 22:48:24 ip-10-0-0-14 pollinate[1067]: client successfully seeded [/dev/urandom]
Oct  9 22:48:25 ip-10-0-0-14 systemd[1]: Started Pollinate to seed the pseudo random number generator.
Oct  9 22:48:25 ip-10-0-0-14 systemd[1]: Starting OpenBSD Secure Shell server...
Oct  9 22:48:25 ip-10-0-0-14 systemd[1]: Started OpenBSD Secure Shell server.
Oct  9 22:48:25 ip-10-0-0-14 systemd[1]: Reached target Multi-User System.
Oct  9 22:48:25 ip-10-0-0-14 systemd[1]: Reached target Graphical Interface.
Oct  9 22:48:25 ip-10-0-0-14 systemd[1]: Starting Update UTMP about System Runlevel Changes...
Oct  9 22:48:25 ip-10-0-0-14 systemd[1]: Started Update UTMP about System Runlevel Changes.
Oct  9 22:48:25 ip-10-0-0-14 cloud-init[1084]:   en_US.UTF-8... done
Oct  9 22:48:25 ip-10-0-0-14 cloud-init[1084]: Generation complete.
Oct  9 22:48:25 ip-10-0-0-14 cloud-init[1084]: Cloud-init v. 0.7.9 running 'modules:config' at Mon, 09 Oct 2017 22:48:24 +0000. Up 10.42 seconds.
Oct  9 22:48:25 ip-10-0-0-14 systemd[1]: Started Apply the settings specified in cloud-config.
Oct  9 22:48:25 ip-10-0-0-14 systemd[1]: Starting Execute cloud user/final scripts...
Oct  9 22:48:26 ip-10-0-0-14 ec2: 
Oct  9 22:48:26 ip-10-0-0-14 ec2: #############################################################
Oct  9 22:48:26 ip-10-0-0-14 ec2: -----BEGIN SSH HOST KEY FINGERPRINTS-----
Oct  9 22:48:26 ip-10-0-0-14 ec2: 1024 SHA256:ThV/j4+IHKGaDkFHPFbHO0cOzvSLWh/NUy1w12BZQYo root@ip-10-0-0-14 (DSA)
Oct  9 22:48:26 ip-10-0-0-14 ec2: 256 SHA256:ioL68dUqNdIAaK4rU5gfKQ43aTu17tfxOvbd3fCQhzc root@ip-10-0-0-14 (ECDSA)
Oct  9 22:48:26 ip-10-0-0-14 ec2: 256 SHA256:wWWgRFYAB9dlrdFVzJ9MgjjV5ZFnZmCHVkuaJK9korg root@ip-10-0-0-14 (ED25519)
Oct  9 22:48:26 ip-10-0-0-14 ec2: 2048 SHA256:KINp+LzZUqq6/sy15mZRTmmXXNhu7epVwMRPlhdysxo root@ip-10-0-0-14 (RSA)
Oct  9 22:48:26 ip-10-0-0-14 ec2: -----END SSH HOST KEY FINGERPRINTS-----
Oct  9 22:48:26 ip-10-0-0-14 ec2: #############################################################
Oct  9 22:48:26 ip-10-0-0-14 cloud-init[1317]: Cloud-init v. 0.7.9 running 'modules:final' at Mon, 09 Oct 2017 22:48:26 +0000. Up 12.00 seconds.
Oct  9 22:48:26 ip-10-0-0-14 cloud-init[1317]: Cloud-init v. 0.7.9 finished at Mon, 09 Oct 2017 22:48:26 +0000. Datasource DataSourceEc2.  Up 12.19 seconds
Oct  9 22:48:26 ip-10-0-0-14 systemd[1]: Started Execute cloud user/final scripts.
Oct  9 22:48:26 ip-10-0-0-14 systemd[1]: Reached target Cloud-init target.
Oct  9 22:48:26 ip-10-0-0-14 systemd[1]: Startup finished in 3.755s (kernel) + 8.527s (userspace) = 12.283s.
Oct  9 22:48:50 ip-10-0-0-14 systemd[1]: Time has been changed
Oct  9 22:48:50 ip-10-0-0-14 systemd-timesyncd[514]: Synchronized to time server 91.189.89.199:123 (ntp.ubuntu.com).
Oct  9 22:50:20 ip-10-0-0-14 systemd[1]: Created slice User Slice of ubuntu.
Oct  9 22:50:20 ip-10-0-0-14 systemd[1]: Starting User Manager for UID 1000...
Oct  9 22:50:20 ip-10-0-0-14 systemd[1]: Started Session 1 of user ubuntu.
Oct  9 22:50:20 ip-10-0-0-14 systemd[1346]: Reached target Timers.
Oct  9 22:50:20 ip-10-0-0-14 systemd[1346]: Reached target Paths.
Oct  9 22:50:20 ip-10-0-0-14 systemd[1346]: Reached target Sockets.
Oct  9 22:50:20 ip-10-0-0-14 systemd[1346]: Reached target Basic System.
Oct  9 22:50:20 ip-10-0-0-14 systemd[1346]: Reached target Default.
Oct  9 22:50:20 ip-10-0-0-14 systemd[1346]: Startup finished in 20ms.
Oct  9 22:50:20 ip-10-0-0-14 systemd[1]: Started User Manager for UID 1000.
Oct  9 22:50:50 ip-10-0-0-14 systemd[1]: Stopped Daily apt activities.
Oct  9 22:50:50 ip-10-0-0-14 systemd[1]: Reloading.
Oct  9 22:50:50 ip-10-0-0-14 systemd[1]: Started ACPI event daemon.
Oct  9 22:50:50 ip-10-0-0-14 systemd[1]: Reloading.
Oct  9 22:50:51 ip-10-0-0-14 systemd[1]: Started ACPI event daemon.
Oct  9 22:50:51 ip-10-0-0-14 systemd[1]: Reloading.
Oct  9 22:50:51 ip-10-0-0-14 systemd[1]: Started ACPI event daemon.
Oct  9 22:50:51 ip-10-0-0-14 systemd[1]: Started Daily apt upgrade and clean activities.
Oct  9 22:50:51 ip-10-0-0-14 systemd[1]: Started Daily apt download activities.
Oct  9 22:50:53 ip-10-0-0-14 systemd[1]: Reloading.
Oct  9 22:50:53 ip-10-0-0-14 systemd[1]: Stopping LSB: Record successful boot for GRUB...
Oct  9 22:50:53 ip-10-0-0-14 systemd[1]: Started ACPI event daemon.
Oct  9 22:50:53 ip-10-0-0-14 systemd[1]: Stopped LSB: Record successful boot for GRUB.
Oct  9 22:50:53 ip-10-0-0-14 systemd[1]: Reloading.
Oct  9 22:50:53 ip-10-0-0-14 systemd[1]: Started ACPI event daemon.
Oct  9 22:50:53 ip-10-0-0-14 dbus[1111]: [system] Reloaded configuration
Oct  9 22:50:53 ip-10-0-0-14 dbus[1111]: [system] Reloaded configuration
Oct  9 22:50:53 ip-10-0-0-14 systemd[1]: Stopped LXD - main daemon.
Oct  9 22:50:54 ip-10-0-0-14 systemd[1]: Reloading.
Oct  9 22:50:54 ip-10-0-0-14 systemd[1]: Reloading.
Oct  9 22:50:54 ip-10-0-0-14 systemd[1]: Started ACPI event daemon.
Oct  9 22:50:54 ip-10-0-0-14 systemd[1]: Stopped LXD - main daemon.
Oct  9 22:50:55 ip-10-0-0-14 systemd[1]: Reloading.
Oct  9 22:50:55 ip-10-0-0-14 systemd[1]: Reloading.
Oct  9 22:50:55 ip-10-0-0-14 systemd[1]: Started ACPI event daemon.
Oct  9 22:50:59 ip-10-0-0-14 systemd[1]: Reloading.
Oct  9 22:50:59 ip-10-0-0-14 systemd[1]: Started ACPI event daemon.
Oct  9 22:50:59 ip-10-0-0-14 dbus[1111]: [system] Reloaded configuration
Oct  9 22:51:00 ip-10-0-0-14 systemd[1]: Reloading.
Oct  9 22:51:00 ip-10-0-0-14 systemd[1]: Started ACPI event daemon.
Oct  9 22:51:00 ip-10-0-0-14 systemd[1]: Stopped Auto import assertions from block devices.
Oct  9 22:51:00 ip-10-0-0-14 systemd[1]: Stopping Snappy daemon...
Oct  9 22:51:00 ip-10-0-0-14 snapd[1133]: 2017/10/09 22:51:00.544089 main.go:71: Exiting on terminated signal.
Oct  9 22:51:00 ip-10-0-0-14 /usr/lib/snapd/snapd[1133]: main.go:71: Exiting on terminated signal.
Oct  9 22:51:00 ip-10-0-0-14 systemd[1]: Stopped Snappy daemon.
Oct  9 22:51:00 ip-10-0-0-14 systemd[1]: Closed Socket activation for snappy daemon.
Oct  9 22:51:00 ip-10-0-0-14 systemd[1]: Stopped Timer to automatically refresh installed snaps.
Oct  9 22:51:02 ip-10-0-0-14 systemd[1]: Reloading.
Oct  9 22:51:02 ip-10-0-0-14 systemd[1]: message repeated 4 times: [ Reloading.]
Oct  9 22:51:02 ip-10-0-0-14 systemd[1]: Started ACPI event daemon.
Oct  9 22:51:03 ip-10-0-0-14 systemd[1]: Reloading.
Oct  9 22:51:03 ip-10-0-0-14 systemd[1]: Started ACPI event daemon.
Oct  9 22:51:04 ip-10-0-0-14 systemd[1]: Reloading.
Oct  9 22:51:04 ip-10-0-0-14 systemd[1]: Started ACPI event daemon.
Oct  9 22:51:04 ip-10-0-0-14 systemd[1]: Reloading.
Oct  9 22:51:04 ip-10-0-0-14 systemd[1]: Started ACPI event daemon.
Oct  9 22:51:06 ip-10-0-0-14 systemd[1]: Reloading.
Oct  9 22:51:06 ip-10-0-0-14 systemd[1]: message repeated 2 times: [ Reloading.]
Oct  9 22:51:06 ip-10-0-0-14 systemd[1]: Started ACPI event daemon.
Oct  9 22:51:06 ip-10-0-0-14 systemd[1]: Reloading.
Oct  9 22:51:06 ip-10-0-0-14 systemd[1]: Reloading.
Oct  9 22:51:06 ip-10-0-0-14 systemd[1]: Started ACPI event daemon.
Oct  9 22:51:15 ip-10-0-0-14 systemd[1]: Reloading.
Oct  9 22:51:15 ip-10-0-0-14 systemd[1]: Stopping LSB: MD monitoring daemon...
Oct  9 22:51:15 ip-10-0-0-14 systemd[1]: Started ACPI event daemon.
Oct  9 22:51:15 ip-10-0-0-14 mdadm[18140]:  * Stopping MD monitoring service mdadm --monitor
Oct  9 22:51:15 ip-10-0-0-14 mdadm[18140]:    ...done.
Oct  9 22:51:15 ip-10-0-0-14 systemd[1]: Stopped LSB: MD monitoring daemon.
Oct  9 22:51:15 ip-10-0-0-14 systemd[1]: Reloading.
Oct  9 22:51:15 ip-10-0-0-14 systemd[1]: Reloading.
Oct  9 22:51:15 ip-10-0-0-14 systemd[1]: Started ACPI event daemon.
Oct  9 22:51:15 ip-10-0-0-14 systemd[1]: Stopped Pollinate to seed the pseudo random number generator.
Oct  9 22:51:15 ip-10-0-0-14 systemd[1]: Reloading.
Oct  9 22:51:15 ip-10-0-0-14 systemd[1]: Reloading.
Oct  9 22:51:15 ip-10-0-0-14 systemd[1]: Started ACPI event daemon.
Oct  9 22:51:15 ip-10-0-0-14 systemd[1]: Reloading.
Oct  9 22:51:15 ip-10-0-0-14 systemd[1]: Stopping Unattended Upgrades Shutdown...
Oct  9 22:51:15 ip-10-0-0-14 systemd[1]: Started ACPI event daemon.
Oct  9 22:51:16 ip-10-0-0-14 systemd[1]: Stopped Unattended Upgrades Shutdown.
Oct  9 22:51:16 ip-10-0-0-14 systemd[1]: Reloading.
Oct  9 22:51:16 ip-10-0-0-14 systemd[1]: Started ACPI event daemon.
Oct  9 22:51:16 ip-10-0-0-14 systemd[1]: Reloading.
Oct  9 22:51:16 ip-10-0-0-14 systemd[1]: Started ACPI event daemon.
Oct  9 22:51:17 ip-10-0-0-14 systemd[1]: Reloading.
Oct  9 22:51:17 ip-10-0-0-14 systemd[1]: Started ACPI event daemon.
Oct  9 22:51:19 ip-10-0-0-14 systemd[1]: Reloading.
Oct  9 22:51:19 ip-10-0-0-14 systemd[1]: Started ACPI event daemon.
Oct  9 22:51:19 ip-10-0-0-14 systemd[1]: Reloading.
Oct  9 22:51:19 ip-10-0-0-14 systemd[1]: Started ACPI event daemon.
Oct  9 22:51:19 ip-10-0-0-14 systemd[1]: Starting LSB: Record successful boot for GRUB...
Oct  9 22:51:19 ip-10-0-0-14 systemd[1]: Started LSB: Record successful boot for GRUB.
Oct  9 22:51:21 ip-10-0-0-14 kernel: [  186.422080] SGI XFS with ACLs, security attributes, realtime, no debug enabled
Oct  9 22:51:21 ip-10-0-0-14 dbus[1111]: [system] Reloaded configuration
Oct  9 22:51:21 ip-10-0-0-14 kernel: [  186.734614] audit_printk_skb: 9 callbacks suppressed
Oct  9 22:51:21 ip-10-0-0-14 kernel: [  186.734618] audit: type=1400 audit(1507589481.585:15): apparmor="STATUS" operation="profile_replace" profile="unconfined" name="/usr/lib/lxd/lxd-bridge-proxy" pid=20669 comm="apparmor_parser"
Oct  9 22:51:21 ip-10-0-0-14 systemd[1]: Reloading.
Oct  9 22:51:22 ip-10-0-0-14 systemd[1]: Reloading.
Oct  9 22:51:22 ip-10-0-0-14 systemd[1]: Started ACPI event daemon.
Oct  9 22:51:22 ip-10-0-0-14 systemd[1]: Started LXD - container startup/shutdown.
Oct  9 22:51:22 ip-10-0-0-14 systemd[1]: Reloading.
Oct  9 22:51:22 ip-10-0-0-14 systemd[1]: Started ACPI event daemon.
Oct  9 22:51:22 ip-10-0-0-14 systemd[1]: Listening on LXD - unix socket.
Oct  9 22:51:22 ip-10-0-0-14 systemd[1]: Stopping LXD - container startup/shutdown...
Oct  9 22:51:22 ip-10-0-0-14 systemd[1]: Stopped LXD - container startup/shutdown.
Oct  9 22:51:22 ip-10-0-0-14 systemd[1]: Starting LXD - container startup/shutdown...
Oct  9 22:51:22 ip-10-0-0-14 systemd[1]: Started LXD - container startup/shutdown.
Oct  9 22:51:22 ip-10-0-0-14 systemd[1]: Reloading.
Oct  9 22:51:22 ip-10-0-0-14 systemd[1]: Started ACPI event daemon.
Oct  9 22:51:22 ip-10-0-0-14 systemd[1]: Reloading.
Oct  9 22:51:23 ip-10-0-0-14 systemd[1]: Started ACPI event daemon.
Oct  9 22:51:23 ip-10-0-0-14 systemd[1]: Reloading.
Oct  9 22:51:23 ip-10-0-0-14 systemd[1]: Stopping iSCSI initiator daemon (iscsid)...
Oct  9 22:51:23 ip-10-0-0-14 systemd[1]: Started ACPI event daemon.
Oct  9 22:51:23 ip-10-0-0-14 iscsid: iscsid shutting down.
Oct  9 22:51:23 ip-10-0-0-14 systemd[1]: Stopped iSCSI initiator daemon (iscsid).
Oct  9 22:51:23 ip-10-0-0-14 systemd[1]: Starting iSCSI initiator daemon (iscsid)...
Oct  9 22:51:23 ip-10-0-0-14 iscsid: iSCSI logger with pid=20901 started!
Oct  9 22:51:23 ip-10-0-0-14 systemd[1]: Started iSCSI initiator daemon (iscsid).
Oct  9 22:51:23 ip-10-0-0-14 iscsid: iSCSI daemon with pid=20902 started!
Oct  9 22:51:23 ip-10-0-0-14 systemd[1]: Reloading.
Oct  9 22:51:23 ip-10-0-0-14 systemd[1]: Started Login to default iSCSI targets.
Oct  9 22:51:23 ip-10-0-0-14 systemd[1]: Started ACPI event daemon.
Oct  9 22:51:24 ip-10-0-0-14 systemd[1]: Reloading.
Oct  9 22:51:24 ip-10-0-0-14 systemd[1]: Started ACPI event daemon.
Oct  9 22:51:24 ip-10-0-0-14 kernel: [  189.628903] audit: type=1400 audit(1507589484.481:16): apparmor="STATUS" operation="profile_replace" profile="unconfined" name="lxc-container-default" pid=21017 comm="apparmor_parser"
Oct  9 22:51:24 ip-10-0-0-14 kernel: [  189.629303] audit: type=1400 audit(1507589484.481:17): apparmor="STATUS" operation="profile_replace" profile="unconfined" name="lxc-container-default-cgns" pid=21017 comm="apparmor_parser"
Oct  9 22:51:24 ip-10-0-0-14 kernel: [  189.629612] audit: type=1400 audit(1507589484.481:18): apparmor="STATUS" operation="profile_replace" profile="unconfined" name="lxc-container-default-with-mounting" pid=21017 comm="apparmor_parser"
Oct  9 22:51:24 ip-10-0-0-14 kernel: [  189.629966] audit: type=1400 audit(1507589484.481:19): apparmor="STATUS" operation="profile_replace" profile="unconfined" name="lxc-container-default-with-nesting" pid=21017 comm="apparmor_parser"
Oct  9 22:51:24 ip-10-0-0-14 kernel: [  189.775011] audit: type=1400 audit(1507589484.625:20): apparmor="STATUS" operation="profile_replace" profile="unconfined" name="/sbin/dhclient" pid=21019 comm="apparmor_parser"
Oct  9 22:51:24 ip-10-0-0-14 kernel: [  189.775362] audit: type=1400 audit(1507589484.625:21): apparmor="STATUS" operation="profile_replace" profile="unconfined" name="/usr/lib/NetworkManager/nm-dhcp-client.action" pid=21019 comm="apparmor_parser"
Oct  9 22:51:24 ip-10-0-0-14 kernel: [  189.775620] audit: type=1400 audit(1507589484.625:22): apparmor="STATUS" operation="profile_replace" profile="unconfined" name="/usr/lib/NetworkManager/nm-dhcp-helper" pid=21019 comm="apparmor_parser"
Oct  9 22:51:24 ip-10-0-0-14 kernel: [  189.775892] audit: type=1400 audit(1507589484.625:23): apparmor="STATUS" operation="profile_replace" profile="unconfined" name="/usr/lib/connman/scripts/dhclient-script" pid=21019 comm="apparmor_parser"
Oct  9 22:51:24 ip-10-0-0-14 kernel: [  189.784857] audit: type=1400 audit(1507589484.637:24): apparmor="STATUS" operation="profile_replace" profile="unconfined" name="/usr/bin/lxc-start" pid=21021 comm="apparmor_parser"
Oct  9 22:51:26 ip-10-0-0-14 systemd[1]: Reloading.
Oct  9 22:51:27 ip-10-0-0-14 systemd[1]: Started ACPI event daemon.
Oct  9 22:51:27 ip-10-0-0-14 systemd[1]: Reloading.
Oct  9 22:51:27 ip-10-0-0-14 systemd[1]: Reloading.
Oct  9 22:51:27 ip-10-0-0-14 systemd[1]: Started ACPI event daemon.
Oct  9 22:51:27 ip-10-0-0-14 systemd[1]: Started Timer to automatically refresh installed snaps.
Oct  9 22:51:27 ip-10-0-0-14 systemd[1]: Reloading.
Oct  9 22:51:27 ip-10-0-0-14 systemd[1]: Started ACPI event daemon.
Oct  9 22:51:27 ip-10-0-0-14 systemd[1]: Starting Socket activation for snappy daemon.
Oct  9 22:51:27 ip-10-0-0-14 systemd[1]: Listening on Socket activation for snappy daemon.
Oct  9 22:51:27 ip-10-0-0-14 systemd[1]: Reloading.
Oct  9 22:51:27 ip-10-0-0-14 systemd[1]: Started ACPI event daemon.
Oct  9 22:51:27 ip-10-0-0-14 systemd[1]: Starting Snappy daemon...
Oct  9 22:51:27 ip-10-0-0-14 snapd[24531]: 2017/10/09 22:51:27.869918 daemon.go:252: started snapd/2.27.5 (series 16; classic) ubuntu/16.04 (amd64) linux/4.4.0-1022-aws.
Oct  9 22:51:27 ip-10-0-0-14 snapd[24531]: 2017/10/09 22:51:27.870453 snapmgr.go:429: No snaps to auto-refresh found
Oct  9 22:51:27 ip-10-0-0-14 systemd[1]: Started Snappy daemon.
Oct  9 22:51:27 ip-10-0-0-14 systemd[1]: Reloading.
Oct  9 22:51:27 ip-10-0-0-14 systemd[1]: Started ACPI event daemon.
Oct  9 22:51:27 ip-10-0-0-14 systemd[1]: Starting Auto import assertions from block devices...
Oct  9 22:51:27 ip-10-0-0-14 snap[24565]: auto-import is disabled on classic
Oct  9 22:51:27 ip-10-0-0-14 systemd[1]: Started Auto import assertions from block devices.
Oct  9 22:51:27 ip-10-0-0-14 systemd[1]: Reloading.
Oct  9 22:51:28 ip-10-0-0-14 systemd[1]: Started ACPI event daemon.
Oct  9 22:51:28 ip-10-0-0-14 systemd[1]: Reloading.
Oct  9 22:51:28 ip-10-0-0-14 systemd[1]: Started ACPI event daemon.
Oct  9 22:51:28 ip-10-0-0-14 systemd[1]: Reloading.
Oct  9 22:51:28 ip-10-0-0-14 systemd[1]: Started ACPI event daemon.
Oct  9 22:51:28 ip-10-0-0-14 systemd[1]: Reloading.
Oct  9 22:51:28 ip-10-0-0-14 systemd[1]: Started ACPI event daemon.
Oct  9 22:51:29 ip-10-0-0-14 systemd[1]: Reloading.
Oct  9 22:51:29 ip-10-0-0-14 systemd[1]: Started ACPI event daemon.
Oct  9 22:51:29 ip-10-0-0-14 systemd[1]: Reloading.
Oct  9 22:51:29 ip-10-0-0-14 systemd[1]: Started ACPI event daemon.
Oct  9 22:51:34 ip-10-0-0-14 systemd[1]: Reloading.
Oct  9 22:51:34 ip-10-0-0-14 systemd[1]: Started ACPI event daemon.
Oct  9 22:51:34 ip-10-0-0-14 systemd[1]: Reloading.
Oct  9 22:51:34 ip-10-0-0-14 systemd[1]: Started ACPI event daemon.
Oct  9 22:51:34 ip-10-0-0-14 systemd[1]: Reloading.
Oct  9 22:51:34 ip-10-0-0-14 systemd[1]: Starting LSB: MD monitoring daemon...
Oct  9 22:51:34 ip-10-0-0-14 systemd[1]: Started ACPI event daemon.
Oct  9 22:51:34 ip-10-0-0-14 mdadm[29611]:  * Starting MD monitoring service mdadm --monitor
Oct  9 22:51:34 ip-10-0-0-14 mdadm[29611]:    ...done.
Oct  9 22:51:34 ip-10-0-0-14 systemd[1]: Started LSB: MD monitoring daemon.
Oct  9 22:51:34 ip-10-0-0-14 systemd[1]: Reloading.
Oct  9 22:51:34 ip-10-0-0-14 systemd[1]: Started ACPI event daemon.
Oct  9 22:51:34 ip-10-0-0-14 systemd[1]: Reloading.
Oct  9 22:51:35 ip-10-0-0-14 systemd[1]: Started ACPI event daemon.
Oct  9 22:51:35 ip-10-0-0-14 systemd[1]: Reloading.
Oct  9 22:51:35 ip-10-0-0-14 systemd[1]: Started ACPI event daemon.
Oct  9 22:51:35 ip-10-0-0-14 systemd[1]: Reloading.
Oct  9 22:51:35 ip-10-0-0-14 systemd[1]: Started Unattended Upgrades Shutdown.
Oct  9 22:51:35 ip-10-0-0-14 systemd[1]: Started ACPI event daemon.
Oct  9 22:59:14 ip-10-0-0-14 systemd[1]: Stopping Authenticate and Authorize Users to Run Privileged Tasks...
Oct  9 22:59:14 ip-10-0-0-14 systemd[1]: Closed Load/Save RF Kill Switch Status /dev/rfkill Watch.
Oct  9 22:59:14 ip-10-0-0-14 systemd[1]: Stopped target Timers.
Oct  9 22:59:14 ip-10-0-0-14 systemd[1]: Stopped Daily Cleanup of Temporary Directories.
Oct  9 22:59:14 ip-10-0-0-14 systemd[1]: Stopped target Graphical Interface.
Oct  9 22:59:14 ip-10-0-0-14 systemd[1]: Stopping Accounts Service...
Oct  9 22:59:14 ip-10-0-0-14 systemd[1]: Stopping Session 1 of user ubuntu.
Oct  9 22:59:14 ip-10-0-0-14 systemd[1]: Stopped Timer to automatically refresh installed snaps.
Oct  9 22:59:14 ip-10-0-0-14 systemd[1]: Stopped Daily apt upgrade and clean activities.
Oct  9 22:59:14 ip-10-0-0-14 systemd[1]: Stopped target Cloud-init target.
Oct  9 22:59:14 ip-10-0-0-14 systemd[1]: Stopping User Manager for UID 1000...
Oct  9 22:59:14 ip-10-0-0-14 systemd[1346]: Reached target Shutdown.
Oct  9 22:59:14 ip-10-0-0-14 systemd[1346]: Starting Exit the Session...
Oct  9 22:59:14 ip-10-0-0-14 systemd[1346]: Stopped target Default.
Oct  9 22:59:14 ip-10-0-0-14 systemd[1346]: Stopped target Basic System.
Oct  9 22:59:14 ip-10-0-0-14 systemd[1346]: Stopped target Timers.
Oct  9 22:59:14 ip-10-0-0-14 systemd[1346]: Stopped target Paths.
Oct  9 22:59:14 ip-10-0-0-14 systemd[1346]: Stopped target Sockets.
Oct  9 22:59:14 ip-10-0-0-14 systemd[1]: Stopped Execute cloud user/final scripts.
Oct  9 22:59:14 ip-10-0-0-14 systemd[1]: Stopped target Multi-User System.
Oct  9 22:59:14 ip-10-0-0-14 systemd[1]: Stopping LSB: daemon to balance interrupts for SMP systems...
Oct  9 22:59:14 ip-10-0-0-14 systemd[1346]: Received SIGRTMIN+24 from PID 3411 (kill).
Oct  9 22:59:14 ip-10-0-0-14 systemd[1]: Stopping OpenBSD Secure Shell server...
Oct  9 22:59:14 ip-10-0-0-14 systemd[1]: Stopped target Login Prompts.
Oct  9 22:59:14 ip-10-0-0-14 systemd[1]: Stopping Getty on tty1...
Oct  9 22:59:14 ip-10-0-0-14 systemd[1]: Stopping Serial Getty on ttyS0...
Oct  9 22:59:14 ip-10-0-0-14 snapd[24531]: 2017/10/09 22:59:14.861565 main.go:78: Exiting on terminated signal.
Oct  9 22:59:14 ip-10-0-0-14 systemd[1]: Stopping Snappy daemon...
Oct  9 22:59:14 ip-10-0-0-14 systemd[1]: Stopping LSB: Set the CPU Frequency Scaling governor to "ondemand"...
Oct  9 22:59:14 ip-10-0-0-14 systemd[1]: Stopping Unattended Upgrades Shutdown...
Oct  9 22:59:14 ip-10-0-0-14 systemd[1]: Stopping FUSE filesystem for LXC...
Oct  9 22:59:14 ip-10-0-0-14 systemd[1]: Stopping LSB: Record successful boot for GRUB...
Oct  9 22:59:14 ip-10-0-0-14 systemd[1]: Stopping Deferred execution scheduler...
Oct  9 22:59:14 ip-10-0-0-14 systemd[1]: Stopping LSB: automatic crash report generation...
Oct  9 22:59:14 ip-10-0-0-14 systemd[1]: Stopping LSB: MD monitoring daemon...
Oct  9 22:59:14 ip-10-0-0-14 systemd[1]: Stopping Regular background program processing daemon...
Oct  9 22:59:14 ip-10-0-0-14 systemd[1]: Stopped Apply the settings specified in cloud-config.
Oct  9 22:59:14 ip-10-0-0-14 systemd[1]: Stopped target Cloud-config availability.
Oct  9 22:59:14 ip-10-0-0-14 systemd[1]: Stopping LXD - container startup/shutdown...
Oct  9 22:59:14 ip-10-0-0-14 rsyslogd: [origin software="rsyslogd" swVersion="8.16.0" x-pid="1138" x-info="http://www.rsyslog.com"] exiting on signal 15.
Oct 16 16:24:23 ip-10-0-0-14 rsyslogd: [origin software="rsyslogd" swVersion="8.16.0" x-pid="1151" x-info="http://www.rsyslog.com"] start
Oct 16 16:24:23 ip-10-0-0-14 rsyslogd-2222: command 'KLogPermitNonKernelFacility' is currently not permitted - did you already set it via a RainerScript command (v6+ config)? [v8.16.0 try http://www.rsyslog.com/e/2222 ]
Oct 16 16:24:23 ip-10-0-0-14 rsyslogd: rsyslogd's groupid changed to 108
Oct 16 16:24:23 ip-10-0-0-14 rsyslogd: rsyslogd's userid changed to 104
Oct 16 16:24:23 ip-10-0-0-14 rsyslogd-2039: Could not open output pipe '/dev/xconsole':: No such file or directory [v8.16.0 try http://www.rsyslog.com/e/2039 ]
Oct 16 16:24:23 ip-10-0-0-14 rsyslogd-2007: action 'action 11' suspended, next retry is Mon Oct 16 16:24:53 2017 [v8.16.0 try http://www.rsyslog.com/e/2007 ]
Oct 16 16:24:23 ip-10-0-0-14 kernel: [    0.000000] Initializing cgroup subsys cpuset
Oct 16 16:24:23 ip-10-0-0-14 kernel: [    0.000000] Initializing cgroup subsys cpu
Oct 16 16:24:23 ip-10-0-0-14 kernel: [    0.000000] Initializing cgroup subsys cpuacct
Oct 16 16:24:23 ip-10-0-0-14 kernel: [    0.000000] Linux version 4.4.0-1037-aws (buildd@lgw01-amd64-032) (gcc version 5.4.0 20160609 (Ubuntu 5.4.0-6ubuntu1~16.04.4) ) #46-Ubuntu SMP Wed Sep 27 19:05:49 UTC 2017 (Ubuntu 4.4.0-1037.46-aws 4.4.83)
Oct 16 16:24:23 ip-10-0-0-14 kernel: [    0.000000] Command line: BOOT_IMAGE=/boot/vmlinuz-4.4.0-1037-aws root=UUID=3e13556e-d28d-407b-bcc6-97160eafebe1 ro console=tty1 console=ttyS0
Oct 16 16:24:23 ip-10-0-0-14 kernel: [    0.000000] KERNEL supported cpus:
Oct 16 16:24:23 ip-10-0-0-14 kernel: [    0.000000]   Intel GenuineIntel
Oct 16 16:24:23 ip-10-0-0-14 kernel: [    0.000000]   AMD AuthenticAMD
Oct 16 16:24:23 ip-10-0-0-14 kernel: [    0.000000]   Centaur CentaurHauls
Oct 16 16:24:23 ip-10-0-0-14 kernel: [    0.000000] x86/fpu: xstate_offset[2]:  576, xstate_sizes[2]:  256
Oct 16 16:24:23 ip-10-0-0-14 kernel: [    0.000000] x86/fpu: Supporting XSAVE feature 0x01: 'x87 floating point registers'
Oct 16 16:24:23 ip-10-0-0-14 kernel: [    0.000000] x86/fpu: Supporting XSAVE feature 0x02: 'SSE registers'
Oct 16 16:24:23 ip-10-0-0-14 kernel: [    0.000000] x86/fpu: Supporting XSAVE feature 0x04: 'AVX registers'
Oct 16 16:24:23 ip-10-0-0-14 kernel: [    0.000000] x86/fpu: Enabled xstate features 0x7, context size is 832 bytes, using 'standard' format.
Oct 16 16:24:23 ip-10-0-0-14 kernel: [    0.000000] x86/fpu: Using 'eager' FPU context switches.
Oct 16 16:24:23 ip-10-0-0-14 kernel: [    0.000000] e820: BIOS-provided physical RAM map:
Oct 16 16:24:23 ip-10-0-0-14 kernel: [    0.000000] BIOS-e820: [mem 0x0000000000000000-0x000000000009dfff] usable
Oct 16 16:24:23 ip-10-0-0-14 kernel: [    0.000000] BIOS-e820: [mem 0x000000000009e000-0x000000000009ffff] reserved
Oct 16 16:24:23 ip-10-0-0-14 kernel: [    0.000000] BIOS-e820: [mem 0x00000000000e0000-0x00000000000fffff] reserved
Oct 16 16:24:23 ip-10-0-0-14 kernel: [    0.000000] BIOS-e820: [mem 0x0000000000100000-0x000000003fffffff] usable
Oct 16 16:24:23 ip-10-0-0-14 kernel: [    0.000000] BIOS-e820: [mem 0x00000000fc000000-0x00000000ffffffff] reserved
Oct 16 16:24:23 ip-10-0-0-14 kernel: [    0.000000] NX (Execute Disable) protection: active
Oct 16 16:24:23 ip-10-0-0-14 kernel: [    0.000000] SMBIOS 2.4 present.
Oct 16 16:24:23 ip-10-0-0-14 kernel: [    0.000000] DMI: Xen HVM domU, BIOS 4.2.amazon 02/16/2017
Oct 16 16:24:23 ip-10-0-0-14 kernel: [    0.000000] Hypervisor detected: Xen
Oct 16 16:24:23 ip-10-0-0-14 kernel: [    0.000000] Xen version 4.2.
Oct 16 16:24:23 ip-10-0-0-14 kernel: [    0.000000] Xen Platform PCI: I/O protocol version 1
Oct 16 16:24:23 ip-10-0-0-14 kernel: [    0.000000] Netfront and the Xen platform PCI driver have been compiled for this kernel: unplug emulated NICs.
Oct 16 16:24:23 ip-10-0-0-14 kernel: [    0.000000] Blkfront and the Xen platform PCI driver have been compiled for this kernel: unplug emulated disks.
Oct 16 16:24:23 ip-10-0-0-14 kernel: [    0.000000] You might have to change the root device
Oct 16 16:24:23 ip-10-0-0-14 kernel: [    0.000000] from /dev/hd[a-d] to /dev/xvd[a-d]
Oct 16 16:24:23 ip-10-0-0-14 kernel: [    0.000000] in your root= kernel command line option
Oct 16 16:24:23 ip-10-0-0-14 kernel: [    0.000000] HVMOP_pagetable_dying not supported
Oct 16 16:24:23 ip-10-0-0-14 kernel: [    0.000000] e820: update [mem 0x00000000-0x00000fff] usable ==> reserved
Oct 16 16:24:23 ip-10-0-0-14 kernel: [    0.000000] e820: remove [mem 0x000a0000-0x000fffff] usable
Oct 16 16:24:23 ip-10-0-0-14 kernel: [    0.000000] e820: last_pfn = 0x40000 max_arch_pfn = 0x400000000
Oct 16 16:24:23 ip-10-0-0-14 kernel: [    0.000000] MTRR default type: write-back
Oct 16 16:24:23 ip-10-0-0-14 kernel: [    0.000000] MTRR fixed ranges enabled:
Oct 16 16:24:23 ip-10-0-0-14 kernel: [    0.000000]   00000-9FFFF write-back
Oct 16 16:24:23 ip-10-0-0-14 kernel: [    0.000000]   A0000-BFFFF write-combining
Oct 16 16:24:23 ip-10-0-0-14 kernel: [    0.000000]   C0000-FFFFF write-back
Oct 16 16:24:23 ip-10-0-0-14 kernel: [    0.000000] MTRR variable ranges enabled:
Oct 16 16:24:23 ip-10-0-0-14 kernel: [    0.000000]   0 base 0000F0000000 mask 3FFFF8000000 uncachable
Oct 16 16:24:23 ip-10-0-0-14 kernel: [    0.000000]   1 base 0000F8000000 mask 3FFFFC000000 uncachable
Oct 16 16:24:23 ip-10-0-0-14 kernel: [    0.000000]   2 disabled
Oct 16 16:24:23 ip-10-0-0-14 kernel: [    0.000000]   3 disabled
Oct 16 16:24:23 ip-10-0-0-14 kernel: [    0.000000]   4 disabled
Oct 16 16:24:23 ip-10-0-0-14 kernel: [    0.000000]   5 disabled
Oct 16 16:24:23 ip-10-0-0-14 kernel: [    0.000000]   6 disabled
Oct 16 16:24:23 ip-10-0-0-14 kernel: [    0.000000]   7 disabled
